
> talawa-admin@3.0.0 test
> vitest run src/components/AddPeopleToTag/AddPeopleToTag.spec.tsx


 RUN  v3.2.4 /Users/devanshvashisht/Desktop/palisadose-talawa/talawa-admin
      Coverage enabled with istanbul

stderr | src/components/AddPeopleToTag/AddPeopleToTag.spec.tsx > Organisation Tags Page > Component loads correctly
An error occurred! For more details, see the full error text at https://go.apollo.dev/c/err#%7B%22version%22%3A%223.14.0%22%2C%22message%22%3A104%2C%22args%22%3A%5B%22MockedProvider%22%2C%22addTypename%22%2C%22Please%20remove%20the%20%60addTypename%60%20prop.%20For%20best%20results%2C%20ensure%20the%20provided%20%60mocks%60%20include%20a%20%60__typename%60%20property%20on%20all%20mock%20objects%20to%20ensure%20the%20cache%20more%20closely%20behaves%20like%20production.%22%5D%7D
An error occurred! For more details, see the full error text at https://go.apollo.dev/c/err#%7B%22version%22%3A%223.14.0%22%2C%22message%22%3A104%2C%22args%22%3A%5B%22cache.diff%22%2C%22canonizeResults%22%2C%22Please%20remove%20this%20option.%22%5D%7D

(node:57964) TimeoutNaNWarning: NaN is not a number.
Timeout duration was set to 1.
(Use `node --trace-warnings ...` to show where the warning was created)
stderr | src/components/AddPeopleToTag/AddPeopleToTag.spec.tsx > Organisation Tags Page > Component loads correctly
An error occurred! For more details, see the full error text at https://go.apollo.dev/c/err#%7B%22version%22%3A%223.14.0%22%2C%22message%22%3A104%2C%22args%22%3A%5B%22cache.diff%22%2C%22canonizeResults%22%2C%22Please%20remove%20this%20option.%22%5D%7D

stderr | src/components/AddPeopleToTag/AddPeopleToTag.spec.tsx > Organisation Tags Page > Renders error component when when query is unsuccessful
An error occurred! For more details, see the full error text at https://go.apollo.dev/c/err#%7B%22version%22%3A%223.14.0%22%2C%22message%22%3A104%2C%22args%22%3A%5B%22MockedProvider%22%2C%22addTypename%22%2C%22Please%20remove%20the%20%60addTypename%60%20prop.%20For%20best%20results%2C%20ensure%20the%20provided%20%60mocks%60%20include%20a%20%60__typename%60%20property%20on%20all%20mock%20objects%20to%20ensure%20the%20cache%20more%20closely%20behaves%20like%20production.%22%5D%7D
An error occurred! For more details, see the full error text at https://go.apollo.dev/c/err#%7B%22version%22%3A%223.14.0%22%2C%22message%22%3A104%2C%22args%22%3A%5B%22cache.diff%22%2C%22canonizeResults%22%2C%22Please%20remove%20this%20option.%22%5D%7D

stderr | src/components/AddPeopleToTag/AddPeopleToTag.spec.tsx > Organisation Tags Page > Selects and deselects members to assign to
An error occurred! For more details, see the full error text at https://go.apollo.dev/c/err#%7B%22version%22%3A%223.14.0%22%2C%22message%22%3A104%2C%22args%22%3A%5B%22MockedProvider%22%2C%22addTypename%22%2C%22Please%20remove%20the%20%60addTypename%60%20prop.%20For%20best%20results%2C%20ensure%20the%20provided%20%60mocks%60%20include%20a%20%60__typename%60%20property%20on%20all%20mock%20objects%20to%20ensure%20the%20cache%20more%20closely%20behaves%20like%20production.%22%5D%7D
An error occurred! For more details, see the full error text at https://go.apollo.dev/c/err#%7B%22version%22%3A%223.14.0%22%2C%22message%22%3A104%2C%22args%22%3A%5B%22cache.diff%22%2C%22canonizeResults%22%2C%22Please%20remove%20this%20option.%22%5D%7D

stderr | src/components/AddPeopleToTag/AddPeopleToTag.spec.tsx > Organisation Tags Page > Selects and deselects members to assign to
An error occurred! For more details, see the full error text at https://go.apollo.dev/c/err#%7B%22version%22%3A%223.14.0%22%2C%22message%22%3A104%2C%22args%22%3A%5B%22cache.diff%22%2C%22canonizeResults%22%2C%22Please%20remove%20this%20option.%22%5D%7D

stderr | src/components/AddPeopleToTag/AddPeopleToTag.spec.tsx > Organisation Tags Page > searchs for tags where the firstName matches the provided firstName search input
An error occurred! For more details, see the full error text at https://go.apollo.dev/c/err#%7B%22version%22%3A%223.14.0%22%2C%22message%22%3A104%2C%22args%22%3A%5B%22MockedProvider%22%2C%22addTypename%22%2C%22Please%20remove%20the%20%60addTypename%60%20prop.%20For%20best%20results%2C%20ensure%20the%20provided%20%60mocks%60%20include%20a%20%60__typename%60%20property%20on%20all%20mock%20objects%20to%20ensure%20the%20cache%20more%20closely%20behaves%20like%20production.%22%5D%7D
An error occurred! For more details, see the full error text at https://go.apollo.dev/c/err#%7B%22version%22%3A%223.14.0%22%2C%22message%22%3A104%2C%22args%22%3A%5B%22cache.diff%22%2C%22canonizeResults%22%2C%22Please%20remove%20this%20option.%22%5D%7D

stderr | src/components/AddPeopleToTag/AddPeopleToTag.spec.tsx > Organisation Tags Page > searchs for tags where the firstName matches the provided firstName search input
An error occurred! For more details, see the full error text at https://go.apollo.dev/c/err#%7B%22version%22%3A%223.14.0%22%2C%22message%22%3A104%2C%22args%22%3A%5B%22cache.diff%22%2C%22canonizeResults%22%2C%22Please%20remove%20this%20option.%22%5D%7D

stderr | src/components/AddPeopleToTag/AddPeopleToTag.spec.tsx > Organisation Tags Page > searchs for tags where the firstName matches the provided firstName search input
An error occurred! For more details, see the full error text at https://go.apollo.dev/c/err#%7B%22version%22%3A%223.14.0%22%2C%22message%22%3A104%2C%22args%22%3A%5B%22cache.diff%22%2C%22canonizeResults%22%2C%22Please%20remove%20this%20option.%22%5D%7D

stderr | src/components/AddPeopleToTag/AddPeopleToTag.spec.tsx > Organisation Tags Page > searchs for tags where the firstName matches the provided firstName search input
An error occurred! For more details, see the full error text at https://go.apollo.dev/c/err#%7B%22version%22%3A%223.14.0%22%2C%22message%22%3A104%2C%22args%22%3A%5B%22cache.diff%22%2C%22canonizeResults%22%2C%22Please%20remove%20this%20option.%22%5D%7D

stderr | src/components/AddPeopleToTag/AddPeopleToTag.spec.tsx > Organisation Tags Page > searchs for tags where the lastName matches the provided lastName search input
An error occurred! For more details, see the full error text at https://go.apollo.dev/c/err#%7B%22version%22%3A%223.14.0%22%2C%22message%22%3A104%2C%22args%22%3A%5B%22MockedProvider%22%2C%22addTypename%22%2C%22Please%20remove%20the%20%60addTypename%60%20prop.%20For%20best%20results%2C%20ensure%20the%20provided%20%60mocks%60%20include%20a%20%60__typename%60%20property%20on%20all%20mock%20objects%20to%20ensure%20the%20cache%20more%20closely%20behaves%20like%20production.%22%5D%7D
An error occurred! For more details, see the full error text at https://go.apollo.dev/c/err#%7B%22version%22%3A%223.14.0%22%2C%22message%22%3A104%2C%22args%22%3A%5B%22cache.diff%22%2C%22canonizeResults%22%2C%22Please%20remove%20this%20option.%22%5D%7D

stderr | src/components/AddPeopleToTag/AddPeopleToTag.spec.tsx > Organisation Tags Page > searchs for tags where the lastName matches the provided lastName search input
An error occurred! For more details, see the full error text at https://go.apollo.dev/c/err#%7B%22version%22%3A%223.14.0%22%2C%22message%22%3A104%2C%22args%22%3A%5B%22cache.diff%22%2C%22canonizeResults%22%2C%22Please%20remove%20this%20option.%22%5D%7D

stderr | src/components/AddPeopleToTag/AddPeopleToTag.spec.tsx > Organisation Tags Page > searchs for tags where the lastName matches the provided lastName search input
An error occurred! For more details, see the full error text at https://go.apollo.dev/c/err#%7B%22version%22%3A%223.14.0%22%2C%22message%22%3A104%2C%22args%22%3A%5B%22cache.diff%22%2C%22canonizeResults%22%2C%22Please%20remove%20this%20option.%22%5D%7D

stderr | src/components/AddPeopleToTag/AddPeopleToTag.spec.tsx > Organisation Tags Page > searchs for tags where the lastName matches the provided lastName search input
An error occurred! For more details, see the full error text at https://go.apollo.dev/c/err#%7B%22version%22%3A%223.14.0%22%2C%22message%22%3A104%2C%22args%22%3A%5B%22cache.diff%22%2C%22canonizeResults%22%2C%22Please%20remove%20this%20option.%22%5D%7D

stderr | src/components/AddPeopleToTag/AddPeopleToTag.spec.tsx > Organisation Tags Page > Renders more members with infinite scroll
An error occurred! For more details, see the full error text at https://go.apollo.dev/c/err#%7B%22version%22%3A%223.14.0%22%2C%22message%22%3A104%2C%22args%22%3A%5B%22MockedProvider%22%2C%22addTypename%22%2C%22Please%20remove%20the%20%60addTypename%60%20prop.%20For%20best%20results%2C%20ensure%20the%20provided%20%60mocks%60%20include%20a%20%60__typename%60%20property%20on%20all%20mock%20objects%20to%20ensure%20the%20cache%20more%20closely%20behaves%20like%20production.%22%5D%7D
An error occurred! For more details, see the full error text at https://go.apollo.dev/c/err#%7B%22version%22%3A%223.14.0%22%2C%22message%22%3A104%2C%22args%22%3A%5B%22cache.diff%22%2C%22canonizeResults%22%2C%22Please%20remove%20this%20option.%22%5D%7D

stderr | src/components/AddPeopleToTag/AddPeopleToTag.spec.tsx > Organisation Tags Page > Renders more members with infinite scroll
An error occurred! For more details, see the full error text at https://go.apollo.dev/c/err#%7B%22version%22%3A%223.14.0%22%2C%22message%22%3A104%2C%22args%22%3A%5B%22cache.diff%22%2C%22canonizeResults%22%2C%22Please%20remove%20this%20option.%22%5D%7D

stderr | src/components/AddPeopleToTag/AddPeopleToTag.spec.tsx > Organisation Tags Page > Toasts error when no one is selected while assigning
An error occurred! For more details, see the full error text at https://go.apollo.dev/c/err#%7B%22version%22%3A%223.14.0%22%2C%22message%22%3A104%2C%22args%22%3A%5B%22MockedProvider%22%2C%22addTypename%22%2C%22Please%20remove%20the%20%60addTypename%60%20prop.%20For%20best%20results%2C%20ensure%20the%20provided%20%60mocks%60%20include%20a%20%60__typename%60%20property%20on%20all%20mock%20objects%20to%20ensure%20the%20cache%20more%20closely%20behaves%20like%20production.%22%5D%7D
An error occurred! For more details, see the full error text at https://go.apollo.dev/c/err#%7B%22version%22%3A%223.14.0%22%2C%22message%22%3A104%2C%22args%22%3A%5B%22cache.diff%22%2C%22canonizeResults%22%2C%22Please%20remove%20this%20option.%22%5D%7D

stderr | src/components/AddPeopleToTag/AddPeopleToTag.spec.tsx > Organisation Tags Page > Toasts error when no one is selected while assigning
An error occurred! For more details, see the full error text at https://go.apollo.dev/c/err#%7B%22version%22%3A%223.14.0%22%2C%22message%22%3A104%2C%22args%22%3A%5B%22cache.diff%22%2C%22canonizeResults%22%2C%22Please%20remove%20this%20option.%22%5D%7D

stderr | src/components/AddPeopleToTag/AddPeopleToTag.spec.tsx > Organisation Tags Page > Assigns tag to multiple people
An error occurred! For more details, see the full error text at https://go.apollo.dev/c/err#%7B%22version%22%3A%223.14.0%22%2C%22message%22%3A104%2C%22args%22%3A%5B%22MockedProvider%22%2C%22addTypename%22%2C%22Please%20remove%20the%20%60addTypename%60%20prop.%20For%20best%20results%2C%20ensure%20the%20provided%20%60mocks%60%20include%20a%20%60__typename%60%20property%20on%20all%20mock%20objects%20to%20ensure%20the%20cache%20more%20closely%20behaves%20like%20production.%22%5D%7D
An error occurred! For more details, see the full error text at https://go.apollo.dev/c/err#%7B%22version%22%3A%223.14.0%22%2C%22message%22%3A104%2C%22args%22%3A%5B%22cache.diff%22%2C%22canonizeResults%22%2C%22Please%20remove%20this%20option.%22%5D%7D

stderr | src/components/AddPeopleToTag/AddPeopleToTag.spec.tsx > Organisation Tags Page > Assigns tag to multiple people
An error occurred! For more details, see the full error text at https://go.apollo.dev/c/err#%7B%22version%22%3A%223.14.0%22%2C%22message%22%3A104%2C%22args%22%3A%5B%22cache.diff%22%2C%22canonizeResults%22%2C%22Please%20remove%20this%20option.%22%5D%7D

stderr | src/components/AddPeopleToTag/AddPeopleToTag.spec.tsx > Organisation Tags Page > Displays "no more members found" overlay when data is empty
An error occurred! For more details, see the full error text at https://go.apollo.dev/c/err#%7B%22version%22%3A%223.14.0%22%2C%22message%22%3A104%2C%22args%22%3A%5B%22MockedProvider%22%2C%22addTypename%22%2C%22Please%20remove%20the%20%60addTypename%60%20prop.%20For%20best%20results%2C%20ensure%20the%20provided%20%60mocks%60%20include%20a%20%60__typename%60%20property%20on%20all%20mock%20objects%20to%20ensure%20the%20cache%20more%20closely%20behaves%20like%20production.%22%5D%7D
An error occurred! For more details, see the full error text at https://go.apollo.dev/c/err#%7B%22version%22%3A%223.14.0%22%2C%22message%22%3A104%2C%22args%22%3A%5B%22cache.diff%22%2C%22canonizeResults%22%2C%22Please%20remove%20this%20option.%22%5D%7D

stderr | src/components/AddPeopleToTag/AddPeopleToTag.spec.tsx > Organisation Tags Page > Displays "no more members found" overlay when data is empty
An error occurred! For more details, see the full error text at https://go.apollo.dev/c/err#%7B%22version%22%3A%223.14.0%22%2C%22message%22%3A13%2C%22args%22%3A%5B%22name%22%2C%22%7B%5Cn%20%20%5C%22usersToAssignTo%5C%22%3A%20%7B%5Cn%20%20%20%20%5C%22edges%5C%22%3A%20%5B%5D%2C%5Cn%20%20%20%20%5C%22pageInfo%5C%22%3A%20%7B%5Cn%20%20%20%20%20%20%5C%22hasNextPage%5C%22%3A%20false%5Cn%20%20%20%20%7D%5Cn%20%20%7D%5Cn%7D%22%5D%7D
An error occurred! For more details, see the full error text at https://go.apollo.dev/c/err#%7B%22version%22%3A%223.14.0%22%2C%22message%22%3A13%2C%22args%22%3A%5B%22startCursor%22%2C%22%7B%5Cn%20%20%5C%22hasNextPage%5C%22%3A%20false%5Cn%7D%22%5D%7D
An error occurred! For more details, see the full error text at https://go.apollo.dev/c/err#%7B%22version%22%3A%223.14.0%22%2C%22message%22%3A13%2C%22args%22%3A%5B%22endCursor%22%2C%22%7B%5Cn%20%20%5C%22hasNextPage%5C%22%3A%20false%5Cn%7D%22%5D%7D
An error occurred! For more details, see the full error text at https://go.apollo.dev/c/err#%7B%22version%22%3A%223.14.0%22%2C%22message%22%3A13%2C%22args%22%3A%5B%22hasPreviousPage%22%2C%22%7B%5Cn%20%20%5C%22hasNextPage%5C%22%3A%20false%5Cn%7D%22%5D%7D
An error occurred! For more details, see the full error text at https://go.apollo.dev/c/err#%7B%22version%22%3A%223.14.0%22%2C%22message%22%3A13%2C%22args%22%3A%5B%22totalCount%22%2C%22%7B%5Cn%20%20%5C%22edges%5C%22%3A%20%5B%5D%2C%5Cn%20%20%5C%22pageInfo%5C%22%3A%20%7B%5Cn%20%20%20%20%5C%22hasNextPage%5C%22%3A%20false%5Cn%20%20%7D%5Cn%7D%22%5D%7D
An error occurred! For more details, see the full error text at https://go.apollo.dev/c/err#%7B%22version%22%3A%223.14.0%22%2C%22message%22%3A104%2C%22args%22%3A%5B%22cache.diff%22%2C%22canonizeResults%22%2C%22Please%20remove%20this%20option.%22%5D%7D

stderr | src/components/AddPeopleToTag/AddPeopleToTag.spec.tsx > Organisation Tags Page > Resets the search state and refetches when the modal transitions from closed to open
An error occurred! For more details, see the full error text at https://go.apollo.dev/c/err#%7B%22version%22%3A%223.14.0%22%2C%22message%22%3A104%2C%22args%22%3A%5B%22cache.diff%22%2C%22canonizeResults%22%2C%22Please%20remove%20this%20option.%22%5D%7D

stderr | src/components/AddPeopleToTag/AddPeopleToTag.spec.tsx > Organisation Tags Page > Resets the search state and refetches when the modal transitions from closed to open
An error occurred! For more details, see the full error text at https://go.apollo.dev/c/err#%7B%22version%22%3A%223.14.0%22%2C%22message%22%3A104%2C%22args%22%3A%5B%22cache.diff%22%2C%22canonizeResults%22%2C%22Please%20remove%20this%20option.%22%5D%7D

stderr | src/components/AddPeopleToTag/AddPeopleToTag.spec.tsx > Organisation Tags Page > displays the unknownError toast if a non-Error is thrown
An error occurred! For more details, see the full error text at https://go.apollo.dev/c/err#%7B%22version%22%3A%223.14.0%22%2C%22message%22%3A104%2C%22args%22%3A%5B%22MockedProvider%22%2C%22addTypename%22%2C%22Please%20remove%20the%20%60addTypename%60%20prop.%20For%20best%20results%2C%20ensure%20the%20provided%20%60mocks%60%20include%20a%20%60__typename%60%20property%20on%20all%20mock%20objects%20to%20ensure%20the%20cache%20more%20closely%20behaves%20like%20production.%22%5D%7D
An error occurred! For more details, see the full error text at https://go.apollo.dev/c/err#%7B%22version%22%3A%223.14.0%22%2C%22message%22%3A104%2C%22args%22%3A%5B%22cache.diff%22%2C%22canonizeResults%22%2C%22Please%20remove%20this%20option.%22%5D%7D

stderr | src/components/AddPeopleToTag/AddPeopleToTag.spec.tsx > Organisation Tags Page > displays the unknownError toast if a non-Error is thrown
An error occurred! For more details, see the full error text at https://go.apollo.dev/c/err#%7B%22version%22%3A%223.14.0%22%2C%22message%22%3A13%2C%22args%22%3A%5B%22name%22%2C%22%7B%5Cn%20%20%5C%22usersToAssignTo%5C%22%3A%20%7B%5Cn%20%20%20%20%5C%22edges%5C%22%3A%20%5B%5Cn%20%20%20%20%20%20%7B%5Cn%20%20%20%20%20%20%20%20%5C%22node%5C%22%3A%20%7B%5Cn%20%20%20%20%20%20%20%20%20%20%5C%22_id%5C%22%3A%20%5C%221%5C%22%2C%5Cn%20%20%20%20%20%20%20%20%20%20%5C%22firstName%5C%22%3A%20%5C%22Test%5C%22%2C%5Cn%20%20%20%20%20%20%20%20%20%20%5C%22lastName%5C%22%3A%20%5C%22User%5C%22%5Cn%20%20%20%20%20%20%20%20%7D%2C%5Cn%20%20%20%20%20%20%20%20%5C%22cursor%5C%22%3A%20%5C%22cursor1%5C%22%5Cn%20%20%20%20%20%20%7D%5Cn%20%20%20%20%5D%2C%5Cn%20%20%20%20%5C%22pageInfo%5C%22%3A%20%7B%5Cn%20%20%20%20%20%20%5C%22hasNextPage%5C%22%3A%20false%2C%5Cn%20%20%20%20%20%20%5C%22endCursor%5C%22%3A%20%5C%22cursor1%5C%22%5Cn%20%20%20%20%7D%5Cn%20%20%7D%5Cn%7D%22%5D%7D
An error occurred! For more details, see the full error text at https://go.apollo.dev/c/err#%7B%22version%22%3A%223.14.0%22%2C%22message%22%3A13%2C%22args%22%3A%5B%22startCursor%22%2C%22%7B%5Cn%20%20%5C%22hasNextPage%5C%22%3A%20false%2C%5Cn%20%20%5C%22endCursor%5C%22%3A%20%5C%22cursor1%5C%22%5Cn%7D%22%5D%7D
An error occurred! For more details, see the full error text at https://go.apollo.dev/c/err#%7B%22version%22%3A%223.14.0%22%2C%22message%22%3A13%2C%22args%22%3A%5B%22hasPreviousPage%22%2C%22%7B%5Cn%20%20%5C%22hasNextPage%5C%22%3A%20false%2C%5Cn%20%20%5C%22endCursor%5C%22%3A%20%5C%22cursor1%5C%22%5Cn%7D%22%5D%7D
An error occurred! For more details, see the full error text at https://go.apollo.dev/c/err#%7B%22version%22%3A%223.14.0%22%2C%22message%22%3A13%2C%22args%22%3A%5B%22totalCount%22%2C%22%7B%5Cn%20%20%5C%22edges%5C%22%3A%20%5B%5Cn%20%20%20%20%7B%5Cn%20%20%20%20%20%20%5C%22node%5C%22%3A%20%7B%5Cn%20%20%20%20%20%20%20%20%5C%22_id%5C%22%3A%20%5C%221%5C%22%2C%5Cn%20%20%20%20%20%20%20%20%5C%22firstName%5C%22%3A%20%5C%22Test%5C%22%2C%5Cn%20%20%20%20%20%20%20%20%5C%22lastName%5C%22%3A%20%5C%22User%5C%22%5Cn%20%20%20%20%20%20%7D%2C%5Cn%20%20%20%20%20%20%5C%22cursor%5C%22%3A%20%5C%22cursor1%5C%22%5Cn%20%20%20%20%7D%5Cn%20%20%5D%2C%5Cn%20%20%5C%22pageInfo%5C%22%3A%20%7B%5Cn%20%20%20%20%5C%22hasNextPage%5C%22%3A%20false%2C%5Cn%20%20%20%20%5C%22endCursor%5C%22%3A%20%5C%22cursor1%5C%22%5Cn%20%20%7D%5Cn%7D%22%5D%7D
An error occurred! For more details, see the full error text at https://go.apollo.dev/c/err#%7B%22version%22%3A%223.14.0%22%2C%22message%22%3A104%2C%22args%22%3A%5B%22cache.diff%22%2C%22canonizeResults%22%2C%22Please%20remove%20this%20option.%22%5D%7D

stderr | src/components/AddPeopleToTag/AddPeopleToTag.spec.tsx > Organisation Tags Page > returns prevResult if fetchMoreResult is null
An error occurred! For more details, see the full error text at https://go.apollo.dev/c/err#%7B%22version%22%3A%223.14.0%22%2C%22message%22%3A104%2C%22args%22%3A%5B%22MockedProvider%22%2C%22addTypename%22%2C%22Please%20remove%20the%20%60addTypename%60%20prop.%20For%20best%20results%2C%20ensure%20the%20provided%20%60mocks%60%20include%20a%20%60__typename%60%20property%20on%20all%20mock%20objects%20to%20ensure%20the%20cache%20more%20closely%20behaves%20like%20production.%22%5D%7D
An error occurred! For more details, see the full error text at https://go.apollo.dev/c/err#%7B%22version%22%3A%223.14.0%22%2C%22message%22%3A104%2C%22args%22%3A%5B%22cache.diff%22%2C%22canonizeResults%22%2C%22Please%20remove%20this%20option.%22%5D%7D

stderr | src/components/AddPeopleToTag/AddPeopleToTag.spec.tsx > Organisation Tags Page > returns prevResult if fetchMoreResult is null
An error occurred! For more details, see the full error text at https://go.apollo.dev/c/err#%7B%22version%22%3A%223.14.0%22%2C%22message%22%3A13%2C%22args%22%3A%5B%22name%22%2C%22%7B%5Cn%20%20%5C%22usersToAssignTo%5C%22%3A%20%7B%5Cn%20%20%20%20%5C%22edges%5C%22%3A%20%5B%5Cn%20%20%20%20%20%20%7B%5Cn%20%20%20%20%20%20%20%20%5C%22node%5C%22%3A%20%7B%5Cn%20%20%20%20%20%20%20%20%20%20%5C%22_id%5C%22%3A%20%5C%221%5C%22%2C%5Cn%20%20%20%20%20%20%20%20%20%20%5C%22firstName%5C%22%3A%20%5C%22member%5C%22%2C%5Cn%20%20%20%20%20%20%20%20%20%20%5C%22lastName%5C%22%3A%20%5C%221%5C%22%5Cn%20%20%20%20%20%20%20%20%7D%2C%5Cn%20%20%20%20%20%20%20%20%5C%22cursor%5C%22%3A%20%5C%221%5C%22%5Cn%20%20%20%20%20%20%7D%5Cn%20%20%20%20%5D%2C%5Cn%20%20%20%20%5C%22pageInfo%5C%22%3A%20%7B%5Cn%20%20%20%20%20%20%5C%22hasNextPage%5C%22%3A%20true%2C%5Cn%20%20%20%20%20%20%5C%22endCursor%5C%22%3A%20%5C%221%5C%22%5Cn%20%20%20%20%7D%5Cn%20%20%7D%5Cn%7D%22%5D%7D
An error occurred! For more details, see the full error text at https://go.apollo.dev/c/err#%7B%22version%22%3A%223.14.0%22%2C%22message%22%3A13%2C%22args%22%3A%5B%22startCursor%22%2C%22%7B%5Cn%20%20%5C%22hasNextPage%5C%22%3A%20true%2C%5Cn%20%20%5C%22endCursor%5C%22%3A%20%5C%221%5C%22%5Cn%7D%22%5D%7D
An error occurred! For more details, see the full error text at https://go.apollo.dev/c/err#%7B%22version%22%3A%223.14.0%22%2C%22message%22%3A13%2C%22args%22%3A%5B%22hasPreviousPage%22%2C%22%7B%5Cn%20%20%5C%22hasNextPage%5C%22%3A%20true%2C%5Cn%20%20%5C%22endCursor%5C%22%3A%20%5C%221%5C%22%5Cn%7D%22%5D%7D
An error occurred! For more details, see the full error text at https://go.apollo.dev/c/err#%7B%22version%22%3A%223.14.0%22%2C%22message%22%3A13%2C%22args%22%3A%5B%22totalCount%22%2C%22%7B%5Cn%20%20%5C%22edges%5C%22%3A%20%5B%5Cn%20%20%20%20%7B%5Cn%20%20%20%20%20%20%5C%22node%5C%22%3A%20%7B%5Cn%20%20%20%20%20%20%20%20%5C%22_id%5C%22%3A%20%5C%221%5C%22%2C%5Cn%20%20%20%20%20%20%20%20%5C%22firstName%5C%22%3A%20%5C%22member%5C%22%2C%5Cn%20%20%20%20%20%20%20%20%5C%22lastName%5C%22%3A%20%5C%221%5C%22%5Cn%20%20%20%20%20%20%7D%2C%5Cn%20%20%20%20%20%20%5C%22cursor%5C%22%3A%20%5C%221%5C%22%5Cn%20%20%20%20%7D%5Cn%20%20%5D%2C%5Cn%20%20%5C%22pageInfo%5C%22%3A%20%7B%5Cn%20%20%20%20%5C%22hasNextPage%5C%22%3A%20true%2C%5Cn%20%20%20%20%5C%22endCursor%5C%22%3A%20%5C%221%5C%22%5Cn%20%20%7D%5Cn%7D%22%5D%7D
An error occurred! For more details, see the full error text at https://go.apollo.dev/c/err#%7B%22version%22%3A%223.14.0%22%2C%22message%22%3A104%2C%22args%22%3A%5B%22cache.diff%22%2C%22canonizeResults%22%2C%22Please%20remove%20this%20option.%22%5D%7D

stderr | src/components/AddPeopleToTag/AddPeopleToTag.spec.tsx > Organisation Tags Page > returns prevResult if fetchMoreResult is null
An error occurred! For more details, see the full error text at https://go.apollo.dev/c/err#%7B%22version%22%3A%223.14.0%22%2C%22message%22%3A13%2C%22args%22%3A%5B%22name%22%2C%22%7B%5Cn%20%20%5C%22usersToAssignTo%5C%22%3A%20%7B%5Cn%20%20%20%20%5C%22edges%5C%22%3A%20%5B%5Cn%20%20%20%20%20%20%7B%5Cn%20%20%20%20%20%20%20%20%5C%22node%5C%22%3A%20%7B%5Cn%20%20%20%20%20%20%20%20%20%20%5C%22_id%5C%22%3A%20%5C%221%5C%22%2C%5Cn%20%20%20%20%20%20%20%20%20%20%5C%22firstName%5C%22%3A%20%5C%22member%5C%22%2C%5Cn%20%20%20%20%20%20%20%20%20%20%5C%22lastName%5C%22%3A%20%5C%221%5C%22%5Cn%20%20%20%20%20%20%20%20%7D%5Cn%20%20%20%20%20%20%7D%5Cn%20%20%20%20%5D%2C%5Cn%20%20%20%20%5C%22pageInfo%5C%22%3A%20%7B%5Cn%20%20%20%20%20%20%5C%22endCursor%5C%22%3A%20%5C%221%5C%22%2C%5Cn%20%20%20%20%20%20%5C%22hasNextPage%5C%22%3A%20true%5Cn%20%20%20%20%7D%5Cn%20%20%7D%5Cn%7D%22%5D%7D
An error occurred! For more details, see the full error text at https://go.apollo.dev/c/err#%7B%22version%22%3A%223.14.0%22%2C%22message%22%3A13%2C%22args%22%3A%5B%22startCursor%22%2C%22%7B%5Cn%20%20%5C%22endCursor%5C%22%3A%20%5C%221%5C%22%2C%5Cn%20%20%5C%22hasNextPage%5C%22%3A%20true%5Cn%7D%22%5D%7D
An error occurred! For more details, see the full error text at https://go.apollo.dev/c/err#%7B%22version%22%3A%223.14.0%22%2C%22message%22%3A13%2C%22args%22%3A%5B%22hasPreviousPage%22%2C%22%7B%5Cn%20%20%5C%22endCursor%5C%22%3A%20%5C%221%5C%22%2C%5Cn%20%20%5C%22hasNextPage%5C%22%3A%20true%5Cn%7D%22%5D%7D
An error occurred! For more details, see the full error text at https://go.apollo.dev/c/err#%7B%22version%22%3A%223.14.0%22%2C%22message%22%3A13%2C%22args%22%3A%5B%22totalCount%22%2C%22%7B%5Cn%20%20%5C%22edges%5C%22%3A%20%5B%5Cn%20%20%20%20%7B%5Cn%20%20%20%20%20%20%5C%22node%5C%22%3A%20%7B%5Cn%20%20%20%20%20%20%20%20%5C%22_id%5C%22%3A%20%5C%221%5C%22%2C%5Cn%20%20%20%20%20%20%20%20%5C%22firstName%5C%22%3A%20%5C%22member%5C%22%2C%5Cn%20%20%20%20%20%20%20%20%5C%22lastName%5C%22%3A%20%5C%221%5C%22%5Cn%20%20%20%20%20%20%7D%5Cn%20%20%20%20%7D%5Cn%20%20%5D%2C%5Cn%20%20%5C%22pageInfo%5C%22%3A%20%7B%5Cn%20%20%20%20%5C%22endCursor%5C%22%3A%20%5C%221%5C%22%2C%5Cn%20%20%20%20%5C%22hasNextPage%5C%22%3A%20true%5Cn%20%20%7D%5Cn%7D%22%5D%7D

stderr | src/components/AddPeopleToTag/AddPeopleToTag.spec.tsx > Organisation Tags Page > skips the if(data) block when the mutation returns data = null
An error occurred! For more details, see the full error text at https://go.apollo.dev/c/err#%7B%22version%22%3A%223.14.0%22%2C%22message%22%3A104%2C%22args%22%3A%5B%22MockedProvider%22%2C%22addTypename%22%2C%22Please%20remove%20the%20%60addTypename%60%20prop.%20For%20best%20results%2C%20ensure%20the%20provided%20%60mocks%60%20include%20a%20%60__typename%60%20property%20on%20all%20mock%20objects%20to%20ensure%20the%20cache%20more%20closely%20behaves%20like%20production.%22%5D%7D
An error occurred! For more details, see the full error text at https://go.apollo.dev/c/err#%7B%22version%22%3A%223.14.0%22%2C%22message%22%3A104%2C%22args%22%3A%5B%22cache.diff%22%2C%22canonizeResults%22%2C%22Please%20remove%20this%20option.%22%5D%7D

stderr | src/components/AddPeopleToTag/AddPeopleToTag.spec.tsx > Organisation Tags Page > skips the if(data) block when the mutation returns data = null
An error occurred! For more details, see the full error text at https://go.apollo.dev/c/err#%7B%22version%22%3A%223.14.0%22%2C%22message%22%3A104%2C%22args%22%3A%5B%22cache.diff%22%2C%22canonizeResults%22%2C%22Please%20remove%20this%20option.%22%5D%7D

stderr | src/components/AddPeopleToTag/AddPeopleToTag.spec.tsx > Organisation Tags Page > skips the if(data) block when the mutation returns data = null
An error occurred! For more details, see the full error text at https://go.apollo.dev/c/err#%7B%22version%22%3A%223.14.0%22%2C%22message%22%3A13%2C%22args%22%3A%5B%22name%22%2C%22%7B%5Cn%20%20%5C%22usersToAssignTo%5C%22%3A%20%7B%5Cn%20%20%20%20%5C%22edges%5C%22%3A%20%5B%5Cn%20%20%20%20%20%20%7B%5Cn%20%20%20%20%20%20%20%20%5C%22node%5C%22%3A%20%7B%5Cn%20%20%20%20%20%20%20%20%20%20%5C%22_id%5C%22%3A%20%5C%221%5C%22%2C%5Cn%20%20%20%20%20%20%20%20%20%20%5C%22firstName%5C%22%3A%20%5C%22NoData%5C%22%2C%5Cn%20%20%20%20%20%20%20%20%20%20%5C%22lastName%5C%22%3A%20%5C%22Test%5C%22%5Cn%20%20%20%20%20%20%20%20%7D%2C%5Cn%20%20%20%20%20%20%20%20%5C%22cursor%5C%22%3A%20%5C%22cursor1%5C%22%5Cn%20%20%20%20%20%20%7D%5Cn%20%20%20%20%5D%2C%5Cn%20%20%20%20%5C%22pageInfo%5C%22%3A%20%7B%5Cn%20%20%20%20%20%20%5C%22hasNextPage%5C%22%3A%20false%2C%5Cn%20%20%20%20%20%20%5C%22endCursor%5C%22%3A%20%5C%22cursor1%5C%22%5Cn%20%20%20%20%7D%5Cn%20%20%7D%5Cn%7D%22%5D%7D
An error occurred! For more details, see the full error text at https://go.apollo.dev/c/err#%7B%22version%22%3A%223.14.0%22%2C%22message%22%3A13%2C%22args%22%3A%5B%22startCursor%22%2C%22%7B%5Cn%20%20%5C%22hasNextPage%5C%22%3A%20false%2C%5Cn%20%20%5C%22endCursor%5C%22%3A%20%5C%22cursor1%5C%22%5Cn%7D%22%5D%7D
An error occurred! For more details, see the full error text at https://go.apollo.dev/c/err#%7B%22version%22%3A%223.14.0%22%2C%22message%22%3A13%2C%22args%22%3A%5B%22hasPreviousPage%22%2C%22%7B%5Cn%20%20%5C%22hasNextPage%5C%22%3A%20false%2C%5Cn%20%20%5C%22endCursor%5C%22%3A%20%5C%22cursor1%5C%22%5Cn%7D%22%5D%7D
An error occurred! For more details, see the full error text at https://go.apollo.dev/c/err#%7B%22version%22%3A%223.14.0%22%2C%22message%22%3A13%2C%22args%22%3A%5B%22totalCount%22%2C%22%7B%5Cn%20%20%5C%22edges%5C%22%3A%20%5B%5Cn%20%20%20%20%7B%5Cn%20%20%20%20%20%20%5C%22node%5C%22%3A%20%7B%5Cn%20%20%20%20%20%20%20%20%5C%22_id%5C%22%3A%20%5C%221%5C%22%2C%5Cn%20%20%20%20%20%20%20%20%5C%22firstName%5C%22%3A%20%5C%22NoData%5C%22%2C%5Cn%20%20%20%20%20%20%20%20%5C%22lastName%5C%22%3A%20%5C%22Test%5C%22%5Cn%20%20%20%20%20%20%7D%2C%5Cn%20%20%20%20%20%20%5C%22cursor%5C%22%3A%20%5C%22cursor1%5C%22%5Cn%20%20%20%20%7D%5Cn%20%20%5D%2C%5Cn%20%20%5C%22pageInfo%5C%22%3A%20%7B%5Cn%20%20%20%20%5C%22hasNextPage%5C%22%3A%20false%2C%5Cn%20%20%20%20%5C%22endCursor%5C%22%3A%20%5C%22cursor1%5C%22%5Cn%20%20%7D%5Cn%7D%22%5D%7D
An error occurred! For more details, see the full error text at https://go.apollo.dev/c/err#%7B%22version%22%3A%223.14.0%22%2C%22message%22%3A104%2C%22args%22%3A%5B%22cache.diff%22%2C%22canonizeResults%22%2C%22Please%20remove%20this%20option.%22%5D%7D

stderr | src/components/AddPeopleToTag/AddPeopleToTag.spec.tsx > Organisation Tags Page > skips the if(data) block when the mutation returns data = null
An error occurred! For more details, see the full error text at https://go.apollo.dev/c/err#%7B%22version%22%3A%223.14.0%22%2C%22message%22%3A13%2C%22args%22%3A%5B%22addPeopleToUserTag%22%2C%22%7B%7D%22%5D%7D

stderr | src/components/AddPeopleToTag/AddPeopleToTag.spec.tsx > Organisation Tags Page > Modal is not visible when addPeopleToTagModalIsOpen is false
An error occurred! For more details, see the full error text at https://go.apollo.dev/c/err#%7B%22version%22%3A%223.14.0%22%2C%22message%22%3A104%2C%22args%22%3A%5B%22MockedProvider%22%2C%22addTypename%22%2C%22Please%20remove%20the%20%60addTypename%60%20prop.%20For%20best%20results%2C%20ensure%20the%20provided%20%60mocks%60%20include%20a%20%60__typename%60%20property%20on%20all%20mock%20objects%20to%20ensure%20the%20cache%20more%20closely%20behaves%20like%20production.%22%5D%7D

stderr | src/components/AddPeopleToTag/AddPeopleToTag.spec.tsx > Organisation Tags Page > Modal is not visible when addPeopleToTagModalIsOpen is false
An error occurred! For more details, see the full error text at https://go.apollo.dev/c/err#%7B%22version%22%3A%223.14.0%22%2C%22message%22%3A104%2C%22args%22%3A%5B%22cache.diff%22%2C%22canonizeResults%22%2C%22Please%20remove%20this%20option.%22%5D%7D

stderr | src/components/AddPeopleToTag/AddPeopleToTag.spec.tsx > Organisation Tags Page > Modal close button hides the modal
An error occurred! For more details, see the full error text at https://go.apollo.dev/c/err#%7B%22version%22%3A%223.14.0%22%2C%22message%22%3A104%2C%22args%22%3A%5B%22MockedProvider%22%2C%22addTypename%22%2C%22Please%20remove%20the%20%60addTypename%60%20prop.%20For%20best%20results%2C%20ensure%20the%20provided%20%60mocks%60%20include%20a%20%60__typename%60%20property%20on%20all%20mock%20objects%20to%20ensure%20the%20cache%20more%20closely%20behaves%20like%20production.%22%5D%7D
An error occurred! For more details, see the full error text at https://go.apollo.dev/c/err#%7B%22version%22%3A%223.14.0%22%2C%22message%22%3A104%2C%22args%22%3A%5B%22cache.diff%22%2C%22canonizeResults%22%2C%22Please%20remove%20this%20option.%22%5D%7D

stderr | src/components/AddPeopleToTag/AddPeopleToTag.spec.tsx > Organisation Tags Page > Modal close button hides the modal
An error occurred! For more details, see the full error text at https://go.apollo.dev/c/err#%7B%22version%22%3A%223.14.0%22%2C%22message%22%3A104%2C%22args%22%3A%5B%22cache.diff%22%2C%22canonizeResults%22%2C%22Please%20remove%20this%20option.%22%5D%7D

stderr | src/components/AddPeopleToTag/AddPeopleToTag.spec.tsx > Organisation Tags Page > Error message displays with icon when query fails
An error occurred! For more details, see the full error text at https://go.apollo.dev/c/err#%7B%22version%22%3A%223.14.0%22%2C%22message%22%3A104%2C%22args%22%3A%5B%22MockedProvider%22%2C%22addTypename%22%2C%22Please%20remove%20the%20%60addTypename%60%20prop.%20For%20best%20results%2C%20ensure%20the%20provided%20%60mocks%60%20include%20a%20%60__typename%60%20property%20on%20all%20mock%20objects%20to%20ensure%20the%20cache%20more%20closely%20behaves%20like%20production.%22%5D%7D
An error occurred! For more details, see the full error text at https://go.apollo.dev/c/err#%7B%22version%22%3A%223.14.0%22%2C%22message%22%3A104%2C%22args%22%3A%5B%22cache.diff%22%2C%22canonizeResults%22%2C%22Please%20remove%20this%20option.%22%5D%7D

stderr | src/components/AddPeopleToTag/AddPeopleToTag.spec.tsx > Organisation Tags Page > Member selection persists in state
An error occurred! For more details, see the full error text at https://go.apollo.dev/c/err#%7B%22version%22%3A%223.14.0%22%2C%22message%22%3A104%2C%22args%22%3A%5B%22MockedProvider%22%2C%22addTypename%22%2C%22Please%20remove%20the%20%60addTypename%60%20prop.%20For%20best%20results%2C%20ensure%20the%20provided%20%60mocks%60%20include%20a%20%60__typename%60%20property%20on%20all%20mock%20objects%20to%20ensure%20the%20cache%20more%20closely%20behaves%20like%20production.%22%5D%7D
An error occurred! For more details, see the full error text at https://go.apollo.dev/c/err#%7B%22version%22%3A%223.14.0%22%2C%22message%22%3A104%2C%22args%22%3A%5B%22cache.diff%22%2C%22canonizeResults%22%2C%22Please%20remove%20this%20option.%22%5D%7D

stderr | src/components/AddPeopleToTag/AddPeopleToTag.spec.tsx > Organisation Tags Page > Member selection persists in state
An error occurred! For more details, see the full error text at https://go.apollo.dev/c/err#%7B%22version%22%3A%223.14.0%22%2C%22message%22%3A104%2C%22args%22%3A%5B%22cache.diff%22%2C%22canonizeResults%22%2C%22Please%20remove%20this%20option.%22%5D%7D

stderr | src/components/AddPeopleToTag/AddPeopleToTag.spec.tsx > Organisation Tags Page > Modal renders with correct structure
An error occurred! For more details, see the full error text at https://go.apollo.dev/c/err#%7B%22version%22%3A%223.14.0%22%2C%22message%22%3A104%2C%22args%22%3A%5B%22MockedProvider%22%2C%22addTypename%22%2C%22Please%20remove%20the%20%60addTypename%60%20prop.%20For%20best%20results%2C%20ensure%20the%20provided%20%60mocks%60%20include%20a%20%60__typename%60%20property%20on%20all%20mock%20objects%20to%20ensure%20the%20cache%20more%20closely%20behaves%20like%20production.%22%5D%7D
An error occurred! For more details, see the full error text at https://go.apollo.dev/c/err#%7B%22version%22%3A%223.14.0%22%2C%22message%22%3A104%2C%22args%22%3A%5B%22cache.diff%22%2C%22canonizeResults%22%2C%22Please%20remove%20this%20option.%22%5D%7D

stderr | src/components/AddPeopleToTag/AddPeopleToTag.spec.tsx > Organisation Tags Page > Modal renders with correct structure
An error occurred! For more details, see the full error text at https://go.apollo.dev/c/err#%7B%22version%22%3A%223.14.0%22%2C%22message%22%3A104%2C%22args%22%3A%5B%22cache.diff%22%2C%22canonizeResults%22%2C%22Please%20remove%20this%20option.%22%5D%7D

stderr | src/components/AddPeopleToTag/AddPeopleToTag.spec.tsx > Organisation Tags Page > Search inputs are present and functional
An error occurred! For more details, see the full error text at https://go.apollo.dev/c/err#%7B%22version%22%3A%223.14.0%22%2C%22message%22%3A104%2C%22args%22%3A%5B%22MockedProvider%22%2C%22addTypename%22%2C%22Please%20remove%20the%20%60addTypename%60%20prop.%20For%20best%20results%2C%20ensure%20the%20provided%20%60mocks%60%20include%20a%20%60__typename%60%20property%20on%20all%20mock%20objects%20to%20ensure%20the%20cache%20more%20closely%20behaves%20like%20production.%22%5D%7D
An error occurred! For more details, see the full error text at https://go.apollo.dev/c/err#%7B%22version%22%3A%223.14.0%22%2C%22message%22%3A104%2C%22args%22%3A%5B%22cache.diff%22%2C%22canonizeResults%22%2C%22Please%20remove%20this%20option.%22%5D%7D

stderr | src/components/AddPeopleToTag/AddPeopleToTag.spec.tsx > Organisation Tags Page > Search inputs are present and functional
An error occurred! For more details, see the full error text at https://go.apollo.dev/c/err#%7B%22version%22%3A%223.14.0%22%2C%22message%22%3A104%2C%22args%22%3A%5B%22cache.diff%22%2C%22canonizeResults%22%2C%22Please%20remove%20this%20option.%22%5D%7D

stderr | src/components/AddPeopleToTag/AddPeopleToTag.spec.tsx > Organisation Tags Page > Selected members display count is correct
An error occurred! For more details, see the full error text at https://go.apollo.dev/c/err#%7B%22version%22%3A%223.14.0%22%2C%22message%22%3A104%2C%22args%22%3A%5B%22MockedProvider%22%2C%22addTypename%22%2C%22Please%20remove%20the%20%60addTypename%60%20prop.%20For%20best%20results%2C%20ensure%20the%20provided%20%60mocks%60%20include%20a%20%60__typename%60%20property%20on%20all%20mock%20objects%20to%20ensure%20the%20cache%20more%20closely%20behaves%20like%20production.%22%5D%7D
An error occurred! For more details, see the full error text at https://go.apollo.dev/c/err#%7B%22version%22%3A%223.14.0%22%2C%22message%22%3A104%2C%22args%22%3A%5B%22cache.diff%22%2C%22canonizeResults%22%2C%22Please%20remove%20this%20option.%22%5D%7D

stderr | src/components/AddPeopleToTag/AddPeopleToTag.spec.tsx > Organisation Tags Page > Selected members display count is correct
An error occurred! For more details, see the full error text at https://go.apollo.dev/c/err#%7B%22version%22%3A%223.14.0%22%2C%22message%22%3A104%2C%22args%22%3A%5B%22cache.diff%22%2C%22canonizeResults%22%2C%22Please%20remove%20this%20option.%22%5D%7D

stderr | src/components/AddPeopleToTag/AddPeopleToTag.spec.tsx > Organisation Tags Page > Handles search input with trimming
An error occurred! For more details, see the full error text at https://go.apollo.dev/c/err#%7B%22version%22%3A%223.14.0%22%2C%22message%22%3A104%2C%22args%22%3A%5B%22MockedProvider%22%2C%22addTypename%22%2C%22Please%20remove%20the%20%60addTypename%60%20prop.%20For%20best%20results%2C%20ensure%20the%20provided%20%60mocks%60%20include%20a%20%60__typename%60%20property%20on%20all%20mock%20objects%20to%20ensure%20the%20cache%20more%20closely%20behaves%20like%20production.%22%5D%7D
An error occurred! For more details, see the full error text at https://go.apollo.dev/c/err#%7B%22version%22%3A%223.14.0%22%2C%22message%22%3A104%2C%22args%22%3A%5B%22cache.diff%22%2C%22canonizeResults%22%2C%22Please%20remove%20this%20option.%22%5D%7D

stderr | src/components/AddPeopleToTag/AddPeopleToTag.spec.tsx > Organisation Tags Page > Handles search input with trimming
An error occurred! For more details, see the full error text at https://go.apollo.dev/c/err#%7B%22version%22%3A%223.14.0%22%2C%22message%22%3A104%2C%22args%22%3A%5B%22cache.diff%22%2C%22canonizeResults%22%2C%22Please%20remove%20this%20option.%22%5D%7D

stderr | src/components/AddPeopleToTag/AddPeopleToTag.spec.tsx > Organisation Tags Page > Handles search input with trimming
An error occurred! For more details, see the full error text at https://go.apollo.dev/c/err#%7B%22version%22%3A%223.14.0%22%2C%22message%22%3A104%2C%22args%22%3A%5B%22cache.diff%22%2C%22canonizeResults%22%2C%22Please%20remove%20this%20option.%22%5D%7D

stderr | src/components/AddPeopleToTag/AddPeopleToTag.spec.tsx > Organisation Tags Page > Handles search input with trimming
An error occurred! For more details, see the full error text at https://go.apollo.dev/c/err#%7B%22version%22%3A%223.14.0%22%2C%22message%22%3A49%2C%22args%22%3A%5B%5D%7D

stderr | src/components/AddPeopleToTag/AddPeopleToTag.spec.tsx > Organisation Tags Page > Empty state displays when no members match search
An error occurred! For more details, see the full error text at https://go.apollo.dev/c/err#%7B%22version%22%3A%223.14.0%22%2C%22message%22%3A104%2C%22args%22%3A%5B%22MockedProvider%22%2C%22addTypename%22%2C%22Please%20remove%20the%20%60addTypename%60%20prop.%20For%20best%20results%2C%20ensure%20the%20provided%20%60mocks%60%20include%20a%20%60__typename%60%20property%20on%20all%20mock%20objects%20to%20ensure%20the%20cache%20more%20closely%20behaves%20like%20production.%22%5D%7D
An error occurred! For more details, see the full error text at https://go.apollo.dev/c/err#%7B%22version%22%3A%223.14.0%22%2C%22message%22%3A104%2C%22args%22%3A%5B%22cache.diff%22%2C%22canonizeResults%22%2C%22Please%20remove%20this%20option.%22%5D%7D

stderr | src/components/AddPeopleToTag/AddPeopleToTag.spec.tsx > Organisation Tags Page > Empty state displays when no members match search
An error occurred! For more details, see the full error text at https://go.apollo.dev/c/err#%7B%22version%22%3A%223.14.0%22%2C%22message%22%3A13%2C%22args%22%3A%5B%22name%22%2C%22%7B%5Cn%20%20%5C%22usersToAssignTo%5C%22%3A%20%7B%5Cn%20%20%20%20%5C%22edges%5C%22%3A%20%5B%5D%2C%5Cn%20%20%20%20%5C%22pageInfo%5C%22%3A%20%7B%5Cn%20%20%20%20%20%20%5C%22hasNextPage%5C%22%3A%20false%5Cn%20%20%20%20%7D%5Cn%20%20%7D%5Cn%7D%22%5D%7D
An error occurred! For more details, see the full error text at https://go.apollo.dev/c/err#%7B%22version%22%3A%223.14.0%22%2C%22message%22%3A13%2C%22args%22%3A%5B%22startCursor%22%2C%22%7B%5Cn%20%20%5C%22hasNextPage%5C%22%3A%20false%5Cn%7D%22%5D%7D
An error occurred! For more details, see the full error text at https://go.apollo.dev/c/err#%7B%22version%22%3A%223.14.0%22%2C%22message%22%3A13%2C%22args%22%3A%5B%22endCursor%22%2C%22%7B%5Cn%20%20%5C%22hasNextPage%5C%22%3A%20false%5Cn%7D%22%5D%7D
An error occurred! For more details, see the full error text at https://go.apollo.dev/c/err#%7B%22version%22%3A%223.14.0%22%2C%22message%22%3A13%2C%22args%22%3A%5B%22hasPreviousPage%22%2C%22%7B%5Cn%20%20%5C%22hasNextPage%5C%22%3A%20false%5Cn%7D%22%5D%7D
An error occurred! For more details, see the full error text at https://go.apollo.dev/c/err#%7B%22version%22%3A%223.14.0%22%2C%22message%22%3A13%2C%22args%22%3A%5B%22totalCount%22%2C%22%7B%5Cn%20%20%5C%22edges%5C%22%3A%20%5B%5D%2C%5Cn%20%20%5C%22pageInfo%5C%22%3A%20%7B%5Cn%20%20%20%20%5C%22hasNextPage%5C%22%3A%20false%5Cn%20%20%7D%5Cn%7D%22%5D%7D
An error occurred! For more details, see the full error text at https://go.apollo.dev/c/err#%7B%22version%22%3A%223.14.0%22%2C%22message%22%3A104%2C%22args%22%3A%5B%22cache.diff%22%2C%22canonizeResults%22%2C%22Please%20remove%20this%20option.%22%5D%7D

 ✓ src/components/AddPeopleToTag/AddPeopleToTag.spec.tsx (22 tests) 1819ms

 Test Files  1 passed (1)
      Tests  22 passed (22)
   Start at  09:05:15
   Duration  11.54s (transform 283ms, setup 126ms, collect 4.52s, tests 1.82s, environment 383ms, prepare 55ms)

 % Coverage report from istanbul
-------------------|---------|----------|---------|---------|-------------------
File               | % Stmts | % Branch | % Funcs | % Lines | Uncovered Line #s 
-------------------|---------|----------|---------|---------|-------------------
All files          |    1.44 |     1.11 |    1.67 |    1.44 |                   
 .github/workflows |       0 |        0 |       0 |       0 |                   
  check-tsdoc.js   |       0 |        0 |       0 |       0 | 5-69              
 config            |       0 |      100 |     100 |       0 |                   
  babel.config.cjs |       0 |      100 |     100 |       0 | 1                 
 scripts           |       0 |        0 |       0 |       0 |                   
  ...m-test-env.js |       0 |        0 |       0 |       0 | 10-13             
  ...te-readmes.js |       0 |        0 |       0 |       0 | 5-28              
 scripts/__mocks__ |       0 |      100 |     100 |       0 |                   
  fileMock.js      |       0 |      100 |     100 |       0 | 2                 
 ...ks__/@dicebear |       0 |      100 |       0 |       0 |                   
  collection.ts    |       0 |      100 |     100 |       0 | 3                 
  core.ts          |       0 |      100 |       0 |       0 | 3-5               
 ...mocks__/@pdfme |       0 |        0 |       0 |       0 |                   
  generator.ts     |       0 |        0 |       0 |       0 | 3-21              
 scripts/docs      |       0 |        0 |       0 |       0 |                   
  ...adme-links.js |       0 |        0 |       0 |       0 | 4-25              
  fix-repo-url.js  |       0 |        0 |       0 |       0 | 4-28              
 scripts/githooks  |       0 |        0 |       0 |       0 |                   
  ...rage-usage.ts |       0 |        0 |       0 |       0 | 8-103             
  check_pom.js     |       0 |        0 |       0 |       0 | 19-49             
  update-toc.js    |       0 |      100 |       0 |       0 | 4-13              
 src               |       0 |        0 |       0 |       0 |                   
  App.tsx          |       0 |        0 |       0 |       0 | 16-348            
  constants.ts     |       0 |      100 |     100 |       0 | 12                
  index.tsx        |       0 |        0 |       0 |       0 | 36-161            
  ...tWebVitals.ts |       0 |        0 |       0 |       0 | 3-10              
  setupTests.ts    |       0 |      100 |       0 |       0 | 3-25              
 src/Constant      |       0 |        0 |     100 |       0 |                   
  constant.ts      |       0 |        0 |     100 |       0 | 1-7               
  fileUpload.ts    |       0 |        0 |     100 |       0 | 3-7               
 ...phQl/Mutations |    5.64 |      100 |     100 |    5.64 |                   
  ...yMutations.ts |       0 |      100 |     100 |       0 | 11-65             
  ...mMutations.ts |       0 |      100 |     100 |       0 | 7-141             
  ...tMutations.ts |       0 |      100 |     100 |       0 | 14-80             
  ...yMutations.ts |       0 |      100 |     100 |       0 | 9-36              
  ...mMutations.ts |       0 |      100 |     100 |       0 | 3-20              
  ...gnMutation.ts |       0 |      100 |     100 |       0 | 15-51             
  ...tMutations.ts |       0 |      100 |     100 |       0 | 11-54             
  ...eMutations.ts |       0 |      100 |     100 |       0 | 11-198            
  ...tMutations.ts |       0 |      100 |     100 |       0 | 5-177             
  ...erMutation.ts |       0 |      100 |     100 |       0 | 11-198            
  FundMutation.ts  |       0 |      100 |     100 |       0 | 11-37             
  ...nMutations.ts |       0 |      100 |     100 |       0 | 12-250            
  ...geMutation.ts |       0 |      100 |     100 |       0 | 12-73             
  ...nMutations.ts |       0 |      100 |     100 |       0 | 9-81              
  TagMutations.ts  |     100 |      100 |     100 |     100 |                   
  ...eMutations.ts |       0 |      100 |     100 |       0 | 13-74             
  mutations.ts     |       0 |      100 |     100 |       0 | 6-680             
 ...raphQl/Queries |    3.12 |      100 |     100 |    3.12 |                   
  ...oryQueries.ts |       0 |      100 |     100 |       0 | 7-29              
  ...temQueries.ts |       0 |      100 |     100 |       0 | 14-112            
  ...entQueries.ts |       0 |      100 |     100 |       0 | 15                
  ...oryQueries.ts |       0 |      100 |     100 |       0 | 10                
  ...temQueries.ts |       0 |      100 |     100 |       0 | 3-39              
  ...eerQueries.ts |       0 |      100 |     100 |       0 | 12-251            
  ...ionQueries.ts |       0 |      100 |     100 |       0 | 16-421            
  PlugInQueries.ts |       0 |      100 |     100 |       0 | 8-341             
  Queries.ts       |       0 |      100 |     100 |       0 | 7-1314            
  fundQueries.ts   |       0 |      100 |     100 |       0 | 13-120            
  ...TagQueries.ts |     100 |      100 |     100 |     100 |                   
 ...AddPeopleToTag |     100 |    92.85 |     100 |     100 |                   
  ...opleToTag.tsx |     100 |    92.85 |     100 |     100 | 201,367           
  ...oTagsMocks.ts |     100 |      100 |     100 |     100 |                   
 ...Advertisements |       0 |        0 |       0 |       0 |                   
  ...tisements.tsx |       0 |        0 |       0 |       0 | 52-284            
  ...mentsMocks.ts |       0 |        0 |       0 |       0 | 109-586           
 ...rtisementEntry |       0 |        0 |       0 |       0 |                   
  ...mentEntry.tsx |       0 |        0 |       0 |       0 | 72-341            
 ...sementRegister |       0 |        0 |       0 |       0 |                   
  ...tRegister.tsx |       0 |        0 |       0 |       0 | 60-521            
  ...isterMocks.ts |       0 |        0 |       0 |       0 | 15-182            
 ...ments/skeleton |       0 |      100 |       0 |       0 |                   
  ...tSkeleton.tsx |       0 |      100 |       0 |       0 | 23-24             
 ...AgendaCategory |       0 |        0 |       0 |       0 |                   
  ...Container.tsx |       0 |        0 |       0 |       0 | 60-283            
  ...ainerMocks.ts |       0 |      100 |     100 |       0 | 9-117             
 ...ts/AgendaItems |       0 |        0 |       0 |       0 |                   
  ...Container.tsx |       0 |        0 |       0 |       0 | 65-414            
  ...ItemsMocks.ts |       0 |      100 |     100 |       0 | 9-258             
 ...daItems/Create |       0 |        0 |       0 |       0 |                   
  ...eateModal.tsx |       0 |        0 |       0 |       0 | 52-313            
 ...daItems/Delete |       0 |      100 |       0 |       0 |                   
  ...leteModal.tsx |       0 |      100 |       0 |       0 | 39-46             
 ...aItems/Preview |       0 |        0 |       0 |       0 |                   
  ...viewModal.tsx |       0 |        0 |       0 |       0 | 36-90             
 ...daItems/Update |       0 |        0 |       0 |       0 |                   
  ...dateModal.tsx |       0 |        0 |       0 |       0 | 55-315            
 ...ponents/Avatar |       0 |        0 |       0 |       0 |                   
  Avatar.tsx       |       0 |        0 |       0 |       0 | 41-61             
 ...nguageDropdown |       0 |        0 |       0 |       0 |                   
  ...eDropDown.tsx |       0 |        0 |       0 |       0 | 46-114            
 ...onents/CheckIn |       0 |        0 |       0 |       0 |                   
  CheckInMocks.ts  |       0 |      100 |     100 |       0 | 5-90              
  ...InWrapper.tsx |       0 |        0 |       0 |       0 | 35-62             
  tagTemplate.ts   |       0 |      100 |     100 |       0 | 4                 
 .../CheckIn/Modal |       0 |        0 |       0 |       0 |                   
  CheckInModal.tsx |       0 |        0 |       0 |       0 | 52-185            
 ...ckIn/Modal/Row |       0 |        0 |       0 |       0 |                   
  TableRow.tsx     |       0 |        0 |       0 |       0 | 47-117            
 ...psibleDropdown |       0 |        0 |       0 |       0 |                   
  ...eDropdown.tsx |       0 |        0 |       0 |       0 | 48-107            
 ...ts/ContriStats |       0 |      100 |       0 |       0 |                   
  ContriStats.tsx  |       0 |      100 |       0 |       0 | 39-43             
 ...tHourIndicator |       0 |      100 |       0 |       0 |                   
  ...Indicator.tsx |       0 |      100 |       0 |       0 | 31-32             
 ...ynamicDropDown |       0 |        0 |       0 |       0 |                   
  ...cDropDown.tsx |       0 |        0 |       0 |       0 | 55-113            
 ...mFieldDropDown |       0 |        0 |       0 |       0 |                   
  ...dDropDown.tsx |       0 |        0 |       0 |       0 | 45-75             
 .../EventCalender |       0 |      100 |     100 |       0 |                   
  ...enderMocks.ts |       0 |      100 |     100 |       0 | 6-39              
 ...alender/Header |       0 |      100 |       0 |       0 |                   
  EventHeader.tsx  |       0 |      100 |       0 |       0 | 51-89             
 ...lender/Monthly |       0 |        0 |       0 |       0 |                   
  ...tCalender.tsx |       0 |        0 |       0 |       0 | 60-534            
 ...alender/Yearly |       0 |        0 |       0 |       0 |                   
  ...tCalender.tsx |       0 |        0 |       0 |       0 | 47-319            
 ...ashboardScreen |       0 |        0 |       0 |       0 |                   
  ...ardScreen.tsx |       0 |        0 |       0 |       0 | 48-173            
  ...creenMocks.ts |       0 |      100 |     100 |       0 | 3                 
 .../EventListCard |       0 |        0 |       0 |       0 |                   
  ...tListCard.tsx |       0 |        0 |       0 |       0 | 47-75             
  ...tCardProps.ts |       0 |      100 |       0 |       0 | 7                 
 ...ListCard/Modal |       0 |        0 |       0 |       0 |                   
  ...tCardMocks.ts |       0 |      100 |     100 |       0 | 8-255             
  ...ardModals.tsx |       0 |        0 |       0 |       0 | 48-511            
  updateLogic.ts   |       0 |        0 |       0 |       0 | 15-247            
 ...d/Modal/Delete |       0 |        0 |       0 |       0 |                   
  ...leteModal.tsx |       0 |        0 |       0 |       0 | 40-114            
 .../Modal/Preview |       0 |        0 |       0 |       0 |                   
  ...viewModal.tsx |       0 |        0 |       0 |       0 | 51-530            
 ...ment/Dashboard |       0 |        0 |       0 |       0 |                   
  ...oard.mocks.ts |       0 |      100 |     100 |       0 | 3-36              
  ...Dashboard.tsx |       0 |        0 |       0 |       0 | 41-119            
 ...entActionItems |       0 |        0 |       0 |       0 |                   
  ...tionItems.tsx |       0 |        0 |       0 |       0 | 55-523            
 ...entAgendaItems |       0 |        0 |       0 |       0 |                   
  ...endaItems.tsx |       0 |        0 |       0 |       0 | 63-203            
  ...ItemsMocks.ts |       0 |      100 |     100 |       0 | 6-133             
 ...ventAttendance |       0 |      100 |     100 |       0 |                   
  ...danceMocks.ts |       0 |      100 |     100 |       0 | 3-98              
 ...nce/Attendance |       0 |        0 |       0 |       0 |                   
  ...ttendance.tsx |       0 |        0 |       0 |       0 | 58-351            
 ...AttendanceList |       0 |        0 |       0 |       0 |                   
  ...EventList.tsx |       0 |        0 |       0 |       0 | 42-57             
 ...nce/Statistics |       0 |        0 |       0 |       0 |                   
  ...tatistics.tsx |       0 |        0 |       0 |       0 | 72-508            
 ...ventRegistrant |       0 |        0 |       0 |       0 |                   
  ...gistrants.tsx |       0 |        0 |       0 |       0 | 63-318            
  ...ions.mocks.ts |       0 |      100 |     100 |       0 | 3-78              
 ...gistrantsModal |       0 |        0 |       0 |       0 |                   
  ...tsWrapper.tsx |       0 |        0 |       0 |       0 | 37-60             
 ...ntsModal/Modal |       0 |        0 |       0 |       0 |                   
  ...antsModal.tsx |       0 |        0 |       0 |       0 | 64-171            
 ...odal/AddOnSpot |       0 |        0 |       0 |       0 |                   
  ...tAttendee.tsx |       0 |        0 |       0 |       0 | 52-135            
 ...nts/EventStats |       0 |        0 |       0 |       0 |                   
  ...StatsMocks.ts |       0 |      100 |     100 |       0 | 3-71              
  ...tsWrapper.tsx |       0 |        0 |       0 |       0 | 38-62             
 ...ats/Statistics |       0 |        0 |       0 |       0 |                   
  EventStats.tsx   |       0 |        0 |       0 |       0 | 50-69             
 .../AverageRating |       0 |      100 |       0 |       0 |                   
  ...ageRating.tsx |       0 |      100 |       0 |       0 | 35-36             
 ...stics/Feedback |       0 |        0 |       0 |       0 |                   
  Feedback.tsx     |       0 |        0 |       0 |       0 | 44-94             
 ...tistics/Review |       0 |        0 |       0 |       0 |                   
  Review.tsx       |       0 |        0 |       0 |       0 | 40-63             
 ...oupChatDetails |       0 |        0 |       0 |       0 |                   
  ...atDetails.tsx |       0 |        0 |       0 |       0 | 73-411            
  ...ailsMocks.tsx |       0 |      100 |       0 |       0 | 25-109            
 ...s/HolidayCards |       0 |      100 |       0 |       0 |                   
  HolidayCard.tsx  |       0 |      100 |       0 |       0 | 27-28             
 .../IconComponent |       0 |        0 |       0 |       0 |                   
  ...Component.tsx |       0 |        0 |       0 |       0 | 66-178            
 ...teScrollLoader |     100 |      100 |     100 |     100 |                   
  ...ollLoader.tsx |     100 |      100 |     100 |     100 |                   
 ...nts/LeftDrawer |       0 |        0 |       0 |       0 |                   
  LeftDrawer.tsx   |       0 |        0 |       0 |       0 | 35-197            
 .../LeftDrawerOrg |       0 |        0 |       0 |       0 |                   
  ...DrawerOrg.tsx |       0 |        0 |       0 |       0 | 95-374            
 ...ponents/Loader |       0 |        0 |       0 |       0 |                   
  Loader.tsx       |       0 |        0 |       0 |       0 | 43-44             
 ...inPortalToggle |       0 |        0 |       0 |       0 |                   
  ...talToggle.tsx |       0 |        0 |       0 |       0 | 40-68             
 ...MemberActivity |       0 |        0 |       0 |       0 |                   
  ...dByMember.tsx |       0 |        0 |       0 |       0 | 42-64             
  ...ivityMocks.ts |       0 |      100 |     100 |       0 | 3-73              
 ...rActivity/Card |       0 |        0 |       0 |       0 |                   
  ...dCardItem.tsx |       0 |        0 |       0 |       0 | 54-62             
 ...Activity/Modal |       0 |        0 |       0 |       0 |                   
  ...mberModal.tsx |       0 |        0 |       0 |       0 | 56-135            
 ...dal/CustomCell |       0 |        0 |       0 |       0 |                   
  ...TableCell.tsx |       0 |        0 |       0 |       0 | 34-71             
 ...berRequestCard |       0 |        0 |       0 |       0 |                   
  ...questCard.tsx |       0 |        0 |       0 |       0 | 59-92             
  ...questMocks.ts |       0 |      100 |     100 |       0 | 6-86              
 ...nents/NotFound |       0 |      100 |       0 |       0 |                   
  NotFound.tsx     |       0 |      100 |       0 |       0 | 41-43             
 ...gAdminListCard |       0 |        0 |       0 |       0 |                   
  ...nListCard.tsx |       0 |        0 |       0 |       0 | 48-81             
 ...OrgContriCards |       0 |      100 |       0 |       0 |                   
  ...ntriCards.tsx |       0 |      100 |       0 |       0 | 41-43             
 ...ents/OrgDelete |       0 |      100 |       0 |       0 |                   
  OrgDelete.tsx    |       0 |      100 |       0 |       0 | 36-38             
 ...ts/OrgListCard |       0 |        0 |       0 |       0 |                   
  OrgListCard.tsx  |       0 |        0 |       0 |       0 | 57-67             
  ...catedText.tsx |       0 |        0 |       0 |       0 | 39-81             
  useDebounce.tsx  |       0 |        0 |       0 |       0 | 35-55             
 ...PeopleListCard |       0 |        0 |       0 |       0 |                   
  ...eListCard.tsx |       0 |        0 |       0 |       0 | 49-79             
 ...ts/OrgPostCard |       0 |        0 |       0 |       0 |                   
  OrgPostCard.tsx  |       0 |        0 |       0 |       0 | 95-596            
 ...rd/DeleteModal |       0 |      100 |       0 |       0 |                   
  ...PostModal.tsx |       0 |      100 |       0 |       0 | 44-57             
 ...ItemCategories |       0 |        0 |       0 |       0 |                   
  ...ategories.tsx |       0 |        0 |       0 |       0 | 52-445            
  ...egoryMocks.ts |       0 |      100 |     100 |       0 | 9-175             
 ...tegories/Modal |       0 |        0 |       0 |       0 |                   
  ...goryModal.tsx |       0 |        0 |       0 |       0 | 24-228            
  ...ViewModal.tsx |       0 |        0 |       0 |       0 | 19-31             
 ...ItemCategories |       0 |        0 |       0 |       0 |                   
  ...aCategory.tsx |       0 |        0 |       0 |       0 | 53-159            
  ...ErrorMocks.ts |       0 |      100 |     100 |       0 | 5-20              
  ...egoryMocks.ts |       0 |      100 |     100 |       0 | 5                 
 ...egories/Create |       0 |      100 |       0 |       0 |                   
  ...eateModal.tsx |       0 |      100 |       0 |       0 | 55-103            
 ...egories/Delete |       0 |      100 |       0 |       0 |                   
  ...leteModal.tsx |       0 |      100 |       0 |       0 | 47-54             
 ...gories/Preview |       0 |      100 |       0 |       0 |                   
  ...viewModal.tsx |       0 |      100 |       0 |       0 | 54-102            
 ...egories/Update |       0 |      100 |       0 |       0 |                   
  ...dateModal.tsx |       0 |      100 |       0 |       0 | 57-102            
 ...ttings/General |       0 |      100 |       0 |       0 |                   
  ...lSettings.tsx |       0 |      100 |       0 |       0 | 23-26             
 ...eral/DeleteOrg |       0 |        0 |       0 |       0 |                   
  DeleteOrg.tsx    |       0 |        0 |       0 |       0 | 29-89             
 ...eral/OrgUpdate |       0 |        0 |       0 |       0 |                   
  OrgUpdate.tsx    |       0 |        0 |       0 |       0 | 46-323            
  ...pdateMocks.ts |       0 |      100 |     100 |       0 | 4-120             
 ...ationCardStart |       0 |        0 |       0 |       0 |                   
  ...CardStart.tsx |       0 |        0 |       0 |       0 | 35-37             
 ...ationDashCards |       0 |        0 |       0 |       0 |                   
  ...boardCard.tsx |       0 |        0 |       0 |       0 | 35-41             
 ...Cards/CardItem |       0 |        0 |       0 |       0 |                   
  CardItem.tsx     |       0 |        0 |       0 |       0 | 50-52             
 ...ardItem/Loader |       0 |      100 |       0 |       0 |                   
  ...emLoading.tsx |       0 |      100 |       0 |       0 | 37-38             
 ...shCards/Loader |       0 |      100 |       0 |       0 |                   
  ...rdLoading.tsx |       0 |      100 |       0 |       0 | 41-42             
 ...nizationScreen |       0 |        0 |       0 |       0 |                   
  ...ionScreen.tsx |       0 |        0 |       0 |       0 | 44-155            
 ...tion/Navigator |       0 |        0 |       0 |       0 |                   
  Pagination.tsx   |       0 |        0 |       0 |       0 | 53-105            
 ...PaginationList |       0 |        0 |       0 |       0 |                   
  ...ationList.tsx |       0 |        0 |       0 |       0 | 50-63             
 ...ts/ProfileCard |       0 |        0 |       0 |       0 |                   
  ProfileCard.tsx  |       0 |        0 |       0 |       0 | 49-109            
 ...rofileDropdown |       0 |        0 |       0 |       0 |                   
  ...eDropdown.tsx |       0 |        0 |       0 |       0 | 47-116            
 ...uestsTableItem |       0 |        0 |       0 |       0 |                   
  ...TableItem.tsx |       0 |        0 |       0 |       0 | 51-142            
  ...eItemMocks.ts |       0 |      100 |     100 |       0 | 6-45              
 ...s/SecuredRoute |       0 |        0 |       0 |       0 |                   
  SecuredRoute.tsx |       0 |        0 |       0 |       0 | 39-76             
 ...onents/SignOut |       0 |        0 |       0 |       0 |                   
  SignOut.tsx      |       0 |        0 |       0 |       0 | 49-90             
 ...perAdminScreen |       0 |        0 |       0 |       0 |                   
  ...minScreen.tsx |       0 |        0 |       0 |       0 | 33-118            
 ...ts/TableLoader |       0 |        0 |       0 |       0 |                   
  TableLoader.tsx  |       0 |        0 |       0 |       0 | 42-79             
 ...nts/TagActions |       0 |        0 |       0 |       0 |                   
  TagActions.tsx   |       0 |        0 |       0 |       0 | 73-416            
  ...tionsMocks.ts |       0 |        0 |       0 |       0 | 28-337            
 ...agActions/Node |       0 |        0 |       0 |       0 |                   
  TagNode.tsx      |       0 |        0 |       0 |       0 | 58-204            
  TagNodeMocks.ts  |       0 |      100 |     100 |       0 | 3-64              
 .../UpdateSession |       0 |        0 |       0 |       0 |                   
  ...teSession.tsx |       0 |        0 |       0 |       0 | 54-152            
 ...s/UserListCard |       0 |        0 |       0 |       0 |                   
  UserListCard.tsx |       0 |        0 |       0 |       0 | 56-78             
 ...PasswordUpdate |       0 |        0 |       0 |       0 |                   
  ...ordUpdate.tsx |       0 |        0 |       0 |       0 | 51-161            
  ...pdateMocks.ts |       0 |      100 |     100 |       0 | 3                 
 ...ortal/ChatRoom |       0 |        0 |       0 |       0 |                   
  ChatRoom.tsx     |       0 |        0 |       0 |       0 | 72-579            
 ...al/CommentCard |       0 |        0 |       0 |       0 |                   
  CommentCard.tsx  |       0 |        0 |       0 |       0 | 39-144            
 ...al/ContactCard |       0 |        0 |       0 |       0 |                   
  ContactCard.tsx  |       0 |        0 |       0 |       0 | 44-56             
 ...eateDirectChat |       0 |        0 |       0 |       0 |                   
  ...irectChat.tsx |       0 |        0 |       0 |       0 | 71-259            
  ...tChatMocks.ts |       0 |        0 |       0 |       0 | 19-484            
  ...ChatMocks2.ts |       0 |        0 |       0 |       0 | 17-399            
 ...reateGroupChat |       0 |        0 |       0 |       0 |                   
  ...GroupChat.tsx |       0 |        0 |       0 |       0 | 83-362            
 ...l/DonationCard |       0 |      100 |       0 |       0 |                   
  DonationCard.tsx |       0 |      100 |       0 |       0 | 36-46             
 ...rtal/EventCard |       0 |        0 |       0 |       0 |                   
  EventCard.tsx    |       0 |        0 |       0 |       0 | 61-106            
 ...ganizationCard |       0 |        0 |       0 |       0 |                   
  ...ationCard.tsx |       0 |        0 |       0 |       0 | 78-225            
 ...nizationNavbar |       0 |        0 |       0 |       0 |                   
  ...ionNavbar.tsx |       0 |        0 |       0 |       0 | 57-151            
 ...izationSidebar |       0 |        0 |       0 |       0 |                   
  ...onSidebar.tsx |       0 |        0 |       0 |       0 | 53-174            
 ...tal/PeopleCard |       0 |        0 |       0 |       0 |                   
  PeopleCard.tsx   |       0 |        0 |       0 |       0 | 46-48             
 ...ortal/PostCard |       0 |        0 |       0 |       0 |                   
  PostCard.tsx     |       0 |        0 |       0 |       0 | 64-381            
 ...l/PromotedPost |       0 |        0 |       0 |       0 |                   
  PromotedPost.tsx |       0 |        0 |       0 |       0 | 47                
 ...ortal/Register |       0 |        0 |       0 |       0 |                   
  Register.tsx     |       0 |        0 |       0 |       0 | 46-165            
 ...edRouteForUser |       0 |        0 |       0 |       0 |                   
  ...teForUser.tsx |       0 |        0 |       0 |       0 | 36-45             
 ...StartPostModal |       0 |        0 |       0 |       0 |                   
  ...PostModal.tsx |       0 |        0 |       0 |       0 | 52-191            
 ...tal/UserNavbar |       0 |        0 |       0 |       0 |                   
  UserNavbar.tsx   |       0 |        0 |       0 |       0 | 63-167            
 ...al/UserProfile |       0 |        0 |       0 |       0 |                   
  ...dedByUser.tsx |       0 |        0 |       0 |       0 | 59-75             
  ...essFields.tsx |       0 |      100 |       0 |       0 | 55-156            
 ...al/UserSidebar |       0 |        0 |       0 |       0 |                   
  UserSidebar.tsx  |       0 |        0 |       0 |       0 | 51-261            
 ...UserSidebarOrg |       0 |        0 |       0 |       0 |                   
  ...idebarOrg.tsx |       0 |        0 |       0 |       0 | 70-228            
 ...rofileSettings |       0 |        0 |       0 |       0 |                   
  UserProfile.tsx  |       0 |        0 |       0 |       0 | 48-69             
 ...ettings/Delete |       0 |      100 |       0 |       0 |                   
  DeleteUser.tsx   |       0 |      100 |       0 |       0 | 44-46             
 ...s/OtherSetting |       0 |      100 |       0 |       0 |                   
  ...rSettings.tsx |       0 |      100 |       0 |       0 | 37-39             
 ...UsersTableItem |       0 |        0 |       0 |       0 |                   
  ...eItemMocks.ts |       0 |      100 |     100 |       0 | 6-55              
  ...TableItem.tsx |       0 |        0 |       0 |       0 | 31-339            
 ...ponents/Venues |       0 |        0 |       0 |       0 |                   
  VenueCard.tsx    |       0 |        0 |       0 |       0 | 47-113            
  ...eCardMocks.ts |       0 |      100 |     100 |       0 | 3-40              
 ...s/Venues/Modal |       0 |        0 |       0 |       0 |                   
  VenueModal.tsx   |       0 |        0 |       0 |       0 | 65-354            
 ...nts/test-utils |       0 |        0 |       0 |       0 |                   
  ...Component.tsx |       0 |        0 |       0 |       0 | 12-21             
  ...viderMock.tsx |       0 |        0 |       0 |       0 | 21                
  ...serRouter.tsx |       0 |      100 |       0 |       0 | 12-13             
  ...rBoundary.tsx |       0 |        0 |       0 |       0 | 27-49             
  TestWrapper.tsx  |       0 |        0 |       0 |       0 | 51-55             
 src/plugin        |       0 |        0 |       0 |       0 |                   
  ...ql-service.ts |       0 |        0 |       0 |       0 | 43-146            
  hooks.ts         |       0 |        0 |       0 |       0 | 14-194            
  manager.ts       |       0 |        0 |       0 |       0 | 20-193            
  registry.tsx     |       0 |        0 |       0 |       0 | 24-277            
  types.ts         |       0 |        0 |       0 |       0 | 150-158           
  utils.ts         |       0 |        0 |       0 |       0 | 8-82              
 ...gin/components |       0 |        0 |       0 |       0 |                   
  ...nInjector.tsx |       0 |        0 |       0 |       0 | 26-67             
 ...lugin/managers |       0 |        0 |       0 |       0 |                   
  discovery.ts     |       0 |        0 |       0 |       0 | 12-200            
  event-manager.ts |       0 |        0 |       0 |       0 | 7-77              
  ...n-registry.ts |       0 |        0 |       0 |       0 | 13-295            
  lifecycle.ts     |       0 |        0 |       0 |       0 | 13-508            
 src/plugin/routes |       0 |        0 |       0 |       0 |                   
  ...eRenderer.tsx |       0 |        0 |       0 |       0 | 20-139            
  PluginRoutes.tsx |       0 |        0 |       0 |       0 | 22-93             
 ...lugin/services |       0 |        0 |       0 |       0 |                   
  ...ileService.ts |       0 |        0 |       0 |       0 | 47-453            
  ...FileWriter.ts |       0 |        0 |       0 |       0 | 29-438            
 src/plugin/vite   |       0 |        0 |       0 |       0 |                   
  ...iterPlugin.ts |       0 |        0 |       0 |       0 | 39-396            
 ...eens/BlockUser |       0 |        0 |       0 |       0 |                   
  BlockUser.tsx    |       0 |        0 |       0 |       0 | 72-345            
 ...mmunityProfile |       0 |        0 |       0 |       0 |                   
  ...tyProfile.tsx |       0 |        0 |       0 |       0 | 64-285            
 ...ventManagement |       0 |        0 |       0 |       0 |                   
  ...anagement.tsx |       0 |        0 |       0 |       0 | 77-252            
 ...ventVolunteers |       0 |        0 |       0 |       0 |                   
  ...Container.tsx |       0 |        0 |       0 |       0 | 43-104            
 ...teers/Requests |       0 |        0 |       0 |       0 |                   
  ...ests.mocks.ts |       0 |      100 |     100 |       0 | 4-327             
  Requests.tsx     |       0 |        0 |       0 |       0 | 62-360            
 ...olunteerGroups |       0 |        0 |       0 |       0 |                   
  ...eerGroups.tsx |       0 |        0 |       0 |       0 | 45-431            
 ...ps/deleteModal |       0 |        0 |       0 |       0 |                   
  ...leteModal.tsx |       0 |        0 |       0 |       0 | 58-131            
 ...erGroups/modal |       0 |        0 |       0 |       0 |                   
  ...roupModal.tsx |       0 |        0 |       0 |       0 | 107-399           
  ...oups.mocks.ts |       0 |      100 |     100 |       0 | 9-304             
 ...oups/viewModal |       0 |        0 |       0 |       0 |                   
  ...ViewModal.tsx |       0 |        0 |       0 |       0 | 63-229            
 ...ers/Volunteers |       0 |        0 |       0 |       0 |                   
  ...eers.mocks.ts |       0 |      100 |       0 |       0 | 9-364             
  Volunteers.tsx   |       0 |        0 |       0 |       0 | 72-524            
 ...rs/createModal |       0 |        0 |       0 |       0 |                   
  ...eateModal.tsx |       0 |        0 |       0 |       0 | 66-186            
 ...rs/deleteModal |       0 |        0 |       0 |       0 |                   
  ...leteModal.tsx |       0 |        0 |       0 |       0 | 58-138            
 ...eers/viewModal |       0 |        0 |       0 |       0 |                   
  ...ViewModal.tsx |       0 |        0 |       0 |       0 | 68-204            
 ...ForgotPassword |       0 |        0 |       0 |       0 |                   
  ...tPassword.tsx |       0 |        0 |       0 |       0 | 63-271            
 ...CampaignPledge |       0 |        0 |       0 |       0 |                   
  ...ignPledge.tsx |       0 |        0 |       0 |       0 | 29-600            
  PledgesMocks.ts  |       0 |      100 |     100 |       0 | 10-540            
 ...ge/deleteModal |       0 |      100 |       0 |       0 |                   
  ...leteModal.tsx |       0 |      100 |       0 |       0 | 48-69             
 ...gnPledge/modal |       0 |        0 |       0 |       0 |                   
  PledgeModal.tsx  |       0 |        0 |       0 |       0 | 89-327            
 ...ns/Leaderboard |       0 |        0 |       0 |       0 |                   
  ...oard.mocks.ts |       0 |      100 |     100 |       0 | 3-183             
  Leaderboard.tsx  |       0 |        0 |       0 |       0 | 71-329            
 ...eens/LoginPage |       0 |        0 |       0 |       0 |                   
  LoginPage.tsx    |       0 |        0 |       0 |       0 | 90-867            
 ...eens/ManageTag |       0 |        0 |       0 |       0 |                   
  ManageTag.tsx    |       0 |        0 |       0 |       0 | 97-527            
  ...geTagMocks.ts |       0 |      100 |     100 |       0 | 9-320             
 ...MockComponents |       0 |        0 |       0 |       0 |                   
  ...opleToTag.tsx |       0 |        0 |       0 |       0 | 34-42             
  ...agActions.tsx |       0 |        0 |       0 |       0 | 32-36             
 ...eTag/editModal |       0 |        0 |       0 |       0 |                   
  ...rTagModal.tsx |       0 |        0 |       0 |       0 | 49-103            
 ...ag/removeModal |       0 |      100 |       0 |       0 |                   
  ...rTagModal.tsx |       0 |      100 |       0 |       0 | 46-53             
 .../unassignModal |       0 |      100 |       0 |       0 |                   
  ...rTagModal.tsx |       0 |      100 |       0 |       0 | 44-93             
 ...s/MemberDetail |       0 |        0 |       0 |       0 |                   
  MemberDetail.tsx |       0 |        0 |       0 |       0 | 68-783            
  ...etailMocks.ts |       0 |      100 |     100 |       0 | 5-207             
 ...rgContribution |       0 |      100 |       0 |       0 |                   
  ...tribution.tsx |       0 |      100 |       0 |       0 | 48-53             
 ...creens/OrgList |       0 |        0 |       0 |       0 |                   
  OrgList.tsx      |       0 |        0 |       0 |       0 | 79-443            
  OrgListMocks.ts  |       0 |      100 |     100 |       0 | 16-237            
 .../OrgList/modal |       0 |        0 |       0 |       0 |                   
  ...tionModal.tsx |       0 |        0 |       0 |       0 | 80-292            
 ...creens/OrgPost |       0 |        0 |       0 |       0 |                   
  OrgPost.tsx      |       0 |        0 |       0 |       0 | 37-623            
  ...ostsStory.tsx |       0 |        0 |       0 |       0 | 34-69             
  Posts.tsx        |       0 |        0 |       0 |       0 | 48-217            
 ...ns/OrgSettings |       0 |        0 |       0 |       0 |                   
  ...ings.mocks.ts |       0 |      100 |     100 |       0 | 8                 
  OrgSettings.tsx  |       0 |        0 |       0 |       0 | 51-104            
 ...ionActionItems |       0 |        0 |       0 |       0 |                   
  ...Item.mocks.ts |       0 |      100 |     100 |       0 | 11-477            
  ...tionItems.tsx |       0 |        0 |       0 |       0 | 44-533            
 ...temDeleteModal |       0 |        0 |       0 |       0 |                   
  ...leteModal.tsx |       0 |        0 |       0 |       0 | 55-139            
 ...ctionItemModal |       0 |        0 |       0 |       0 |                   
  ...ItemModal.tsx |       0 |        0 |       0 |       0 | 48-453            
 ...temUpdateModal |       0 |        0 |       0 |       0 |                   
  ...atusModal.tsx |       0 |        0 |       0 |       0 | 57-223            
 ...nItemViewModal |       0 |        0 |       0 |       0 |                   
  ...ViewModal.tsx |       0 |        0 |       0 |       0 | 27-97             
 ...ationDashboard |       0 |        0 |       0 |       0 |                   
  ...Dashboard.tsx |       0 |        0 |       0 |       0 | 64-522            
  ...boardMocks.ts |       0 |      100 |       0 |       0 | 11-474            
 ...rd/Leaderboard |       0 |      100 |     100 |       0 |                   
  ...oard.mocks.ts |       0 |      100 |     100 |       0 | 3-183             
 ...ard/components |       0 |        0 |       0 |       0 |                   
  ...oardStats.tsx |       0 |        0 |       0 |       0 | 85-120            
  ...uestsCard.tsx |       0 |        0 |       0 |       0 | 58-131            
  ...PostsCard.tsx |       0 |        0 |       0 |       0 | 29-67             
  ...ventsCard.tsx |       0 |        0 |       0 |       0 | 67-108            
 ...nizationEvents |       0 |        0 |       0 |       0 |                   
  ...ventModal.tsx |       0 |        0 |       0 |       0 | 30-577            
  ...enceModal.tsx |       0 |        0 |       0 |       0 | 52-561            
  ...ionEvents.tsx |       0 |        0 |       0 |       0 | 84-225            
  ...ventsMocks.ts |       0 |      100 |     100 |       0 | 7                 
 ...onFundCampaign |       0 |        0 |       0 |       0 |                   
  ...Campagins.tsx |       0 |        0 |       0 |       0 | 26-442            
  ...paignMocks.ts |       0 |      100 |     100 |       0 | 7-177             
 ...Campaign/modal |       0 |        0 |       0 |       0 |                   
  ...aignModal.tsx |       0 |        0 |       0 |       0 | 60-298            
 ...anizationFunds |       0 |        0 |       0 |       0 |                   
  ...tionFunds.tsx |       0 |        0 |       0 |       0 | 22-400            
  ...FundsMocks.ts |       0 |      100 |     100 |       0 | 7-148             
 ...ionFunds/modal |       0 |        0 |       0 |       0 |                   
  FundModal.tsx    |       0 |        0 |       0 |       0 | 69-262            
 ...nizationPeople |       0 |        0 |       0 |       0 |                   
  ...ionPeople.tsx |       0 |        0 |       0 |       0 | 77-567            
 ...ople/addMember |       0 |        0 |       0 |       0 |                   
  AddMember.tsx    |       0 |        0 |       0 |       0 | 76-557            
 ...ganizationTags |       0 |        0 |       0 |       0 |                   
  ...ationTags.tsx |       0 |        0 |       0 |       0 | 71-499            
  ...nTagsMocks.ts |       0 |      100 |     100 |       0 | 5-477             
 ...onTransactions |       0 |      100 |       0 |       0 |                   
  ...nsactions.tsx |       0 |      100 |       0 |       0 | 23-29             
 ...nizationVenues |       0 |        0 |       0 |       0 |                   
  ...ionVenues.tsx |       0 |        0 |       0 |       0 | 67-273            
 ...s/PageNotFound |       0 |        0 |       0 |       0 |                   
  PageNotFound.tsx |       0 |        0 |       0 |       0 | 50-63             
 ...ns/PluginStore |       0 |        0 |       0 |       0 |                   
  PluginModal.tsx  |       0 |        0 |       0 |       0 | 21-433            
  PluginStore.tsx  |       0 |        0 |       0 |       0 | 21-147            
  ...uginModal.tsx |       0 |        0 |       0 |       0 | 23-130            
 ...ore/components |       0 |        0 |       0 |       0 |                   
  PluginCard.tsx   |       0 |      100 |       0 |       0 | 14-83             
  PluginList.tsx   |       0 |        0 |       0 |       0 | 22-62             
  ...tionModal.tsx |       0 |      100 |       0 |       0 | 28                
 ...ginStore/hooks |       0 |        0 |       0 |       0 |                   
  ...stallTimer.ts |       0 |        0 |       0 |       0 | 9-38              
  ...ginActions.ts |       0 |        0 |       0 |       0 | 23-180            
  ...ginFilters.ts |       0 |        0 |       0 |       0 | 15-161            
 ...reens/Requests |       0 |        0 |       0 |       0 |                   
  Requests.tsx     |       0 |        0 |       0 |       0 | 84-342            
  RequestsMocks.ts |       0 |      100 |     100 |       0 | 3-560             
 ...creens/SubTags |       0 |        0 |       0 |       0 |                   
  SubTags.tsx      |       0 |        0 |       0 |       0 | 76-463            
  SubTagsMocks.ts  |       0 |      100 |     100 |       0 | 5-489             
 ...rtal/Campaigns |       0 |        0 |       0 |       0 |                   
  Campaigns.tsx    |       0 |        0 |       0 |       0 | 58-259            
  ...aignsMocks.ts |       0 |      100 |     100 |       0 | 4-254             
  PledgeModal.tsx  |       0 |        0 |       0 |       0 | 79-355            
 ...serPortal/Chat |       0 |        0 |       0 |       0 |                   
  Chat.tsx         |       0 |        0 |       0 |       0 | 58-258            
 ...rPortal/Donate |       0 |        0 |       0 |       0 |                   
  Donate.tsx       |       0 |        0 |       0 |       0 | 74-275            
 ...rPortal/Events |       0 |        0 |       0 |       0 |                   
  Events.tsx       |       0 |        0 |       0 |       0 | 71-519            
 ...veOrganization |       0 |        0 |       0 |       0 |                   
  ...anization.tsx |       0 |        0 |       0 |       0 | 55-255            
 .../Organizations |       0 |        0 |       0 |       0 |                   
  ...nizations.tsx |       0 |        0 |       0 |       0 | 52-500            
 ...rPortal/People |       0 |        0 |       0 |       0 |                   
  People.tsx       |       0 |        0 |       0 |       0 | 89-304            
 ...Portal/Pledges |       0 |        0 |       0 |       0 |                   
  Pledges.tsx      |       0 |        0 |       0 |       0 | 67-500            
  PledgesMocks.ts  |       0 |      100 |     100 |       0 | 5-61              
 ...erPortal/Posts |       0 |        0 |       0 |       0 |                   
  ...dPostCard.tsx |       0 |        0 |       0 |       0 | 30-34             
  Posts.tsx        |       0 |        0 |       0 |       0 | 79-374            
 ...ortal/Settings |       0 |        0 |       0 |       0 |                   
  Settings.tsx     |       0 |        0 |       0 |       0 | 53-256            
  SettingsMocks.ts |       0 |      100 |     100 |       0 | 4-168             
 .../ProfileHeader |       0 |      100 |       0 |       0 |                   
  ...ileHeader.tsx |       0 |      100 |       0 |       0 | 28-31             
 ...leImageSection |       0 |        0 |       0 |       0 |                   
  ...geSection.tsx |       0 |        0 |       0 |       0 | 60-89             
 ...ngs/SideToggle |       0 |        0 |       0 |       0 |                   
  SideToggle.tsx   |       0 |        0 |       0 |       0 | 42-48             
 ...gs/UserDetails |       0 |        0 |       0 |       0 |                   
  UserDetails.tsx  |       0 |        0 |       0 |       0 | 88-322            
 ...l/Transactions |       0 |      100 |       0 |       0 |                   
  Transactions.tsx |       0 |      100 |       0 |       0 | 27-33             
 ...erGlobalScreen |       0 |        0 |       0 |       0 |                   
  ...balScreen.tsx |       0 |        0 |       0 |       0 | 34-72             
 ...tal/UserScreen |       0 |        0 |       0 |       0 |                   
  UserScreen.tsx   |       0 |        0 |       0 |       0 | 51-127            
 ...rtal/Volunteer |       0 |        0 |       0 |       0 |                   
  ...anagement.tsx |       0 |        0 |       0 |       0 | 50-215            
 ...unteer/Actions |       0 |        0 |       0 |       0 |                   
  Actions.mocks.ts |       0 |      100 |     100 |       0 | 3-253             
  Actions.tsx      |       0 |        0 |       0 |       0 | 58-430            
 ...lunteer/Groups |       0 |        0 |       0 |       0 |                   
  GroupModal.tsx   |       0 |        0 |       0 |       0 | 70-387            
  Groups.mocks.ts  |       0 |      100 |     100 |       0 | 10-464            
  Groups.tsx       |       0 |        0 |       0 |       0 | 69-364            
 ...er/Invitations |       0 |        0 |       0 |       0 |                   
  ...ions.mocks.ts |       0 |      100 |     100 |       0 | 4-401             
  Invitations.tsx  |       0 |        0 |       0 |       0 | 59-268            
 ...UpcomingEvents |       0 |        0 |       0 |       0 |                   
  ...teerModal.tsx |       0 |        0 |       0 |       0 | 79-164            
  ...ents.mocks.ts |       0 |        0 |       0 |       0 | 8-551             
  ...ingEvents.tsx |       0 |        0 |       0 |       0 | 75-671            
 src/screens/Users |       0 |        0 |       0 |       0 |                   
  ...tion.mocks.ts |       0 |        0 |       0 |       0 | 57-284            
  User.mocks.ts    |       0 |      100 |     100 |       0 | 7-161             
  Users.tsx        |       0 |        0 |       0 |       0 | 80-462            
  ...ocks.mocks.ts |       0 |      100 |       0 |       0 | 5-203             
 src/setup         |       0 |        0 |       0 |       0 |                   
  setup.ts         |       0 |        0 |       0 |       0 | 12-94             
 ...etDockerOption |       0 |        0 |       0 |       0 |                   
  ...ckerOption.ts |       0 |        0 |       0 |       0 | 6-33              
 ...kAndUpdatePort |       0 |        0 |       0 |       0 |                   
  ...UpdatePort.ts |       0 |        0 |       0 |       0 | 6-23              
 ...kForCustomPort |       0 |        0 |       0 |       0 |                   
  ...CustomPort.ts |       0 |        0 |       0 |       0 | 3-64              
 ...p/askForDocker |       0 |        0 |       0 |       0 |                   
  askForDocker.ts  |       0 |        0 |       0 |       0 | 6-99              
 ...orTalawaApiUrl |       0 |      100 |       0 |       0 |                   
  ...lawaApiUrl.ts |       0 |      100 |       0 |       0 | 4-15              
 ...heckConnection |       0 |      100 |       0 |       0 |                   
  ...Connection.ts |       0 |      100 |       0 |       0 | 2-14              
 ...p/checkEnvFile |       0 |        0 |       0 |       0 |                   
  checkEnvFile.ts  |       0 |        0 |       0 |       0 | 4-25              
 .../updateEnvFile |       0 |        0 |       0 |       0 |                   
  updateEnvFile.ts |       0 |        0 |       0 |       0 | 3-17              
 ...idateRecaptcha |       0 |      100 |       0 |       0 |                   
  ...eRecaptcha.ts |       0 |      100 |       0 |       0 | 2-3               
 src/state         |      50 |      100 |     100 |      50 |                   
  hooks.ts         |       0 |      100 |     100 |       0 | 5                 
  store.ts         |     100 |      100 |     100 |     100 |                   
 ...state/reducers |   86.95 |    81.25 |   88.88 |   86.95 |                   
  routesReducer.ts |   83.33 |    77.77 |      80 |   83.33 | 22,93             
  ...tesReducer.ts |    90.9 |    85.71 |     100 |    90.9 | 22                
 src/subComponents |       0 |        0 |       0 |       0 |                   
  SearchBar.tsx    |       0 |        0 |       0 |       0 | 29-60             
  ...ingButton.tsx |       0 |        0 |       0 |       0 | 29-53             
  ...ingButton.tsx |       0 |        0 |       0 |       0 | 43-85             
 .../Advertisement |       0 |        0 |       0 |       0 |                   
  type.ts          |       0 |        0 |       0 |       0 | 5-8               
 src/types/Event   |       0 |        0 |       0 |       0 |                   
  interface.ts     |       0 |        0 |       0 |       0 | 7-18              
  type.ts          |       0 |      100 |     100 |       0 | 108-116           
  utils.ts         |       0 |      100 |     100 |       0 | 7-50              
 src/types/Post    |       0 |      100 |     100 |       0 |                   
  type.ts          |       0 |      100 |     100 |       0 | 32                
 src/types/Tag     |     100 |      100 |     100 |     100 |                   
  utils.ts         |     100 |      100 |     100 |     100 |                   
 src/utils         |    7.34 |    14.35 |   12.65 |    7.48 |                   
  MinioDownload.ts |       0 |        0 |       0 |       0 | 11-46             
  MinioUpload.ts   |       0 |        0 |       0 |       0 | 12-70             
  ...icMockLink.ts |   82.81 |    67.39 |    90.9 |   82.81 | ...14-117,174-183 
  ...nInstaller.ts |       0 |        0 |       0 |       0 | 56-410            
  chartToPdf.ts    |       0 |        0 |       0 |       0 | 3-105             
  ...rtToBase64.ts |       0 |      100 |       0 |       0 | 1-11              
  currency.ts      |       0 |      100 |     100 |       0 | 1-166             
  dateFormatter.ts |       0 |        0 |       0 |       0 | 2-32              
  errorHandler.tsx |       0 |        0 |       0 |       0 | 10-30             
  fieldTypes.ts    |       0 |      100 |     100 |       0 | 1                 
  ...Validation.ts |       0 |        0 |       0 |       0 | 23-49             
  filehash.ts      |       0 |      100 |       0 |       0 | 1-8               
  ...EnumFields.ts |       0 |      100 |     100 |       0 | 1-326             
  ...nizationId.ts |       0 |      100 |       0 |       0 | 1-4               
  ...freshToken.ts |       0 |      100 |       0 |       0 | 7-33              
  i18n.ts          |       0 |      100 |     100 |       0 | 8                 
  i18nForTest.ts   |     100 |      100 |     100 |     100 |                   
  interfaces.ts    |       0 |        0 |       0 |       0 | 5-335             
  languages.ts     |     100 |      100 |     100 |     100 |                   
  linkValidator.ts |       0 |      100 |       0 |       0 | 1-6               
  ...nTagsUtils.ts |       0 |      100 |     100 |       0 | 12-48             
  ...dValidator.ts |       0 |        0 |       0 |       0 | 1-7               
  ...tizeAvatar.ts |       0 |        0 |       0 |       0 | 1-17              
  urlToFile.ts     |       0 |        0 |       0 |       0 | 2-13              
  ...calstorage.ts |       0 |        0 |       0 |       0 | 11-68             
  useSession.tsx   |       0 |        0 |       0 |       0 | 30-156            
 ...ecurrenceUtils |       0 |        0 |       0 |       0 |                   
  ...eConstants.ts |       0 |        0 |       0 |       0 | 8-101             
  ...renceTypes.ts |       0 |        0 |       0 |       0 | 20-42             
  ...yFunctions.ts |       0 |        0 |       0 |       0 | 20-316            
 .../timezoneUtils |       0 |        0 |       0 |       0 |                   
  ...TimeConfig.ts |       0 |      100 |     100 |       0 | 3                 
  ...Middleware.ts |       0 |        0 |       0 |       0 | 8-103             
-------------------|---------|----------|---------|---------|-------------------

=============================== Coverage summary ===============================
Statements   : 1.44% ( 162/11235 )
Branches     : 1.11% ( 70/6292 )
Functions    : 1.67% ( 47/2811 )
Lines        : 1.44% ( 158/10902 )
================================================================================
