
> talawa-admin@3.0.0 test
> cross-env TZ=UTC vitest run UsersTableItem.spec.tsx --run


[1m[46m RUN [49m[22m [36mv3.2.4 [39m[90mE:/talawa-admin[39m
      [2mCoverage enabled with [22m[33mistanbul[39m

node.exe : [90mstderr[2m | 
src/components/UsersTableItem/UsersTableItem.spec.tsx[2m > 
[22m[2mTesting User Table Item[2m > [22m[2mShould render 
props and text elements test for the page component
At line:1 char:1
+ & "C:\nvm4w\nodejs/node.exe" 
"C:\nvm4w\nodejs/node_modules/npm/bin/np ...
+ ~~~~~~~~~~~~~~~~~~~~~~~~~~~~~~~~~~~~~~~~~~~~~~~~~~~~~~~~~~~~~~~~
~~~~~
    + CategoryInfo          : NotSpecified: ([90mstderr[2m... p 
   age component:String) [], RemoteException
    + FullyQualifiedErrorId : NativeCommandError
 
[22m[39mAn error occurred! For more details, see the full error 
text at https://go.apollo.dev/c/err#%7B%22version%22%3A%223.14.0%2
2%2C%22message%22%3A104%2C%22args%22%3A%5B%22InMemoryCache%22%2C%2
2addTypename%22%2C%22Please%20remove%20the%20%60addTypename%60%20o
ption%20when%20initializing%20%60InMemoryCache%60.%22%5D%7D
In HTML, %s cannot be a child of <%s>.%s
This will cause a hydration error.%s

[90mstderr[2m | 
src/components/UsersTableItem/UsersTableItem.spec.tsx[2m > 
[22m[2mTesting User Table Item[2m > [22m[2mShould render 
props and text elements test for the Joined Organizations Modal 
properly
[22m[39mAn error occurred! For more details, see the full error 
text at https://go.apollo.dev/c/err#%7B%22version%22%3A%223.14.0%2
2%2C%22message%22%3A104%2C%22args%22%3A%5B%22InMemoryCache%22%2C%2
2addTypename%22%2C%22Please%20remove%20the%20%60addTypename%60%20o
ption%20when%20initializing%20%60InMemoryCache%60.%22%5D%7D

[90mstderr[2m | 
src/components/UsersTableItem/UsersTableItem.spec.tsx[2m > 
[22m[2mTesting User Table Item[2m > [22m[2mRemove user from 
Organization should function properly in Organizations Joined 
Modal
[22m[39mAn error occurred! For more details, see the full error 
text at https://go.apollo.dev/c/err#%7B%22version%22%3A%223.14.0%2
2%2C%22message%22%3A104%2C%22args%22%3A%5B%22InMemoryCache%22%2C%2
2addTypename%22%2C%22Please%20remove%20the%20%60addTypename%60%20o
ption%20when%20initializing%20%60InMemoryCache%60.%22%5D%7D

(node:23120) TimeoutNaNWarning: NaN is not a number.
Timeout duration was set to 1.
(Use `node --trace-warnings ...` to show where the warning was 
created)
[90mstderr[2m | 
src/components/UsersTableItem/UsersTableItem.spec.tsx[2m > 
[22m[2mTesting User Table Item[2m > [22m[2mhandles errors in 
removeUser mutation
[22m[39mAn error occurred! For more details, see the full error 
text at https://go.apollo.dev/c/err#%7B%22version%22%3A%223.14.0%2
2%2C%22message%22%3A104%2C%22args%22%3A%5B%22InMemoryCache%22%2C%2
2addTypename%22%2C%22Please%20remove%20the%20%60addTypename%60%20o
ption%20when%20initializing%20%60InMemoryCache%60.%22%5D%7D

[90mstderr[2m | 
src/components/UsersTableItem/UsersTableItem.spec.tsx[2m > 
[22m[2mTesting User Table Item[2m > [22m[2mhandles errors in 
removeUser mutation
[22m[39mAn error occurred! For more details, see the full error 
text at https://go.apollo.dev/c/err#%7B%22version%22%3A%223.14.0%2
2%2C%22message%22%3A13%2C%22args%22%3A%5B%22deleteOrganizationMemb
ership%22%2C%22%7B%5Cn%20%20%5C%22removeMember%5C%22%3A%20%7B%5Cn%
20%20%20%20%5C%22_id%5C%22%3A%20%5C%22123%5C%22%5Cn%20%20%7D%5Cn%7
D%22%5D%7D

[90mstderr[2m | 
src/components/UsersTableItem/UsersTableItem.spec.tsx[2m > 
[22m[2mTesting User Table Item[2m > [22m[2mchange role 
button should function properly
[22m[39mAn error occurred! For more details, see the full error 
text at https://go.apollo.dev/c/err#%7B%22version%22%3A%223.14.0%2
2%2C%22message%22%3A104%2C%22args%22%3A%5B%22InMemoryCache%22%2C%2
2addTypename%22%2C%22Please%20remove%20the%20%60addTypename%60%20o
ption%20when%20initializing%20%60InMemoryCache%60.%22%5D%7D

[90mstderr[2m | 
src/components/UsersTableItem/UsersTableItem.spec.tsx[2m > 
[22m[2mTesting User Table Item[2m > [22m[2mchange role 
button should trigger success toast when mutation succeeds
[22m[39mAn error occurred! For more details, see the full error 
text at https://go.apollo.dev/c/err#%7B%22version%22%3A%223.14.0%2
2%2C%22message%22%3A104%2C%22args%22%3A%5B%22InMemoryCache%22%2C%2
2addTypename%22%2C%22Please%20remove%20the%20%60addTypename%60%20o
ption%20when%20initializing%20%60InMemoryCache%60.%22%5D%7D

[90mstderr[2m | 
src/components/UsersTableItem/UsersTableItem.spec.tsx[2m > 
[22m[2mTesting User Table Item[2m > [22m[2mShould render 
Blocked Organizations Modal properly
[22m[39mAn error occurred! For more details, see the full error 
text at https://go.apollo.dev/c/err#%7B%22version%22%3A%223.14.0%2
2%2C%22message%22%3A104%2C%22args%22%3A%5B%22InMemoryCache%22%2C%2
2addTypename%22%2C%22Please%20remove%20the%20%60addTypename%60%20o
ption%20when%20initializing%20%60InMemoryCache%60.%22%5D%7D

[90mstderr[2m | 
src/components/UsersTableItem/UsersTableItem.spec.tsx[2m > 
[22m[2mTesting User Table Item[2m > [22m[2mhandles errors in 
unblockUser mutation
[22m[39mAn error occurred! For more details, see the full error 
text at https://go.apollo.dev/c/err#%7B%22version%22%3A%223.14.0%2
2%2C%22message%22%3A104%2C%22args%22%3A%5B%22InMemoryCache%22%2C%2
2addTypename%22%2C%22Please%20remove%20the%20%60addTypename%60%20o
ption%20when%20initializing%20%60InMemoryCache%60.%22%5D%7D

[90mstderr[2m | 
src/components/UsersTableItem/UsersTableItem.spec.tsx[2m > 
[22m[2mTesting User Table Item[2m > [22m[2mhandles errors in 
updateUserRole mutation
[22m[39mAn error occurred! For more details, see the full error 
text at https://go.apollo.dev/c/err#%7B%22version%22%3A%223.14.0%2
2%2C%22message%22%3A104%2C%22args%22%3A%5B%22InMemoryCache%22%2C%2
2addTypename%22%2C%22Please%20remove%20the%20%60addTypename%60%20o
ption%20when%20initializing%20%60InMemoryCache%60.%22%5D%7D

[90mstderr[2m | 
src/components/UsersTableItem/UsersTableItem.spec.tsx[2m > 
[22m[2mTesting User Table Item[2m > [22m[2mShould handle no 
joined organizations
[22m[39mAn error occurred! For more details, see the full error 
text at https://go.apollo.dev/c/err#%7B%22version%22%3A%223.14.0%2
2%2C%22message%22%3A104%2C%22args%22%3A%5B%22InMemoryCache%22%2C%2
2addTypename%22%2C%22Please%20remove%20the%20%60addTypename%60%20o
ption%20when%20initializing%20%60InMemoryCache%60.%22%5D%7D

[90mstderr[2m | 
src/components/UsersTableItem/UsersTableItem.spec.tsx[2m > 
[22m[2mTesting User Table Item[2m > [22m[2mShould handle no 
blocked organizations
[22m[39mAn error occurred! For more details, see the full error 
text at https://go.apollo.dev/c/err#%7B%22version%22%3A%223.14.0%2
2%2C%22message%22%3A104%2C%22args%22%3A%5B%22InMemoryCache%22%2C%2
2addTypename%22%2C%22Please%20remove%20the%20%60addTypename%60%20o
ption%20when%20initializing%20%60InMemoryCache%60.%22%5D%7D

[90mstderr[2m | 
src/components/UsersTableItem/UsersTableItem.spec.tsx[2m > 
[22m[2mTesting User Table Item[2m > [22m[2mShould handle 
admin role in blocked organizations modal
[22m[39mAn error occurred! For more details, see the full error 
text at https://go.apollo.dev/c/err#%7B%22version%22%3A%223.14.0%2
2%2C%22message%22%3A104%2C%22args%22%3A%5B%22InMemoryCache%22%2C%2
2addTypename%22%2C%22Please%20remove%20the%20%60addTypename%60%20o
ption%20when%20initializing%20%60InMemoryCache%60.%22%5D%7D

[90mstderr[2m | 
src/components/UsersTableItem/UsersTableItem.spec.tsx[2m > 
[22m[2mTesting User Table Item[2m > [22m[2mShould handle 
successful remove user with assertions
[22m[39mAn error occurred! For more details, see the full error 
text at https://go.apollo.dev/c/err#%7B%22version%22%3A%223.14.0%2
2%2C%22message%22%3A104%2C%22args%22%3A%5B%22InMemoryCache%22%2C%2
2addTypename%22%2C%22Please%20remove%20the%20%60addTypename%60%20o
ption%20when%20initializing%20%60InMemoryCache%60.%22%5D%7D

[90mstderr[2m | 
src/components/UsersTableItem/UsersTableItem.spec.tsx[2m > 
[22m[2mTesting User Table Item[2m > [22m[2mShould handle 
successful remove user with assertions
[22m[39mAn error occurred! For more details, see the full error 
text at https://go.apollo.dev/c/err#%7B%22version%22%3A%223.14.0%2
2%2C%22message%22%3A13%2C%22args%22%3A%5B%22deleteOrganizationMemb
ership%22%2C%22%7B%5Cn%20%20%5C%22removeMember%5C%22%3A%20%7B%5Cn%
20%20%20%20%5C%22_id%5C%22%3A%20%5C%22123%5C%22%5Cn%20%20%7D%5Cn%7
D%22%5D%7D

[90mstderr[2m | 
src/components/UsersTableItem/UsersTableItem.spec.tsx[2m > 
[22m[2mTesting User Table Item[2m > [22m[2mShould handle 
admin user role in joined organizations modal (disabled select)
[22m[39mAn error occurred! For more details, see the full error 
text at https://go.apollo.dev/c/err#%7B%22version%22%3A%223.14.0%2
2%2C%22message%22%3A104%2C%22args%22%3A%5B%22InMemoryCache%22%2C%2
2addTypename%22%2C%22Please%20remove%20the%20%60addTypename%60%20o
ption%20when%20initializing%20%60InMemoryCache%60.%22%5D%7D

[90mstderr[2m | 
src/components/UsersTableItem/UsersTableItem.spec.tsx[2m > 
[22m[2mTesting User Table Item[2m > [22m[2mShould handle 
admin user role in joined organizations modal (disabled select)
[22m[39mAn error occurred! For more details, see the full error 
text at https://go.apollo.dev/c/err#%7B%22version%22%3A%223.14.0%2
2%2C%22message%22%3A49%2C%22args%22%3A%5B%5D%7D

[90mstderr[2m | 
src/components/UsersTableItem/UsersTableItem.spec.tsx[2m > 
[22m[2mTesting User Table Item[2m > [22m[2mShould handle 
cancel remove user and reopen joined organizations modal
[22m[39mAn error occurred! For more details, see the full error 
text at https://go.apollo.dev/c/err#%7B%22version%22%3A%223.14.0%2
2%2C%22message%22%3A104%2C%22args%22%3A%5B%22InMemoryCache%22%2C%2
2addTypename%22%2C%22Please%20remove%20the%20%60addTypename%60%20o
ption%20when%20initializing%20%60InMemoryCache%60.%22%5D%7D

[90mstderr[2m | 
src/components/UsersTableItem/UsersTableItem.spec.tsx[2m > 
[22m[2mTesting User Table Item[2m > [22m[2mshould 
successfully unblock user and refetch data
[22m[39mAn error occurred! For more details, see the full error 
text at https://go.apollo.dev/c/err#%7B%22version%22%3A%223.14.0%2
2%2C%22message%22%3A104%2C%22args%22%3A%5B%22InMemoryCache%22%2C%2
2addTypename%22%2C%22Please%20remove%20the%20%60addTypename%60%20o
ption%20when%20initializing%20%60InMemoryCache%60.%22%5D%7D

[90mstderr[2m | 
src/components/UsersTableItem/UsersTableItem.spec.tsx[2m > 
[22m[2mTesting User Table Item[2m > [22m[2mshould reset 
blocked orgs when search value is empty
[22m[39mAn error occurred! For more details, see the full error 
text at https://go.apollo.dev/c/err#%7B%22version%22%3A%223.14.0%2
2%2C%22message%22%3A104%2C%22args%22%3A%5B%22InMemoryCache%22%2C%2
2addTypename%22%2C%22Please%20remove%20the%20%60addTypename%60%20o
ption%20when%20initializing%20%60InMemoryCache%60.%22%5D%7D

[90mstderr[2m | 
src/components/UsersTableItem/UsersTableItem.spec.tsx[2m > 
[22m[2mTesting User Table Item[2m > [22m[2mshould reopen 
blocked org modal when cancel unblock (Blocked path)
[22m[39mAn error occurred! For more details, see the full error 
text at https://go.apollo.dev/c/err#%7B%22version%22%3A%223.14.0%2
2%2C%22message%22%3A104%2C%22args%22%3A%5B%22InMemoryCache%22%2C%2
2addTypename%22%2C%22Please%20remove%20the%20%60addTypename%60%20o
ption%20when%20initializing%20%60InMemoryCache%60.%22%5D%7D

[90mstderr[2m | 
src/components/UsersTableItem/UsersTableItem.spec.tsx[2m > 
[22m[2mTesting User Table Item[2m > [22m[2mShould handle 
cancel unblock user and reopen blocked organizations modal
[22m[39mAn error occurred! For more details, see the full error 
text at https://go.apollo.dev/c/err#%7B%22version%22%3A%223.14.0%2
2%2C%22message%22%3A104%2C%22args%22%3A%5B%22InMemoryCache%22%2C%2
2addTypename%22%2C%22Please%20remove%20the%20%60addTypename%60%20o
ption%20when%20initializing%20%60InMemoryCache%60.%22%5D%7D

[90mstderr[2m | 
src/components/UsersTableItem/UsersTableItem.spec.tsx[2m > 
[22m[2mTesting User Table Item[2m > [22m[2mShould trigger 
onClear callback when clear button is clicked in SearchBar
[22m[39mAn error occurred! For more details, see the full error 
text at https://go.apollo.dev/c/err#%7B%22version%22%3A%223.14.0%2
2%2C%22message%22%3A104%2C%22args%22%3A%5B%22InMemoryCache%22%2C%2
2addTypename%22%2C%22Please%20remove%20the%20%60addTypename%60%20o
ption%20when%20initializing%20%60InMemoryCache%60.%22%5D%7D

[90mstderr[2m | 
src/components/UsersTableItem/UsersTableItem.spec.tsx[2m > 
[22m[2mTesting User Table Item[2m > [22m[2mShould close 
unblock user modal when clicking onHide (Escape key)
[22m[39mAn error occurred! For more details, see the full error 
text at https://go.apollo.dev/c/err#%7B%22version%22%3A%223.14.0%2
2%2C%22message%22%3A104%2C%22args%22%3A%5B%22InMemoryCache%22%2C%2
2addTypename%22%2C%22Please%20remove%20the%20%60addTypename%60%20o
ption%20when%20initializing%20%60InMemoryCache%60.%22%5D%7D

[90mstderr[2m | 
src/components/UsersTableItem/UsersTableItem.spec.tsx[2m > 
[22m[2mTesting User Table Item[2m > [22m[2mShould render 
Avatar fallback when org has no avatarURL in joined organizations
[22m[39mAn error occurred! For more details, see the full error 
text at https://go.apollo.dev/c/err#%7B%22version%22%3A%223.14.0%2
2%2C%22message%22%3A104%2C%22args%22%3A%5B%22InMemoryCache%22%2C%2
2addTypename%22%2C%22Please%20remove%20the%20%60addTypename%60%20o
ption%20when%20initializing%20%60InMemoryCache%60.%22%5D%7D

[90mstderr[2m | 
src/components/UsersTableItem/UsersTableItem.spec.tsx[2m > 
[22m[2mTesting User Table Item[2m > [22m[2mShould render 
Avatar fallback when org has no avatarURL in blocked organizations
[22m[39mAn error occurred! For more details, see the full error 
text at https://go.apollo.dev/c/err#%7B%22version%22%3A%223.14.0%2
2%2C%22message%22%3A104%2C%22args%22%3A%5B%22InMemoryCache%22%2C%2
2addTypename%22%2C%22Please%20remove%20the%20%60addTypename%60%20o
ption%20when%20initializing%20%60InMemoryCache%60.%22%5D%7D

 [31mΓ¥»[39m src/components/UsersTableItem/UsersTableItem.spec.tsx [2m([22m[2m23 tests[22m[2m | [22m[31m2 failed[39m[2m)[22m[33m 5458[2mms[22m[39m
   [32mΓ£ô[39m Testing User Table Item[2m > [22mShould render props and text elements test for the page component[32m 182[2mms[22m[39m
[31m   [31m├ù[31m Testing User Table Item[2m > [22mShould render props and text elements test for the Joined Organizations Modal properly[39m[32m 252[2mms[22m[39m
[31m     ΓåÆ Found multiple elements with the role "dialog"

Here are the matching elements:

Ignored nodes: comments, script, style
[36m<div[31m
  [33maria-describedby[31m=[32m"_r_9_"[31m
  [33maria-labelledby[31m=[32m"_r_8_"[31m
  [33maria-modal[31m=[32m"true"[31m
  [33mclass[31m=[32m"fade modal"[31m
  [33mrole[31m=[32m"dialog"[31m
  [33mstyle[31m=[32m"display: block; padding-right: 0px;"[31m
  [33mtabindex[31m=[32m"-1"[31m
[36m>[31m
  [36m<div[31m
    [33maria-modal[31m=[32m"true"[31m
    [33mclass[31m=[32m"modal-dialog modal-xl modal-dialog-centered"[31m
    [33mdata-testid[31m=[32m"modal-joined-org-123"[31m
    [33mrole[31m=[32m"dialog"[31m
  [36m>[31m
    [36m<div[31m
      [33mclass[31m=[32m"modal-content"[31m
    [36m>[31m
      [36m<div[31m
        [33mclass[31m=[32m"_modalHeader_d8535b modal-header"[31m
      [36m>[31m
        [36m<div[31m
          [33mclass[31m=[32m"modal-title h4"[31m
          [33mid[31m=[32m"_r_8_"[31m
        [36m>[31m
          [0mOrganizations Joined By[0m
          [0m [0m
          [0mJohn Doe[0m
          [0m ([0m
          [0m2[0m
          [0m)[0m
        [36m</div>[31m
        [36m<button[31m
          [33maria-label[31m=[32m"common.close"[31m
          [33mclass[31m=[32m"_closeButton_c7c198 btn btn-danger"[31m
          [33mdata-testid[31m=[32m"modalCloseBtn"[31m
          [33mtype[31m=[32m"button"[31m
        [36m>[31m
          [36m<i[31m
            [33mclass[31m=[32m"fa fa-times"[31m
          [36m/>[31m
        [36m</button>[31m
      [36m</div>[31m
      [36m<div[31m
        [33mclass[31m=[32m"modal-body"[31m
        [33mid[31m=[32m"_r_9_"[31m
      [36m>[31m
        [36m<div[31m
          [33mclass[31m=[32m"mb-4"[31m
        [36m>[31m
          [36m<div[31m
            [33mclass[31m=[32m"_searchBarContainer_d8535b _searchBarContainerWithButton_d8535b"[31m
          [36m>[31m
            [36m<div[31m
              [33mclass[31m=[32m"_searchBarInputWrapper_d8535b _searchBarInputWrapperWithButton_d8535b"[31m
            [36m>[31m
              [36m<input[31m
                [33mautocomplete[31m=[32m"off"[31m
                [33mclass[31m=[32m"_searchBarInput_d8535b _searchBarNoIcon_d8535b"[31m
                [33mdata-testid[31m=[32m"searchByNameJoinedOrgs"[31m
                [33mplaceholder[31m=[32m"Search By Organization Name"[31m
                [33mtype[31m=[32m"search"[31m
                [33mvalue[31m=[32m""[31m
              [36m/>[31m
            [36m</div>[31m
            [36m<button[31m
              [33maria-label[31m=[32m"Search"[31m
              [33mclass[31m=[32m"_searchBarButton_d8535b _searchBarIconButton_d8535b"[31m
              [33mdata-testid[31m=[32m"searchBtnJoinedOrgs"[31m
              [33mtype[31m=[32m"button"[31m
            [36m>[31m
              [36m<svg[31m
                [33maria-hidden[31m=[32m"true"[31m
                [33mclass[31m=[32m"MuiSvgIcon-root MuiSvgIcon-fontSizeSmall css-120dh41-MuiSvgIcon-root"[31m
                [33mdata-testid[31m=[32m"SearchIcon"[31m
                [33mfocusable[31m=[32m"false"[31m
                [33mviewBox[31m=[32m"0 0 24 24"[31m
              [36m>[31m
                [36m<path[31m
                  [33md[31m=[32m"M15.5 14h-.79l-.28-.27C15.41 12.59 16 11.11 16 9.5 16 5.91 13.09 3 9.5 3S3 5.91 3 9.5 5.91 16 9.5 16c1.61 0 3.09-.59 4.23-1.57l.27.28v.79l5 4.99L20.49 19zm-6 0C7.01 14 5 11.99 5 9.5S7.01 5 9.5 5 14 7.01 14 9.5 11.99 14 9.5 14"[31m
                [36m/>[31m
              [36m</svg>[31m
              [36m<span[31m
                [33mclass[31m=[32m"_searchBarSrOnly_d8535b"[31m
              [36m>[31m
                [0mSearch[0m
              [36m</span>[31m
            [36m</button>[31m
          [36m</div>[31m
        [36m</div>[31m
        [36m<div[31m
          [33mclass[31m=[32m"row"[31m
        [36m>[31m
          [36m<div[31m
            [33mclass[31m=[32m"_dataTableWrapper_d8535b"[31m
          [36m>[31m
            [36m<div[31m
              [33mclass[31m=[32m"table-responsive"[31m
            [36m>[31m
              [36m<table[31m
                [33mclass[31m=[32m"_dataTableBase_d8535b _modalTable_d8535b table table-striped table-hover"[31m
                [33mdata-testid[31m=[32m"datatable"[31m
              [36m>[31m
                [36m<thead>[31m
                  [36m<tr>[31m
                    [36m<th[31m
                      [33mscope[31m=[32m"col"[31m
                    [36m>[31m
                      [0mName[0m
                    [36m</th>[31m
                    [36m<th[31m
                      [33mscope[31m=[32m"col"[31m
                    [36m>[31m
                      [0mAddress[0m
                    [36m</th>[31m
                    [36m<th[31m
                      [33mscope[31m=[32m"col"[31m
                    [36m>[31m
                      [0mCreated On[0m
                    [36m</th>[31m
                    [36m<th[31m
                      [33mscope[31m=[32m"col"[31m
                    [36m>[31m
                      [0mCreated By[0m
                    [36m</th>[31m
                    [36m<th[31m
                      [33mscope[31m=[32m"col"[31m
                    [36m>[31m
                      [0mUser's Role[0m
                    [36m</th>[31m
                    [36m<th[31m
                      [33mscope[31m=[32m"col"[31m
                    [36m>[31m
                      [0mChange Role[0m
                    [36m</th>[31m
                    [36m<th[31m
                      [33mscope[31m=[32m"col"[31m
                    [36m>[31m
                      [0mAction[0m
                    [36m</th>[31m
                  [36m</tr>[31m
                [36m</thead>[31m
                [36m<tbody>[31m
                  [36m<tr>[31m
                    [36m<td>[31m
                      [36m<button[31m
                        [33mclass[31m=[32m"p-0 btn btn-link"[31m
                        [33mtype[31m=[32m"button"[31m
                      [36m>[31m
                        [36m<div[31m
                          [33mclass[31m=[32m"_container_5e1e60 _shapeCircle_5e1e60 _sizeLarge_5e1e60"[31m
                        [36m>[31m
                          [36m<img[31m
                            [33malt[31m=[32m"Profile picture of Joined Organization 1"[31m
                            [33mclass[31m=[32m"_image_5e1e60 _shapeCircle_5e1e60 _objectFitCover_5e1e60"[31m
                            [33mdecoding[31m=[32m"async"[31m
                            [33mloading[31m=[32m"lazy"[31m
                            [33msrc[31m=[32m"image.png"[31m
                          [36m/>[31m
                        [36m</div>[31m
                        [0mJoined Organization 1[0m
                      [36m</button>[31m
                    [36m</td>[31m
                    [36m<td>[31m
                      [0mKingston[0m
                    [36m</td>[31m
                    [36m<td>[31m
                      [0m10-10-2025[0m
                    [36m</td>[31m
                    [36m<td>[31m
                      [36m<button[31m
                        [33mclass[31m=[32m"p-0 btn btn-link"[31m
                        [33mdata-testid[31m=[32m"creatorabc"[31m
                        [33mtype[31m=[32m"button"[31m
                      [36m>[31m
                        [36m<div[31m
                          [33mclass[31m=[32m"_container_5e1e60 _shapeCircle_5e1e60 _sizeLarge_5e1e60"[31m
                        [36m>[31m
                          [36m<img[31m
                            [33malt[31m=[32m"Profile picture of John Doe"[31m
                            [33mclass[31m=[32m"_image_5e1e60 _shapeCircle_5e1e60 _objectFitCover_5e1e60"[31m
                            [33mdecoding[31m=[32m"async"[31m
                            [33mloading[31m=[32m"lazy"[31m
                            [33msrc[31m=[32m"image.png"[31m
                          [36m/>[31m
                        [36m</div>[31m
                        [0mJohn Doe[0m
                      [36m</button>[31m
                    [36m</td>[31m
                    [36m<td>[31m
                      [0m [0m
                      [0mUSER[0m
                      [0m [0m
                    [36m</td>[31m
                    [36m<td>[31m
                      [36m<select[31m
                        [33mclass[31m=[32m"form-select form-select-sm"[31m
                        [33mdata-testid[31m=[32m"changeRoleInOrgabc"[31m
                      [36m>[31m
                        [36m<option[31m
                          [33mselected[31m=[32m""[31m
                          [33mvalue[31m=[32m"USER?abc"[31m
                        [36m>[31m
                          [0mUSER[0m
                        [36m</option>[31m
                        [36m<option[31m
                          [33mvalue[31m=[32m"ADMIN?abc"[31m
                        [36m>[31m
                          [0mADMIN[0m
                        [36m</option>[31m
                      [36m</select>[31m
                    [36m</td>[31m
                    [36m<td>[31m
                      [36m<button[31m
                        [33mclass[31m=[32m"btn btn-danger _removeButton_d8535b btn btn-primary btn-sm"[31m
                        [33mdata-testid[31m=[32m"removeUserFromOrgBtnabc"[31m
                        [33mtype[31m=[32m"button"[31m
                      [36m>[31m
                        [0mRemove User[0m
                      [36m</button>[31m
                    [36m</td>[31m
                  [36m</tr>[31m
                  [36m<tr>[31m
                    [36m<td>[31m
                      [36m<button[31m
                        [33mclass[31m=[32m"p-0 btn btn-link"[31m
                        [33mtype[31m=[32m"button"[31m
                      [36m>[31m
                        [36m<div[31m
                          [33mclass[31m=[32m"_container_5e1e60 _shapeCircle_5e1e60 _sizeLarge_5e1e60"[31m
                        [36m>[31m
                          [36m<img[31m
                            [33malt[31m=[32m"Profile picture of Joined Organization 2"[31m
                            [33mclass[31m=[32m"_image_5e1e60 _shapeCircle_5e1e60 _objectFitCover_5e1e60"[31m
                            [33mdecoding[31m=[32m"async"[31m
                            [33mloading[31m=[32m"lazy"[31m
                            [33msrc[31m=[32m"image.png"[31m
                          [36m/>[31m
                        [36m</div>[31m
                        [0mJoined Organization 2[0m
                      [36m</button>[31m
                    [36m</td>[31m
                    [36m<td>[31m
                      [0mKingston[0m
                    [36m</td>[31m
                    [36m<td>[31m
                      [0m10-11-2025[0m
                    [36m</td>[31m
                    [36m<td>[31m
                      [36m<button[31m
                        [33mclass[31m=[32m"p-0 btn btn-link"[31m
                        [33mdata-testid[31m=[32m"creatordef"[31m
                        [33mtype[31m=[32m"button"[31m
                      [36m>[31m
                        [36m<div[31m
                          [33mclass[31m=[32m"_container_5e1e60 _shapeCircle_5e1e60 _sizeLarge_5e1e60"[31m
                        [36m>[31m
                          [36m<img[31m
                            [33malt[31m=[32m"Profile picture of John Doe"[31m
                            [33mclass[31m=[32m"_image_5e1e60 _shapeCircle_5e1e60 _objectFitCover_5e1e60"[31m
                            [33mdecoding[31m=[32m"async"[31m
                            [33mloading[31m=[32m"lazy"[31m
                            [33msrc[31m=[32m"image.png"[31m
                          [36m/>[31m
                        [36m</div>[31m
                        [0mJohn Doe[0m
                      [36m</button>[31m
                    [36m</td>[31m
                    [36m<td>[31m
                      [0m [0m
                      [0mUSER[0m
                      [0m [0m
                    [36m</td>[31m
                    [36m<td>[31m
                      [36m<select[31m
                        [33mclass[31m=[32m"form-select form-select-sm"[31m
                        [33mdata-testid[31m=[32m"changeRoleInOrgdef"[31m
                      [36m>[31m
                        [36m<option[31m
                          [33mselected[31m=[32m""[31m
                          [33mvalue[31m=[32m"USER?def"[31m
                        [36m>[31m
                          [0mUSER[0m
                        [36m</option>[31m
                        [36m<option[31m
                          [33mvalue[31m=[32m"ADMIN?def"[31m
                        [36m>[31m
                          [0mADMIN[0m
                        [36m</option>[31m
                      [36m</select>[31m
                    [36m</td>[31m
                    [36m<td>[31m
                      [36m<button[31m
                        [33mclass[31m=[32m"btn btn-danger _removeButton_d8535b btn btn-primary btn-sm"[31m
                        [33mdata-testid[31m=[32m"removeUserFromOrgBtndef"[31m
                        [33mtype[31m=[32m"button"[31m
                      [36m>[31m
                        [0mRemove User[0m
                      [36m</button>[31m
                    [36m</td>[31m
                  [36m</tr>[31m
                [36m</tbody>[31m
              [36m</table>[31m
            [36m</div>[31m
          [36m</div>[31m
        [36m</div>[31m
      [36m</div>[31m
      [36m<div[31m
        [33mclass[31m=[32m"modal-footer"[31m
        [33mdata-testid[31m=[32m"modal-footer"[31m
      [36m>[31m
        [36m<button[31m
          [33mclass[31m=[32m"btn btn-secondary"[31m
          [33mdata-testid[31m=[32m"closeJoinedOrgsBtn123"[31m
          [33mtype[31m=[32m"button"[31m
        [36m>[31m
          [0mClose[0m
        [36m</button>[31m
      [36m</div>[31m
    [36m</div>[31m
  [36m</div>[31m
[36m</div>[31m

Ignored nodes: comments, script, style
[36m<div[31m
  [33maria-modal[31m=[32m"true"[31m
  [33mclass[31m=[32m"modal-dialog modal-xl modal-dialog-centered"[31m
  [33mdata-testid[31m=[32m"modal-joined-org-123"[31m
  [33mrole[31m=[32m"dialog"[31m
[36m>[31m
  [36m<div[31m
    [33mclass[31m=[32m"modal-content"[31m
  [36m>[31m
    [36m<div[31m
      [33mclass[31m=[32m"_modalHeader_d8535b modal-header"[31m
    [36m>[31m
      [36m<div[31m
        [33mclass[31m=[32m"modal-title h4"[31m
        [33mid[31m=[32m"_r_8_"[31m
      [36m>[31m
        [0mOrganizations Joined By[0m
        [0m [0m
        [0mJohn Doe[0m
        [0m ([0m
        [0m2[0m
        [0m)[0m
      [36m</div>[31m
      [36m<button[31m
        [33maria-label[31m=[32m"common.close"[31m
        [33mclass[31m=[32m"_closeButton_c7c198 btn btn-danger"[31m
        [33mdata-testid[31m=[32m"modalCloseBtn"[31m
        [33mtype[31m=[32m"button"[31m
      [36m>[31m
        [36m<i[31m
          [33mclass[31m=[32m"fa fa-times"[31m
        [36m/>[31m
      [36m</button>[31m
    [36m</div>[31m
    [36m<div[31m
      [33mclass[31m=[32m"modal-body"[31m
      [33mid[31m=[32m"_r_9_"[31m
    [36m>[31m
      [36m<div[31m
        [33mclass[31m=[32m"mb-4"[31m
      [36m>[31m
        [36m<div[31m
          [33mclass[31m=[32m"_searchBarContainer_d8535b _searchBarContainerWithButton_d8535b"[31m
        [36m>[31m
          [36m<div[31m
            [33mclass[31m=[32m"_searchBarInputWrapper_d8535b _searchBarInputWrapperWithButton_d8535b"[31m
          [36m>[31m
            [36m<input[31m
              [33mautocomplete[31m=[32m"off"[31m
              [33mclass[31m=[32m"_searchBarInput_d8535b _searchBarNoIcon_d8535b"[31m
              [33mdata-testid[31m=[32m"searchByNameJoinedOrgs"[31m
              [33mplaceholder[31m=[32m"Search By Organization Name"[31m
              [33mtype[31m=[32m"search"[31m
              [33mvalue[31m=[32m""[31m
            [36m/>[31m
          [36m</div>[31m
          [36m<button[31m
            [33maria-label[31m=[32m"Search"[31m
            [33mclass[31m=[32m"_searchBarButton_d8535b _searchBarIconButton_d8535b"[31m
            [33mdata-testid[31m=[32m"searchBtnJoinedOrgs"[31m
            [33mtype[31m=[32m"button"[31m
          [36m>[31m
            [36m<svg[31m
              [33maria-hidden[31m=[32m"true"[31m
              [33mclass[31m=[32m"MuiSvgIcon-root MuiSvgIcon-fontSizeSmall css-120dh41-MuiSvgIcon-root"[31m
              [33mdata-testid[31m=[32m"SearchIcon"[31m
              [33mfocusable[31m=[32m"false"[31m
              [33mviewBox[31m=[32m"0 0 24 24"[31m
            [36m>[31m
              [36m<path[31m
                [33md[31m=[32m"M15.5 14h-.79l-.28-.27C15.41 12.59 16 11.11 16 9.5 16 5.91 13.09 3 9.5 3S3 5.91 3 9.5 5.91 16 9.5 16c1.61 0 3.09-.59 4.23-1.57l.27.28v.79l5 4.99L20.49 19zm-6 0C7.01 14 5 11.99 5 9.5S7.01 5 9.5 5 14 7.01 14 9.5 11.99 14 9.5 14"[31m
              [36m/>[31m
            [36m</svg>[31m
            [36m<span[31m
              [33mclass[31m=[32m"_searchBarSrOnly_d8535b"[31m
            [36m>[31m
              [0mSearch[0m
            [36m</span>[31m
          [36m</button>[31m
        [36m</div>[31m
      [36m</div>[31m
      [36m<div[31m
        [33mclass[31m=[32m"row"[31m
      [36m>[31m
        [36m<div[31m
          [33mclass[31m=[32m"_dataTableWrapper_d8535b"[31m
        [36m>[31m
          [36m<div[31m
            [33mclass[31m=[32m"table-responsive"[31m
          [36m>[31m
            [36m<table[31m
              [33mclass[31m=[32m"_dataTableBase_d8535b _modalTable_d8535b table table-striped table-hover"[31m
              [33mdata-testid[31m=[32m"datatable"[31m
            [36m>[31m
              [36m<thead>[31m
                [36m<tr>[31m
                  [36m<th[31m
                    [33mscope[31m=[32m"col"[31m
                  [36m>[31m
                    [0mName[0m
                  [36m</th>[31m
                  [36m<th[31m
                    [33mscope[31m=[32m"col"[31m
                  [36m>[31m
                    [0mAddress[0m
                  [36m</th>[31m
                  [36m<th[31m
                    [33mscope[31m=[32m"col"[31m
                  [36m>[31m
                    [0mCreated On[0m
                  [36m</th>[31m
                  [36m<th[31m
                    [33mscope[31m=[32m"col"[31m
                  [36m>[31m
                    [0mCreated By[0m
                  [36m</th>[31m
                  [36m<th[31m
                    [33mscope[31m=[32m"col"[31m
                  [36m>[31m
                    [0mUser's Role[0m
                  [36m</th>[31m
                  [36m<th[31m
                    [33mscope[31m=[32m"col"[31m
                  [36m>[31m
                    [0mChange Role[0m
                  [36m</th>[31m
                  [36m<th[31m
                    [33mscope[31m=[32m"col"[31m
                  [36m>[31m
                    [0mAction[0m
                  [36m</th>[31m
                [36m</tr>[31m
              [36m</thead>[31m
              [36m<tbody>[31m
                [36m<tr>[31m
                  [36m<td>[31m
                    [36m<button[31m
                      [33mclass[31m=[32m"p-0 btn btn-link"[31m
                      [33mtype[31m=[32m"button"[31m
                    [36m>[31m
                      [36m<div[31m
                        [33mclass[31m=[32m"_container_5e1e60 _shapeCircle_5e1e60 _sizeLarge_5e1e60"[31m
                      [36m>[31m
                        [36m<img[31m
                          [33malt[31m=[32m"Profile picture of Joined Organization 1"[31m
                          [33mclass[31m=[32m"_image_5e1e60 _shapeCircle_5e1e60 _objectFitCover_5e1e60"[31m
                          [33mdecoding[31m=[32m"async"[31m
                          [33mloading[31m=[32m"lazy"[31m
                          [33msrc[31m=[32m"image.png"[31m
                        [36m/>[31m
                      [36m</div>[31m
                      [0mJoined Organization 1[0m
                    [36m</button>[31m
                  [36m</td>[31m
                  [36m<td>[31m
                    [0mKingston[0m
                  [36m</td>[31m
                  [36m<td>[31m
                    [0m10-10-2025[0m
                  [36m</td>[31m
                  [36m<td>[31m
                    [36m<button[31m
                      [33mclass[31m=[32m"p-0 btn btn-link"[31m
                      [33mdata-testid[31m=[32m"creatorabc"[31m
                      [33mtype[31m=[32m"button"[31m
                    [36m>[31m
                      [36m<div[31m
                        [33mclass[31m=[32m"_container_5e1e60 _shapeCircle_5e1e60 _sizeLarge_5e1e60"[31m
                      [36m>[31m
                        [36m<img[31m
                          [33malt[31m=[32m"Profile picture of John Doe"[31m
                          [33mclass[31m=[32m"_image_5e1e60 _shapeCircle_5e1e60 _objectFitCover_5e1e60"[31m
                          [33mdecoding[31m=[32m"async"[31m
                          [33mloading[31m=[32m"lazy"[31m
                          [33msrc[31m=[32m"image.png"[31m
                        [36m/>[31m
                      [36m</div>[31m
                      [0mJohn Doe[0m
                    [36m</button>[31m
                  [36m</td>[31m
                  [36m<td>[31m
                    [0m [0m
                    [0mUSER[0m
                    [0m [0m
                  [36m</td>[31m
                  [36m<td>[31m
                    [36m<select[31m
                      [33mclass[31m=[32m"form-select form-select-sm"[31m
                      [33mdata-testid[31m=[32m"changeRoleInOrgabc"[31m
                    [36m>[31m
                      [36m<option[31m
                        [33mselected[31m=[32m""[31m
                        [33mvalue[31m=[32m"USER?abc"[31m
                      [36m>[31m
                        [0mUSER[0m
                      [36m</option>[31m
                      [36m<option[31m
                        [33mvalue[31m=[32m"ADMIN?abc"[31m
                      [36m>[31m
                        [0mADMIN[0m
                      [36m</option>[31m
                    [36m</select>[31m
                  [36m</td>[31m
                  [36m<td>[31m
                    [36m<button[31m
                      [33mclass[31m=[32m"btn btn-danger _removeButton_d8535b btn btn-primary btn-sm"[31m
                      [33mdata-testid[31m=[32m"removeUserFromOrgBtnabc"[31m
                      [33mtype[31m=[32m"button"[31m
                    [36m>[31m
                      [0mRemove User[0m
                    [36m</button>[31m
                  [36m</td>[31m
                [36m</tr>[31m
                [36m<tr>[31m
                  [36m<td>[31m
                    [36m<button[31m
                      [33mclass[31m=[32m"p-0 btn btn-link"[31m
                      [33mtype[31m=[32m"button"[31m
                    [36m>[31m
                      [36m<div[31m
                        [33mclass[31m=[32m"_container_5e1e60 _shapeCircle_5e1e60 _sizeLarge_5e1e60"[31m
                      [36m>[31m
                        [36m<img[31m
                          [33malt[31m=[32m"Profile picture of Joined Organization 2"[31m
                          [33mclass[31m=[32m"_image_5e1e60 _shapeCircle_5e1e60 _objectFitCover_5e1e60"[31m
                          [33mdecoding[31m=[32m"async"[31m
                          [33mloading[31m=[32m"lazy"[31m
                          [33msrc[31m=[32m"image.png"[31m
                        [36m/>[31m
                      [36m</div>[31m
                      [0mJoined Organization 2[0m
                    [36m</button>[31m
                  [36m</td>[31m
                  [36m<td>[31m
                    [0mKingston[0m
                  [36m</td>[31m
                  [36m<td>[31m
                    [0m10-11-2025[0m
                  [36m</td>[31m
                  [36m<td>[31m
                    [36m<button[31m
                      [33mclass[31m=[32m"p-0 btn btn-link"[31m
                      [33mdata-testid[31m=[32m"creatordef"[31m
                      [33mtype[31m=[32m"button"[31m
                    [36m>[31m
                      [36m<div[31m
                        [33mclass[31m=[32m"_container_5e1e60 _shapeCircle_5e1e60 _sizeLarge_5e1e60"[31m
                      [36m>[31m
                        [36m<img[31m
                          [33malt[31m=[32m"Profile picture of John Doe"[31m
                          [33mclass[31m=[32m"_image_5e1e60 _shapeCircle_5e1e60 _objectFitCover_5e1e60"[31m
                          [33mdecoding[31m=[32m"async"[31m
                          [33mloading[31m=[32m"lazy"[31m
                          [33msrc[31m=[32m"image.png"[31m
                        [36m/>[31m
                      [36m</div>[31m
                      [0mJohn Doe[0m
                    [36m</button>[31m
                  [36m</td>[31m
                  [36m<td>[31m
                    [0m [0m
                    [0mUSER[0m
                    [0m [0m
                  [36m</td>[31m
                  [36m<td>[31m
                    [36m<select[31m
                      [33mclass[31m=[32m"form-select form-select-sm"[31m
                      [33mdata-testid[31m=[32m"changeRoleInOrgdef"[31m
                    [36m>[31m
                      [36m<option[31m
                        [33mselected[31m=[32m""[31m
                        [33mvalue[31m=[32m"USER?def"[31m
                      [36m>[31m
                        [0mUSER[0m
                      [36m</option>[31m
                      [36m<option[31m
                        [33mvalue[31m=[32m"ADMIN?def"[31m
                      [36m>[31m
                        [0mADMIN[0m
                      [36m</option>[31m
                    [36m</select>[31m
                  [36m</td>[31m
                  [36m<td>[31m
                    [36m<button[31m
                      [33mclass[31m=[32m"btn btn-danger _removeButton_d8535b btn btn-primary btn-sm"[31m
                      [33mdata-testid[31m=[32m"removeUserFromOrgBtndef"[31m
                      [33mtype[31m=[32m"button"[31m
                    [36m>[31m
                      [0mRemove User[0m
                    [36m</button>[31m
                  [36m</td>[31m
                [36m</tr>[31m
              [36m</tbody>[31m
            [36m</table>[31m
          [36m</div>[31m
        [36m</div>[31m
      [36m</div>[31m
    [36m</div>[31m
    [36m<div[31m
      [33mclass[31m=[32m"modal-footer"[31m
      [33mdata-testid[31m=[32m"modal-footer"[31m
    [36m>[31m
      [36m<button[31m
        [33mclass[31m=[32m"btn btn-secondary"[31m
        [33mdata-testid[31m=[32m"closeJoinedOrgsBtn123"[31m
        [33mtype[31m=[32m"button"[31m
      [36m>[31m
        [0mClose[0m
      [36m</button>[31m
    [36m</div>[31m
  [36m</div>[31m
[36m</div>[31m

(If this is intentional, then use the `*AllBy*` variant of the query (like `queryAllByText`, `getAllByText`, or `findAllByText`)).

Ignored nodes: comments, script, style
[36m<body[31m
  [33mclass[31m=[32m"modal-open"[31m
  [33mdata-rr-ui-modal-open[31m=[32m""[31m
  [33mstyle[31m=[32m"padding-right: 1024px;"[31m
[36m>[31m
  [36m<div>[31m
    [36m<tr>[31m
      [36m<th[31m
        [33mscope[31m=[32m"row"[31m
      [36m>[31m
        [0m1[0m
      [36m</th>[31m
      [36m<td>[31m
        [0mJohn Doe[0m
      [36m</td>[31m
      [36m<td>[31m
        [0mjohn@example.com[0m
      [36m</td>[31m
      [36m<td>[31m
        [36m<button[31m
          [33mclass[31m=[32m"btn _editButton_d8535b btn btn-primary"[31m
          [33mdata-testid[31m=[32m"showJoinedOrgsBtn123"[31m
          [33mtype[31m=[32m"button"[31m
        [36m>[31m
          [0mView[0m
          [0m ([0m
          [0m2[0m
          [0m)[0m
        [36m</button>[31m
      [36m</td>[31m
      [36m<td>[31m
        [36m<button[31m
          [33mclass[31m=[32m"btn _removeButton_d8535b btn btn-primary"[31m
          [33mdata-testid[31m=[32m"showBlockedOrgsBtn123"[31m
          [33mtype[31m=[32m"button"[31m
        [36m>[31m
          [0mView[0m
          [0m ([0m
          [0m0[0m
          [0m)[0m
        [36m</button>[31m
      [36m</td>[31m
    [36m</tr>[31m
  [36m</div>[31m
  [36m<div[31m
    [33mclass[31m=[32m"fade modal-backdrop"[31m
  [36m/>[31m
  [36m<div[31m
    [33maria-describedby[31m=[32m"_r_9_"[31m
    [33maria-labelledby[31m=[32m"_r_8_"[31m
    [33maria-modal[31m=[32m"true"[31m
    [33mclass[31m=[32m"fade modal"[31m
    [33mrole[31m=[32m"dialog"[31m
    [33mstyle[31m=[32m"display: block; padding-right: 0px;"[31m
    [33mtabindex[31m=[32m"-1"[31m
  [36m>[31m
    [36m<div[31m
      [33maria-modal[31m=[32m"true"[31m
      [33mclass[31m=[32m"modal-dialog modal-xl modal-dialog-centered"[31m
      [33mdata-testid[31m=[32m"modal-joined-org-123"[31m
      [33mrole[31m=[32m"dialog"[31m
    [36m>[31m
      [36m<div[31m
        [33mclass[31m=[32m"modal-content"[31m
      [36m>[31m
        [36m<div[31m
          [33mclass[31m=[32m"_modalHeader_d8535b modal-header"[31m
        [36m>[31m
          [36m<div[31m
            [33mclass[31m=[32m"modal-title h4"[31m
            [33mid[31m=[32m"_r_8_"[31m
          [36m>[31m
            [0mOrganizations Joined By[0m
            [0m [0m
            [0mJohn Doe[0m
            [0m ([0m
            [0m2[0m
            [0m)[0m
          [36m</div>[31m
          [36m<button[31m
            [33maria-label[31m=[32m"common.close"[31m
            [33mclass[31m=[32m"_closeButton_c7c198 btn btn-danger"[31m
            [33mdata-testid[31m=[32m"modalCloseBtn"[31m
            [33mtype[31m=[32m"button"[31m
          [36m>[31m
            [36m<i[31m
              [33mclass[31m=[32m"fa fa-times"[31m
            [36m/>[31m
          [36m</button>[31m
        [36m</div>[31m
        [36m<div[31m
          [33mclass[31m=[32m"modal-body"[31m
          [33mid[31m=[32m"_r_9_"[31m
        [36m>[31m
          [36m<div[31m
            [33mclass[31m=[32m"mb-4"[31m
          [36m>[31m
            [36m<div[31m
              [33mclass[31m=[32m"_searchBarContainer_d8535b _searchBarContainerWithButton_d8535b"[31m
            [36m>[31m
              [36m<div[31m
                [33mclass[31m=[32m"_searchBarInputWrapper_d8535b _searchBarInputWrapperWithButton_d8535b"[31m
              [36m>[31m
                [36m<input[31m
                  [33mautocomplete[31m=[32m"off"[31m
                  [33mclass[31m=[32m"_searchBarInput_d8535b _searchBarNoIcon_d8535b"[31m
                  [33mdata-testid[31m=[32m"searchByNameJoinedOrgs"[31m
                  [33mplaceholder[31m=[32m"Search By Organization Name"[31m
                  [33mtype[31m=[32m"search"[31m
                  [33mvalue[31m=[32m""[31m
                [36m/>[31m
              [36m</div>[31m
              [36m<button[31m
                [33maria-label[31m=[32m"Search"[31m
                [33mclass[31m=[32m"_searchBarButton_d8535b _searchBarIconButton_d8535b"[31m
                [33mdata-testid[31m=[32m"searchBtnJoinedOrgs"[31m
                [33mtype[31m=[32m"button"[31m
              [36m>[31m
                [36m<svg[31m
                  [33maria-hidden[31m=[32m"true"[31m
                  [33mclass[31m=[32m"MuiSvgIcon-root MuiSvgIcon-fontSizeSmall css-120dh41-MuiSvgIcon-root"[31m
                  [33mdata-testid[31m=[32m"SearchIcon"[31m
                  [33mfocusable[31m=[32m"false"[31m
                  [33mviewBox[31m=[32m"0 0 24 24"[31m
                [36m>[31m
                  [36m<path[31m
                    [33md[31m=[32m"M15.5 14h-.79l-.28-.27C15.41 12.59 16 11.11 16 9.5 16 5.91 13.09 3 9.5 3S3 5.91 3 9.5 5.91 16 9.5 16c1.61 0 3.09-.59 4.23-1.57l.27.28v.79l5 4.99L20.49 19zm-6 0C7.01 14 5 11.99 5 9.5S7.01 5 9.5 5 14 7.01 14 9.5 11.99 14 9.5 14"[31m
                  [36m/>[31m
                [36m</svg>[31m
                [36m<span[31m
                  [33mclass[31m=[32m"_searchBarSrOnly_d8535b"[31m
                [36m>[31m
                  [0mSearch[0m
                [36m</span>[31m
              [36m</button>[31m
            [36m</div>[31m
          [36m</div>[31m
          [36m<div[31m
            [33mclass[31m=[32m"row"[31m
          [36m>[31m
            [36m<div[31m
              [33mclass[31m=[32m"_dataTableWrapper_d8535b"[31m
            [36m>[31m
              [36m<div[31m
                [33mclass[31m=[32m"table-responsive"[31m
              [36m>[31m
                [36m<table[31m
                  [33mclass[31m=[32m"_dataTableBase_d8535b _modalTable_d8535b table table-striped table-hover"[31m
                  [33mdata-testid[31m=[32m"datatable"[31m
                [36m>[31m
                  [36m<thead>[31m
                    [36m<tr>[31m
                      [36m<th[31m
                        [33mscope[31m=[32m"col"[31m
                      [36m>[31m
                        [0mName[0m
                      [36m</th>[31m
                      [36m<th[31m
                        [33mscope[31m=[32m"col"[31m
                      [36m>[31m
                        [0mAddress[0m
                      [36m</th>[31m
                      [36m<th[31m
                        [33mscope[31m=[32m"col"[31m
                      [36m>[31m
                        [0mCreated On[0m
                      [36m</th>[31m
                      [36m<th[31m
                        [33mscope[31m=[32m"col"[31m
                      [36m>[31m
                        [0mCreated By[0m
                      [36m</th>[31m
                      [36m<th[31m
                        [33mscope[31m=[32m"col"[31m
                      [36m>[31m
                        [0mUser's Role[0m
                      [36m</th>[31m
                      [36m<th[31m
                        [33mscope[31m=[32m"col"[31m
                      [36m>[31m
                        [0mChange Role[0m
                      [36m</th>[31m
                      [36m<th[31m
                        [33mscope[31m=[32m"col"[31m
                      [36m>[31m
                        [0mAction[0m
                      [36m</th>[31m
                    [36m</tr>[31m
                  [36m</thead>[31m
                  [36m<tbody>[31m
                    [36m<tr>[31m
                      [36m<td>[31m
                        [36m<button[31m
                          [33mclass[31m=[32m"p-0 btn btn-link"[31m
                          [33mtype[31m=[32m"button"[31m
                        [36m>[31m
                          [36m<div[31m
                            [33mclass[31m=[32m"_container_5e1e60 _shapeCircle_5e1e60 _sizeLarge_5e1e60"[31m
                          [36m>[31m
                            [36m<img[31m
                              [33malt[31m=[32m"Profile picture of Joined Organization 1"[31m
                              [33mclass[31m=[32m"_image_5e1e60 _shapeCircle_5e1e60 _objectFitCover_5e1e60"[31m
                              [33mdecoding[31m=[32m"async"[31m
                              [33mloading[31m=[32m"lazy"[31m
                              [33msrc[31m=[32m"image.png"[31m
                            [36m/>[31m
                          [36m</div>[31m
                          [0mJoined Organization 1[0m
                        [36m</button>[31m
                      [36m</td>[31m
                      [36m<td>[31m
                        [0mKingston[0m
                      [36m</td>[31m
                      [36m<td>[31m
                        [0m10-10-2025[0m
                      [36m</td>[31m
                      [36m<td>[31m
                        [36m<button[31m
                          [33mclass[31m=[32m"p-0 btn btn-link"[31m
                          [33mdata-testid[31m=[32m"creatorabc"[31m
                          [33mtype[31m=[32m"button"[31m
                        [36m>[31m
                          [36m<div[31m
                            [33mclass[31m=[32m"_container_5e1e60 _shapeCircle_5e1e60 _sizeLarge_5e1e60"[31m
                          [36m>[31m
                            [36m<img[31m
                              [33malt[31m=[32m"Profile picture of John Doe"[31m
                              [33mclass[31m=[32m"_image_5e1e60 _shapeCircle_5e1e60 _objectFitCover_5e1e60"[31m
                              [33mdecoding[31m=[32m"async"[31m
                              [33mloading[31m=[32m"lazy"[31m
                              [33msrc[31m=[32m"image.png"[31m
                            [36m/>[31m
                          [36m</div>[31m
                          [0mJohn Doe[0m
                        [36m</button>[31m
                      [36m</td>[31m
                      [36m<td>[31m
                        [0m [0m
                        [0mUSER[0m
                        [0m [0m
                      [36m</td>[31m
                      [36m<td>[31m
                        [36m<select[31m
                          [33mclass[31m=[32m"form-select form-select-sm"[31m
                          [33mdata-testid[31m=[32m"changeRoleInOrgabc"[31m
                        [36m>[31m
                          [36m<option[31m
                            [33mselected[31m=[32m""[31m
                            [33mvalue[31m=[32m"USER?abc"[31m
                          [36m>[31m
                            [0mUSER[0m
                          [36m</option>[31m
                          [36m<option[31m
                            [33mvalue[31m=[32m"ADMIN?abc"[31m
                          [36m>[31m
                            [0mADMIN[0m
                          [36m</option>[31m
                        [36m</select>[31m
                      [36m</td>[31m
                      [36m<td>[31m
                        [36m<button[31m
                          [33mclass[31m=[32m"btn btn-danger _removeButton_d8535b btn btn-primary btn-sm"[31m
                          [33mdata-testid[31m=[32m"removeUserFromOrgBtnabc"[31m
                          [33mtype[31m=[32m"button"[31m
                        [36m>[31m
                          [0mRemove User[0m
                        [36m</button>[31m
                      [36m</td>[31m
                    [36m</tr>[31m
                    [36m<tr>[31m
                      [36m<td>[31m
                        [36m<button[31m
                          [33mclass[31m=[32m"p-0 btn btn-link"[31m
                          [33mtype[31m=[32m"button"[31m
                        [36m>[31m
                          [36m<div[31m
                            [33mclass[31m=[32m"_container_5e1e60 _shapeCircle_5e1e60 _sizeLarge_5e1e60"[31m
                          [36m>[31m
                            [36m<img[31m
                              [33malt[31m=[32m"Profile picture of Joined Organization 2"[31m
                              [33mclass[31m=[32m"_image_5e1e60 _shapeCircle_5e1e60 _objectFitCover_5e1e60"[31m
                              [33mdecoding[31m=[32m"async"[31m
                              [33mloading[31m=[32m"lazy"[31m
                              [33msrc[31m=[32m"image.png"[31m
                            [36m/>[31m
                          [36m</div>[31m
                          [0mJoined Organization 2[0m
                        [36m</button>[31m
                      [36m</td>[31m
                      [36m<td>[31m
                        [0mKingston[0m
                      [36m</td>[31m
                      [36m<td>[31m
                        [0m10-11-2025[0m
                      [36m</td>[31m
                      [36m<td>[31m
                        [36m<button[31m
                          [33mclass[31m=[32m"p-0 btn btn-link"[31m
                          [33mdata-testid[31m=[32m"creatordef"[31m
                          [33mtype[31m=[32m"button"[31m
                        [36m>[31m
                          [36m<div[31m
                            [33mclass[31m=[32m"_container_5e1e60 _shapeCircle_5e1e60 _sizeLarge_5e1e60"[31m
                          [36m>[31m
                            [36m<img[31m
                              [33malt[31m=[32m"Profile picture of John Doe"[31m
                              [33mclass[31m=[32m"_image_5e1e60 _shapeCircle_5e1e60 _objectFitCover_5e1e60"[31m
                              [33mdecoding[31m=[32m"async"[31m
                              [33mloading[31m=[32m"lazy"[31m
                              [33msrc[31m=[32m"image.png"[31m
                            [36m/>[31m
                          [36m</div>[31m
                          [0mJohn Doe[0m
                        [36m</button>[31m
                      [36m</td>[31m
                      [36m<td>[31m
                        [0m [0m
                        [0mUSER[0m
                        [0m [0m
                      [36m</td>[31m
                      [36m<td>[31m
                        [36m<select[31m
                          [33mclass[31m=[32m"form-select form-select-sm"[31m
                          [33mdata-testid[31m=[32m"changeRoleInOrgdef"[31m
                        [36m>[31m
                          [36m<option[31m
                            [33mselected[31m=[32m""[31m
                            [33mvalue[31m=[32m"USER?def"[31m
                          [36m>[31m
                            [0mUSER[0m
                          [36m</option>[31m
                          [36m<option[31m
                            [33mvalue[31m=[32m"ADMIN?def"[31m
                          [36m>[31m
                            [0mADMIN[0m
                          [36m</option>[31m
                        [36m</select>[31m
                      [36m</td>[31m
                      [36m<td>[31m
                        [36m<button[31m
                          [33mclass[31m=[32m"btn btn-danger _removeButton_d8535b btn btn-primary btn-sm"[31m
                          [33mdata-testid[31m=[32m"removeUserFromOrgBtndef"[31m
                          [33mtype[31m=[32m"button"[31m
                        [36m>[31m
                          [0mRemove User[0m
                        [36m</button>[31m
                      [36m</td>[31m
                    [36m</tr>[31m
                  [36m</tbody>[31m
                [36m</table>[31m
              [36m</div>[31m
            [36m</div>[31m
          [36m</div>[31m
        [36m</div>[31m
        [36m<div[31m
          [33mclass[31m=[32m"modal-footer"[31m
          [33mdata-testid[31m=[32m"modal-footer"[31m
        [36m>[31m
          [36m<button[31m
            [33mclass[31m=[32m"btn btn-secondary"[31m
            [33mdata-testid[31m=[32m"closeJoinedOrgsBtn123"[31m
            [33mtype[31m=[32m"button"[31m
          [36m>[31m
            [0mClose[0m
          [36m</button>[31m
        [36m</div>[31m
      [36m</div>[31m
    [36m</div>[31m
  [36m</div>[31m
[36m</body>[31m[39m
   [32mΓ£ô[39m Testing User Table Item[2m > [22mRemove user from Organization should function properly in Organizations Joined Modal[32m 257[2mms[22m[39m
   [33m[2mΓ£ô[22m[39m Testing User Table Item[2m > [22mhandles errors in removeUser mutation [33m 377[2mms[22m[39m
   [33m[2mΓ£ô[22m[39m Testing User Table Item[2m > [22mchange role button should function properly [33m 455[2mms[22m[39m
   [33m[2mΓ£ô[22m[39m Testing User Table Item[2m > [22mchange role button should trigger success toast when mutation succeeds [33m 383[2mms[22m[39m
[31m   [31m├ù[31m Testing User Table Item[2m > [22mShould render Blocked Organizations Modal properly[39m[32m 227[2mms[22m[39m
[31m     ΓåÆ Found multiple elements with the role "dialog"

Here are the matching elements:

Ignored nodes: comments, script, style
[36m<div[31m
  [33maria-describedby[31m=[32m"_r_1l_"[31m
  [33maria-labelledby[31m=[32m"_r_1k_"[31m
  [33maria-modal[31m=[32m"true"[31m
  [33mclass[31m=[32m"fade modal"[31m
  [33mrole[31m=[32m"dialog"[31m
  [33mstyle[31m=[32m"display: block; padding-right: 0px;"[31m
  [33mtabindex[31m=[32m"-1"[31m
[36m>[31m
  [36m<div[31m
    [33maria-modal[31m=[32m"true"[31m
    [33mclass[31m=[32m"modal-dialog modal-xl modal-dialog-centered"[31m
    [33mdata-testid[31m=[32m"modal-blocked-org-123"[31m
    [33mrole[31m=[32m"dialog"[31m
  [36m>[31m
    [36m<div[31m
      [33mclass[31m=[32m"modal-content"[31m
    [36m>[31m
      [36m<div[31m
        [33mclass[31m=[32m"_modalHeader_d8535b modal-header"[31m
      [36m>[31m
        [36m<div[31m
          [33mclass[31m=[32m"modal-title h4"[31m
          [33mid[31m=[32m"_r_1k_"[31m
        [36m>[31m
          [0mOrganizations That Blocked[0m
          [0m [0m
          [0mJohn Doe[0m
          [0m ([0m
          [0m2[0m
          [0m)[0m
        [36m</div>[31m
        [36m<button[31m
          [33maria-label[31m=[32m"common.close"[31m
          [33mclass[31m=[32m"_closeButton_c7c198 btn btn-danger"[31m
          [33mdata-testid[31m=[32m"modalCloseBtn"[31m
          [33mtype[31m=[32m"button"[31m
        [36m>[31m
          [36m<i[31m
            [33mclass[31m=[32m"fa fa-times"[31m
          [36m/>[31m
        [36m</button>[31m
      [36m</div>[31m
      [36m<div[31m
        [33mclass[31m=[32m"modal-body"[31m
        [33mid[31m=[32m"_r_1l_"[31m
      [36m>[31m
        [36m<div[31m
          [33mclass[31m=[32m"search-bar-container"[31m
        [36m>[31m
          [36m<div[31m
            [33mclass[31m=[32m"_searchBarContainer_d8535b _searchBarContainerWithButton_d8535b"[31m
          [36m>[31m
            [36m<div[31m
              [33mclass[31m=[32m"_searchBarInputWrapper_d8535b _searchBarInputWrapperWithButton_d8535b"[31m
            [36m>[31m
              [36m<input[31m
                [33mautocomplete[31m=[32m"off"[31m
                [33mclass[31m=[32m"_searchBarInput_d8535b _searchBarNoIcon_d8535b"[31m
                [33mdata-testid[31m=[32m"searchByNameBlockedOrgs"[31m
                [33mplaceholder[31m=[32m"Search By Organization Name"[31m
                [33mtype[31m=[32m"search"[31m
                [33mvalue[31m=[32m""[31m
              [36m/>[31m
            [36m</div>[31m
            [36m<button[31m
              [33maria-label[31m=[32m"Search"[31m
              [33mclass[31m=[32m"_searchBarButton_d8535b _searchBarIconButton_d8535b"[31m
              [33mdata-testid[31m=[32m"searchBtnBlockedOrgs"[31m
              [33mtype[31m=[32m"button"[31m
            [36m>[31m
              [36m<svg[31m
                [33maria-hidden[31m=[32m"true"[31m
                [33mclass[31m=[32m"MuiSvgIcon-root MuiSvgIcon-fontSizeSmall css-120dh41-MuiSvgIcon-root"[31m
                [33mdata-testid[31m=[32m"SearchIcon"[31m
                [33mfocusable[31m=[32m"false"[31m
                [33mviewBox[31m=[32m"0 0 24 24"[31m
              [36m>[31m
                [36m<path[31m
                  [33md[31m=[32m"M15.5 14h-.79l-.28-.27C15.41 12.59 16 11.11 16 9.5 16 5.91 13.09 3 9.5 3S3 5.91 3 9.5 5.91 16 9.5 16c1.61 0 3.09-.59 4.23-1.57l.27.28v.79l5 4.99L20.49 19zm-6 0C7.01 14 5 11.99 5 9.5S7.01 5 9.5 5 14 7.01 14 9.5 11.99 14 9.5 14"[31m
                [36m/>[31m
              [36m</svg>[31m
              [36m<span[31m
                [33mclass[31m=[32m"_searchBarSrOnly_d8535b"[31m
              [36m>[31m
                [0mSearch[0m
              [36m</span>[31m
            [36m</button>[31m
          [36m</div>[31m
        [36m</div>[31m
        [36m<div[31m
          [33mclass[31m=[32m"row"[31m
        [36m>[31m
          [36m<div[31m
            [33mclass[31m=[32m"_dataTableWrapper_d8535b"[31m
          [36m>[31m
            [36m<div[31m
              [33mclass[31m=[32m"table-responsive"[31m
            [36m>[31m
              [36m<table[31m
                [33mclass[31m=[32m"_dataTableBase_d8535b _modalTable_d8535b table table-striped table-hover"[31m
                [33mdata-testid[31m=[32m"datatable"[31m
              [36m>[31m
                [36m<thead>[31m
                  [36m<tr>[31m
                    [36m<th[31m
                      [33mscope[31m=[32m"col"[31m
                    [36m>[31m
                      [0mName[0m
                    [36m</th>[31m
                    [36m<th[31m
                      [33mscope[31m=[32m"col"[31m
                    [36m>[31m
                      [0mAddress[0m
                    [36m</th>[31m
                    [36m<th[31m
                      [33mscope[31m=[32m"col"[31m
                    [36m>[31m
                      [0mCreated On[0m
                    [36m</th>[31m
                    [36m<th[31m
                      [33mscope[31m=[32m"col"[31m
                    [36m>[31m
                      [0mCreated By[0m
                    [36m</th>[31m
                    [36m<th[31m
                      [33mscope[31m=[32m"col"[31m
                    [36m>[31m
                      [0mUser's Role[0m
                    [36m</th>[31m
                    [36m<th[31m
                      [33mscope[31m=[32m"col"[31m
                    [36m>[31m
                      [0mAction[0m
                    [36m</th>[31m
                  [36m</tr>[31m
                [36m</thead>[31m
                [36m<tbody>[31m
                  [36m<tr>[31m
                    [36m<td>[31m
                      [36m<button[31m
                        [33mclass[31m=[32m"p-0 btn btn-link"[31m
                        [33mtype[31m=[32m"button"[31m
                      [36m>[31m
                        [36m<div[31m
                          [33mclass[31m=[32m"_container_5e1e60 _shapeCircle_5e1e60 _sizeLarge_5e1e60"[31m
                        [36m>[31m
                          [36m<img[31m
                            [33malt[31m=[32m"Profile picture of Blocked Organization 1"[31m
                            [33mclass[31m=[32m"_image_5e1e60 _shapeCircle_5e1e60 _objectFitCover_5e1e60"[31m
                            [33mdecoding[31m=[32m"async"[31m
                            [33mloading[31m=[32m"lazy"[31m
                            [33msrc[31m=[32m"image.png"[31m
                          [36m/>[31m
                        [36m</div>[31m
                        [0mBlocked Organization 1[0m
                      [36m</button>[31m
                    [36m</td>[31m
                    [36m<td>[31m
                      [0mToronto[0m
                    [36m</td>[31m
              ...

Ignored nodes: comments, script, style
[36m<div[31m
  [33maria-modal[31m=[32m"true"[31m
  [33mclass[31m=[32m"modal-dialog modal-xl modal-dialog-centered"[31m
  [33mdata-testid[31m=[32m"modal-blocked-org-123"[31m
  [33mrole[31m=[32m"dialog"[31m
[36m>[31m
  [36m<div[31m
    [33mclass[31m=[32m"modal-content"[31m
  [36m>[31m
    [36m<div[31m
      [33mclass[31m=[32m"_modalHeader_d8535b modal-header"[31m
    [36m>[31m
      [36m<div[31m
        [33mclass[31m=[32m"modal-title h4"[31m
        [33mid[31m=[32m"_r_1k_"[31m
      [36m>[31m
        [0mOrganizations That Blocked[0m
        [0m [0m
        [0mJohn Doe[0m
        [0m ([0m
        [0m2[0m
        [0m)[0m
      [36m</div>[31m
      [36m<button[31m
        [33maria-label[31m=[32m"common.close"[31m
        [33mclass[31m=[32m"_closeButton_c7c198 btn btn-danger"[31m
        [33mdata-testid[31m=[32m"modalCloseBtn"[31m
        [33mtype[31m=[32m"button"[31m
      [36m>[31m
        [36m<i[31m
          [33mclass[31m=[32m"fa fa-times"[31m
        [36m/>[31m
      [36m</button>[31m
    [36m</div>[31m
    [36m<div[31m
      [33mclass[31m=[32m"modal-body"[31m
      [33mid[31m=[32m"_r_1l_"[31m
    [36m>[31m
      [36m<div[31m
        [33mclass[31m=[32m"search-bar-container"[31m
      [36m>[31m
        [36m<div[31m
          [33mclass[31m=[32m"_searchBarContainer_d8535b _searchBarContainerWithButton_d8535b"[31m
        [36m>[31m
          [36m<div[31m
            [33mclass[31m=[32m"_searchBarInputWrapper_d8535b _searchBarInputWrapperWithButton_d8535b"[31m
          [36m>[31m
            [36m<input[31m
              [33mautocomplete[31m=[32m"off"[31m
              [33mclass[31m=[32m"_searchBarInput_d8535b _searchBarNoIcon_d8535b"[31m
              [33mdata-testid[31m=[32m"searchByNameBlockedOrgs"[31m
              [33mplaceholder[31m=[32m"Search By Organization Name"[31m
              [33mtype[31m=[32m"search"[31m
              [33mvalue[31m=[32m""[31m
            [36m/>[31m
          [36m</div>[31m
          [36m<button[31m
            [33maria-label[31m=[32m"Search"[31m
            [33mclass[31m=[32m"_searchBarButton_d8535b _searchBarIconButton_d8535b"[31m
            [33mdata-testid[31m=[32m"searchBtnBlockedOrgs"[31m
            [33mtype[31m=[32m"button"[31m
          [36m>[31m
            [36m<svg[31m
              [33maria-hidden[31m=[32m"true"[31m
              [33mclass[31m=[32m"MuiSvgIcon-root MuiSvgIcon-fontSizeSmall css-120dh41-MuiSvgIcon-root"[31m
              [33mdata-testid[31m=[32m"SearchIcon"[31m
              [33mfocusable[31m=[32m"false"[31m
              [33mviewBox[31m=[32m"0 0 24 24"[31m
            [36m>[31m
              [36m<path[31m
                [33md[31m=[32m"M15.5 14h-.79l-.28-.27C15.41 12.59 16 11.11 16 9.5 16 5.91 13.09 3 9.5 3S3 5.91 3 9.5 5.91 16 9.5 16c1.61 0 3.09-.59 4.23-1.57l.27.28v.79l5 4.99L20.49 19zm-6 0C7.01 14 5 11.99 5 9.5S7.01 5 9.5 5 14 7.01 14 9.5 11.99 14 9.5 14"[31m
              [36m/>[31m
            [36m</svg>[31m
            [36m<span[31m
              [33mclass[31m=[32m"_searchBarSrOnly_d8535b"[31m
            [36m>[31m
              [0mSearch[0m
            [36m</span>[31m
          [36m</button>[31m
        [36m</div>[31m
      [36m</div>[31m
      [36m<div[31m
        [33mclass[31m=[32m"row"[31m
      [36m>[31m
        [36m<div[31m
          [33mclass[31m=[32m"_dataTableWrapper_d8535b"[31m
        [36m>[31m
          [36m<div[31m
            [33mclass[31m=[32m"table-responsive"[31m
          [36m>[31m
            [36m<table[31m
              [33mclass[31m=[32m"_dataTableBase_d8535b _modalTable_d8535b table table-striped table-hover"[31m
              [33mdata-testid[31m=[32m"datatable"[31m
            [36m>[31m
              [36m<thead>[31m
                [36m<tr>[31m
                  [36m<th[31m
                    [33mscope[31m=[32m"col"[31m
                  [36m>[31m
                    [0mName[0m
                  [36m</th>[31m
                  [36m<th[31m
                    [33mscope[31m=[32m"col"[31m
                  [36m>[31m
                    [0mAddress[0m
                  [36m</th>[31m
                  [36m<th[31m
                    [33mscope[31m=[32m"col"[31m
                  [36m>[31m
                    [0mCreated On[0m
                  [36m</th>[31m
                  [36m<th[31m
                    [33mscope[31m=[32m"col"[31m
                  [36m>[31m
                    [0mCreated By[0m
                  [36m</th>[31m
                  [36m<th[31m
                    [33mscope[31m=[32m"col"[31m
                  [36m>[31m
                    [0mUser's Role[0m
                  [36m</th>[31m
                  [36m<th[31m
                    [33mscope[31m=[32m"col"[31m
                  [36m>[31m
                    [0mAction[0m
                  [36m</th>[31m
                [36m</tr>[31m
              [36m</thead>[31m
              [36m<tbody>[31m
                [36m<tr>[31m
                  [36m<td>[31m
                    [36m<button[31m
                      [33mclass[31m=[32m"p-0 btn btn-link"[31m
                      [33mtype[31m=[32m"button"[31m
                    [36m>[31m
                      [36m<div[31m
                        [33mclass[31m=[32m"_container_5e1e60 _shapeCircle_5e1e60 _sizeLarge_5e1e60"[31m
                      [36m>[31m
                        [36m<img[31m
                          [33malt[31m=[32m"Profile picture of Blocked Organization 1"[31m
                          [33mclass[31m=[32m"_image_5e1e60 _shapeCircle_5e1e60 _objectFitCover_5e1e60"[31m
                          [33mdecoding[31m=[32m"async"[31m
                          [33mloading[31m=[32m"lazy"[31m
                          [33msrc[31m=[32m"image.png"[31m
                        [36m/>[31m
                      [36m</div>[31m
                      [0mBlocked Organization 1[0m
                    [36m</button>[31m
                  [36m</td>[31m
                  [36m<td>[31m
                    [0mToronto[0m
                  [36m</td>[31m
                  [36m<td>[31m
                    [0m10-12-2025[0m
                  [36m</td>[31m
                  [36m<td>[31m
                    [36m<button[31m
                      [33mclass[31m=[32m"p-0 btn btn-link"[31m
                      [33mdata-testid[31m=[32m"creatorghi"[31m
                      [33mtype[31m=[32m"button"[31m
                    [36m>[31m
                      [36m<div[31m
                        [33mclass[31m=[32m"_container_5e1e60 _shapeCircle_5e1e60 _sizeLarge_5e1e60"[31m
                      [36m>[31m
                        [36m<div[31m
                          [33mclass[31m=...

(If this is intentional, then use the `*AllBy*` variant of the query (like `queryAllByText`, `getAllByText`, or `findAllByText`)).

Ignored nodes: comments, script, style
[36m<body[31m
  [33mclass[31m=[32m"modal-open"[31m
  [33mdata-rr-ui-modal-open[31m=[32m""[31m
  [33mstyle[31m=[32m"padding-right: 1024px;"[31m
[36m>[31m
  [36m<div>[31m
    [36m<tr>[31m
      [36m<th[31m
        [33mscope[31m=[32m"row"[31m
      [36m>[31m
        [0m1[0m
      [36m</th>[31m
      [36m<td>[31m
        [0mJohn Doe[0m
      [36m</td>[31m
      [36m<td>[31m
        [0mjohn@example.com[0m
      [36m</td>[31m
      [36m<td>[31m
        [36m<button[31m
          [33mclass[31m=[32m"btn _editButton_d8535b btn btn-primary"[31m
          [33mdata-testid[31m=[32m"showJoinedOrgsBtn123"[31m
          [33mtype[31m=[32m"button"[31m
        [36m>[31m
          [0mView[0m
          [0m ([0m
          [0m0[0m
          [0m)[0m
        [36m</button>[31m
      [36m</td>[31m
      [36m<td>[31m
        [36m<button[31m
          [33mclass[31m=[32m"btn _removeButton_d8535b btn btn-primary"[31m
          [33mdata-testid[31m=[32m"showBlockedOrgsBtn123"[31m
          [33mtype[31m=[32m"button"[31m
        [36m>[31m
          [0mView[0m
          [0m ([0m
          [0m2[0m
          [0m)[0m
        [36m</button>[31m
      [36m</td>[31m
    [36m</tr>[31m
  [36m</div>[31m
  [36m<div[31m
    [33mclass[31m=[32m"fade modal-backdrop"[31m
  [36m/>[31m
  [36m<div[31m
    [33maria-describedby[31m=[32m"_r_1l_"[31m
    [33maria-labelledby[31m=[32m"_r_1k_"[31m
    [33maria-modal[31m=[32m"true"[31m
    [33mclass[31m=[32m"fade modal"[31m
    [33mrole[31m=[32m"dialog"[31m
    [33mstyle[31m=[32m"display: block; padding-right: 0px;"[31m
    [33mtabindex[31m=[32m"-1"[31m
  [36m>[31m
    [36m<div[31m
      [33maria-modal[31m=[32m"true"[31m
      [33mclass[31m=[32m"modal-dialog modal-xl modal-dialog-centered"[31m
      [33mdata-testid[31m=[32m"modal-blocked-org-123"[31m
      [33mrole[31m=[32m"dialog"[31m
    [36m>[31m
      [36m<div[31m
        [33mclass[31m=[32m"modal-content"[31m
      [36m>[31m
        [36m<div[31m
          [33mclass[31m=[32m"_modalHeader_d8535b modal-header"[31m
        [36m>[31m
          [36m<div[31m
            [33mclass[31m=[32m"modal-title h4"[31m
            [33mid[31m=[32m"_r_1k_"[31m
          [36m>[31m
            [0mOrganizations That Blocked[0m
            [0m [0m
            [0mJohn Doe[0m
            [0m ([0m
            [0m2[0m
            [0m)[0m
          [36m</div>[31m
          [36m<button[31m
            [33maria-label[31m=[32m"common.close"[31m
            [33mclass[31m=[32m"_closeButton_c7c198 btn btn-danger"[31m
            [33mdata-testid[31m=[32m"modalCloseBtn"[31m
            [33mtype[31m=[32m"button"[31m
          [36m>[31m
            [36m<i[31m
              [33mclass[31m=[32m"fa fa-times"[31m
            [36m/>[31m
          [36m</button>[31m
        [36m</div>[31m
        [36m<div[31m
          [33mclass[31m=[32m"modal-body"[31m
          [33mid[31m=[32m"_r_1l_"[31m
        [36m>[31m
          [36m<div[31m
            [33mclass[31m=[32m"search-bar-container"[31m
          [36m>[31m
            [36m<div[31m
              [33mclass[31m=[32m"_searchBarContainer_d8535b _searchBarContainerWithButton_d8535b"[31m
            [36m>[31m
              [36m<div[31m
                [33mclass[31m=[32m"_searchBarInputWrapper_d8535b _searchBarInputWrapperWithButton_d8535b"[31m
              [36m>[31m
                [36m<input[31m
                  [33mautocomplete[31m=[32m"off"[31m
                  [33mclass[31m=[32m"_searchBarInput_d8535b _searchBarNoIcon_d8535b"[31m
                  [33mdata-testid[31m=[32m"searchByNameBlockedOrgs"[31m
                  [33mplaceholder[31m=[32m"Search By Organization Name"[31m
                  [33mtype[31m=[32m"search"[31m
                  [33mvalue[31m=[32m""[31m
                [36m/>[31m
              [36m</div>[31m
              [36m<button[31m
                [33maria-label[31m=[32m"Search"[31m
                [33mclass[31m=[32m"_searchBarButton_d8535b _searchBarIconButton_d8535b"[31m
                [33mdata-testid[31m=[32m"searchBtnBlockedOrgs"[31m
                [33mtype[31m=[32m"button"[31m
              [36m>[31m
                [36m<svg[31m
                  [33maria-hidden[31m=[32m"true"[31m
                  [33mclass[31m=[32m"MuiSvgIcon-root MuiSvgIcon-fontSizeSmall css-120dh41-MuiSvgIcon-root"[31m
                  [33mdata-testid[31m=[32m"SearchIcon"[31m
                  [33mfocusable[31m=[32m"false"[31m
                  [33mviewBox[31m=[32m"0 0 24 24"[31m
                [36m>[31m
                  [36m<path[31m
                    [33md[31m=[32m"M15.5 14h-.79l-.28-.27C15.41 12.59 16 11.11 16 9.5 16 5.91 13.09 3 9.5 3S3 5.91 3 9.5 5.91 16 9.5 16c1.61 0 3.09-.59 4.23-1.57l.27.28v.79l5 4.99L20.49 19zm-6 0C7.01 14 5 11.99 5 9.5S7.01 5 9.5 5 14 7.01 14 9.5 11.99 14 9.5 14"[31m
                  [36m/>[31m
                [36m</svg>[31m
                [36m<span[31m
                  [33mclass[31m=[32m"_searchBarSrOnly_d8535b"[31m
                [36m>[31m
                  [0mSearch[0m
                [36m</span>[31m
              [36m</button>[31m
            [36m</div>[31m
          [36m</div>[31m
          [36m<div[31m
            [33mclass[31m=[32m"row"[31m
          [36m>[31m
            [36m<div[31m
              [33mclass[31m=[32m"_dataTableWrapper_d8535b"[31m
            [36m>[31m
              [36m<div[31m
                [33mclass[31m=[32m"table-responsive"[31m
              [36m>[31m
                [36m<table[31m
                  [33mclass[31m=[32m"_dataTableBase_d8535b _modalTable_d8535b table table-striped table-hover"[31m
                  [33mdata-testid[31m=[32m"datatable"[31m
                [36m>[31m
                  [36m<thead>[31m
                    [36m<tr>[31m
                      [36m<th[31m
                        [33mscope[31m=[32m"col"[31m
                      [36m>[31m
                        [0mName[0m
                      [36m</th>[31m
                      [36m<th[31m
                        [33mscope[31m=[32m"col"[31m
                      [36m>[31m
                        [0mAddress[0m
                      [36m</th>[31m
                      [36m<th[31m
                        [33mscope[31m=[32m"col"[31m
                      [36m>[31m
                        [0mCreated On[0m
                      [36m</th>[31m
                      [36m<th[31m
                        [33mscope[31m=[32m"col"[31m
                      [36m>[31m
                        [0mCreated By[0m
                      [36m</th>[31m
                      [36m<th[31m
                        [33mscope[31m=[32m"col"[31m
                ...[39m
   [33m[2mΓ£ô[22m[39m Testing User Table Item[2m > [22mhandles errors in unblockUser mutation [33m 302[2mms[22m[39m
   [33m[2mΓ£ô[22m[39m Testing User Table Item[2m > [22mhandles errors in updateUserRole mutation [33m 371[2mms[22m[39m
   [32mΓ£ô[39m Testing User Table Item[2m > [22mShould handle no joined organizations[32m 146[2mms[22m[39m
   [32mΓ£ô[39m Testing User Table Item[2m > [22mShould handle no blocked organizations[32m 136[2mms[22m[39m
   [32mΓ£ô[39m Testing User Table Item[2m > [22mShould handle admin role in blocked organizations modal[32m 133[2mms[22m[39m
   [32mΓ£ô[39m Testing User Table Item[2m > [22mShould handle successful remove user with assertions[32m 202[2mms[22m[39m
   [32mΓ£ô[39m Testing User Table Item[2m > [22mShould handle admin user role in joined organizations modal (disabled select)[32m 290[2mms[22m[39m
   [32mΓ£ô[39m Testing User Table Item[2m > [22mShould handle cancel remove user and reopen joined organizations modal[32m 203[2mms[22m[39m
   [32mΓ£ô[39m Testing User Table Item[2m > [22mshould successfully unblock user and refetch data[32m 212[2mms[22m[39m
   [32mΓ£ô[39m Testing User Table Item[2m > [22mshould reset blocked orgs when search value is empty[32m 175[2mms[22m[39m
   [32mΓ£ô[39m Testing User Table Item[2m > [22mshould reopen blocked org modal when cancel unblock (Blocked path)[32m 192[2mms[22m[39m
   [32mΓ£ô[39m Testing User Table Item[2m > [22mShould handle cancel unblock user and reopen blocked organizations modal[32m 234[2mms[22m[39m
   [32mΓ£ô[39m Testing User Table Item[2m > [22mShould trigger onClear callback when clear button is clicked in SearchBar[32m 237[2mms[22m[39m
   [32mΓ£ô[39m Testing User Table Item[2m > [22mShould close unblock user modal when clicking onHide (Escape key)[32m 158[2mms[22m[39m
   [32mΓ£ô[39m Testing User Table Item[2m > [22mShould render Avatar fallback when org has no avatarURL in joined organizations[32m 161[2mms[22m[39m
   [32mΓ£ô[39m Testing User Table Item[2m > [22mShould render Avatar fallback when org has no avatarURL in blocked organizations[32m 169[2mms[22m[39m

[31mΓÄ»ΓÄ»ΓÄ»ΓÄ»ΓÄ»ΓÄ»ΓÄ»[39m[1m[41m Failed Tests 2 
[49m[22m[31mΓÄ»ΓÄ»ΓÄ»ΓÄ»ΓÄ»ΓÄ»ΓÄ»[39m

[41m[1m FAIL [22m[49m 
src/components/UsersTableItem/UsersTableItem.spec.tsx[2m > 
[22mTesting User Table Item[2m > [22mShould render props and 
text elements test for the Joined Organizations Modal properly
[31m[1mTestingLibraryElementError[22m[39m: Found multiple 
elements with the role "dialog"

Here are the matching elements:

Ignored nodes: comments, script, style
[36m<div[39m
  [33maria-describedby[39m=[32m"_r_9_"[39m
  [33maria-labelledby[39m=[32m"_r_8_"[39m
  [33maria-modal[39m=[32m"true"[39m
  [33mclass[39m=[32m"fade modal"[39m
  [33mrole[39m=[32m"dialog"[39m
  [33mstyle[39m=[32m"display: block; padding-right: 0px;"[39m
  [33mtabindex[39m=[32m"-1"[39m
[36m>[39m
  [36m<div[39m
    [33maria-modal[39m=[32m"true"[39m
    [33mclass[39m=[32m"modal-dialog modal-xl 
modal-dialog-centered"[39m
    [33mdata-testid[39m=[32m"modal-joined-org-123"[39m
    [33mrole[39m=[32m"dialog"[39m
  [36m>[39m
    [36m<div[39m
      [33mclass[39m=[32m"modal-content"[39m
    [36m>[39m
      [36m<div[39m
        [33mclass[39m=[32m"_modalHeader_d8535b 
modal-header"[39m
      [36m>[39m
        [36m<div[39m
          [33mclass[39m=[32m"modal-title h4"[39m
          [33mid[39m=[32m"_r_8_"[39m
        [36m>[39m
          [0mOrganizations Joined By[0m
          [0m [0m
          [0mJohn Doe[0m
          [0m ([0m
          [0m2[0m
          [0m)[0m
        [36m</div>[39m
        [36m<button[39m
          [33maria-label[39m=[32m"common.close"[39m
          [33mclass[39m=[32m"_closeButton_c7c198 btn 
btn-danger"[39m
          [33mdata-testid[39m=[32m"modalCloseBtn"[39m
          [33mtype[39m=[32m"button"[39m
        [36m>[39m
          [36m<i[39m
            [33mclass[39m=[32m"fa fa-times"[39m
          [36m/>[39m
        [36m</button>[39m
      [36m</div>[39m
      [36m<div[39m
        [33mclass[39m=[32m"modal-body"[39m
        [33mid[39m=[32m"_r_9_"[39m
      [36m>[39m
        [36m<div[39m
          [33mclass[39m=[32m"mb-4"[39m
        [36m>[39m
          [36m<div[39m
            [33mclass[39m=[32m"_searchBarContainer_d8535b 
_searchBarContainerWithButton_d8535b"[39m
          [36m>[39m
            [36m<div[39m
              [33mclass[39m=[32m"_searchBarInputWrapper_d8535b 
_searchBarInputWrapperWithButton_d8535b"[39m
            [36m>[39m
              [36m<input[39m
                [33mautocomplete[39m=[32m"off"[39m
                [33mclass[39m=[32m"_searchBarInput_d8535b 
_searchBarNoIcon_d8535b"[39m
                
[33mdata-testid[39m=[32m"searchByNameJoinedOrgs"[39m
                [33mplaceholder[39m=[32m"Search By 
Organization Name"[39m
                [33mtype[39m=[32m"search"[39m
                [33mvalue[39m=[32m""[39m
              [36m/>[39m
            [36m</div>[39m
            [36m<button[39m
              [33maria-label[39m=[32m"Search"[39m
              [33mclass[39m=[32m"_searchBarButton_d8535b 
_searchBarIconButton_d8535b"[39m
              
[33mdata-testid[39m=[32m"searchBtnJoinedOrgs"[39m
              [33mtype[39m=[32m"button"[39m
            [36m>[39m
              [36m<svg[39m
                [33maria-hidden[39m=[32m"true"[39m
                [33mclass[39m=[32m"MuiSvgIcon-root 
MuiSvgIcon-fontSizeSmall css-120dh41-MuiSvgIcon-root"[39m
                [33mdata-testid[39m=[32m"SearchIcon"[39m
                [33mfocusable[39m=[32m"false"[39m
                [33mviewBox[39m=[32m"0 0 24 24"[39m
              [36m>[39m
                [36m<path[39m
                  [33md[39m=[32m"M15.5 14h-.79l-.28-.27C15.41 
12.59 16 11.11 16 9.5 16 5.91 13.09 3 9.5 3S3 5.91 3 9.5 5.91 16 
9.5 16c1.61 0 3.09-.59 4.23-1.57l.27.28v.79l5 4.99L20.49 19zm-6 
0C7.01 14 5 11.99 5 9.5S7.01 5 9.5 5 14 7.01 14 9.5 11.99 14 9.5 
14"[39m
                [36m/>[39m
              [36m</svg>[39m
              [36m<span[39m
                
[33mclass[39m=[32m"_searchBarSrOnly_d8535b"[39m
              [36m>[39m
                [0mSearch[0m
              [36m</span>[39m
            [36m</button>[39m
          [36m</div>[39m
        [36m</div>[39m
        [36m<div[39m
          [33mclass[39m=[32m"row"[39m
        [36m>[39m
          [36m<div[39m
            [33mclass[39m=[32m"_dataTableWrapper_d8535b"[39m
          [36m>[39m
            [36m<div[39m
              [33mclass[39m=[32m"table-responsive"[39m
            [36m>[39m
              [36m<table[39m
                [33mclass[39m=[32m"_dataTableBase_d8535b 
_modalTable_d8535b table table-striped table-hover"[39m
                [33mdata-testid[39m=[32m"datatable"[39m
              [36m>[39m
                [36m<thead>[39m
                  [36m<tr>[39m
                    [36m<th[39m
                      [33mscope[39m=[32m"col"[39m
                    [36m>[39m
                      [0mName[0m
                    [36m</th>[39m
                    [36m<th[39m
                      [33mscope[39m=[32m"col"[39m
                    [36m>[39m
                      [0mAddress[0m
                    [36m</th>[39m
                    [36m<th[39m
                      [33mscope[39m=[32m"col"[39m
                    [36m>[39m
                      [0mCreated On[0m
                    [36m</th>[39m
                    [36m<th[39m
                      [33mscope[39m=[32m"col"[39m
                    [36m>[39m
                      [0mCreated By[0m
                    [36m</th>[39m
                    [36m<th[39m
                      [33mscope[39m=[32m"col"[39m
                    [36m>[39m
                      [0mUser's Role[0m
                    [36m</th>[39m
                    [36m<th[39m
                      [33mscope[39m=[32m"col"[39m
                    [36m>[39m
                      [0mChange Role[0m
                    [36m</th>[39m
                    [36m<th[39m
                      [33mscope[39m=[32m"col"[39m
                    [36m>[39m
                      [0mAction[0m
                    [36m</th>[39m
                  [36m</tr>[39m
                [36m</thead>[39m
                [36m<tbody>[39m
                  [36m<tr>[39m
                    [36m<td>[39m
                      [36m<button[39m
                        [33mclass[39m=[32m"p-0 btn 
btn-link"[39m
                        [33mtype[39m=[32m"button"[39m
                      [36m>[39m
                        [36m<div[39m
                          [33mclass[39m=[32m"_container_5e1e60 
_shapeCircle_5e1e60 _sizeLarge_5e1e60"[39m
                        [36m>[39m
                          [36m<img[39m
                            [33malt[39m=[32m"Profile picture 
of Joined Organization 1"[39m
                            [33mclass[39m=[32m"_image_5e1e60 
_shapeCircle_5e1e60 _objectFitCover_5e1e60"[39m
                            [33mdecoding[39m=[32m"async"[39m
                            [33mloading[39m=[32m"lazy"[39m
                            [33msrc[39m=[32m"image.png"[39m
                          [36m/>[39m
                        [36m</div>[39m
                        [0mJoined Organization 1[0m
                      [36m</button>[39m
                    [36m</td>[39m
                    [36m<td>[39m
                      [0mKingston[0m
                    [36m</td>[39m
                    [36m<td>[39m
                      [0m10-10-2025[0m
                    [36m</td>[39m
                    [36m<td>[39m
                      [36m<button[39m
                        [33mclass[39m=[32m"p-0 btn 
btn-link"[39m
                        
[33mdata-testid[39m=[32m"creatorabc"[39m
                        [33mtype[39m=[32m"button"[39m
                      [36m>[39m
                        [36m<div[39m
                          [33mclass[39m=[32m"_container_5e1e60 
_shapeCircle_5e1e60 _sizeLarge_5e1e60"[39m
                        [36m>[39m
                          [36m<img[39m
                            [33malt[39m=[32m"Profile picture 
of John Doe"[39m
                            [33mclass[39m=[32m"_image_5e1e60 
_shapeCircle_5e1e60 _objectFitCover_5e1e60"[39m
                            [33mdecoding[39m=[32m"async"[39m
                            [33mloading[39m=[32m"lazy"[39m
                            [33msrc[39m=[32m"image.png"[39m
                          [36m/>[39m
                        [36m</div>[39m
                        [0mJohn Doe[0m
                      [36m</button>[39m
                    [36m</td>[39m
                    [36m<td>[39m
                      [0m [0m
                      [0mUSER[0m
                      [0m [0m
                    [36m</td>[39m
                    [36m<td>[39m
                      [36m<select[39m
                        [33mclass[39m=[32m"form-select 
form-select-sm"[39m
                        
[33mdata-testid[39m=[32m"changeRoleInOrgabc"[39m
                      [36m>[39m
                        [36m<option[39m
                          [33mselected[39m=[32m""[39m
                          [33mvalue[39m=[32m"USER?abc"[39m
                        [36m>[39m
                          [0mUSER[0m
                        [36m</option>[39m
                        [36m<option[39m
                          [33mvalue[39m=[32m"ADMIN?abc"[39m
                        [36m>[39m
                          [0mADMIN[0m
                        [36m</option>[39m
                      [36m</select>[39m
                    [36m</td>[39m
                    [36m<td>[39m
                      [36m<button[39m
                        [33mclass[39m=[32m"btn btn-danger 
_removeButton_d8535b btn btn-primary btn-sm"[39m
                        
[33mdata-testid[39m=[32m"removeUserFromOrgBtnabc"[39m
                        [33mtype[39m=[32m"button"[39m
                      [36m>[39m
                        [0mRemove User[0m
                      [36m</button>[39m
                    [36m</td>[39m
                  [36m</tr>[39m
                  [36m<tr>[39m
                    [36m<td>[39m
                      [36m<button[39m
                        [33mclass[39m=[32m"p-0 btn 
btn-link"[39m
                        [33mtype[39m=[32m"button"[39m
                      [36m>[39m
                        [36m<div[39m
                          [33mclass[39m=[32m"_container_5e1e60 
_shapeCircle_5e1e60 _sizeLarge_5e1e60"[39m
                        [36m>[39m
                          [36m<img[39m
                            [33malt[39m=[32m"Profile picture 
of Joined Organization 2"[39m
                            [33mclass[39m=[32m"_image_5e1e60 
_shapeCircle_5e1e60 _objectFitCover_5e1e60"[39m
                            [33mdecoding[39m=[32m"async"[39m
                            [33mloading[39m=[32m"lazy"[39m
                            [33msrc[39m=[32m"image.png"[39m
                          [36m/>[39m
                        [36m</div>[39m
                        [0mJoined Organization 2[0m
                      [36m</button>[39m
                    [36m</td>[39m
                    [36m<td>[39m
                      [0mKingston[0m
                    [36m</td>[39m
                    [36m<td>[39m
                      [0m10-11-2025[0m
                    [36m</td>[39m
                    [36m<td>[39m
                      [36m<button[39m
                        [33mclass[39m=[32m"p-0 btn 
btn-link"[39m
                        
[33mdata-testid[39m=[32m"creatordef"[39m
                        [33mtype[39m=[32m"button"[39m
                      [36m>[39m
                        [36m<div[39m
                          [33mclass[39m=[32m"_container_5e1e60 
_shapeCircle_5e1e60 _sizeLarge_5e1e60"[39m
                        [36m>[39m
                          [36m<img[39m
                            [33malt[39m=[32m"Profile picture 
of John Doe"[39m
                            [33mclass[39m=[32m"_image_5e1e60 
_shapeCircle_5e1e60 _objectFitCover_5e1e60"[39m
                            [33mdecoding[39m=[32m"async"[39m
                            [33mloading[39m=[32m"lazy"[39m
                            [33msrc[39m=[32m"image.png"[39m
                          [36m/>[39m
                        [36m</div>[39m
                        [0mJohn Doe[0m
                      [36m</button>[39m
                    [36m</td>[39m
                    [36m<td>[39m
                      [0m [0m
                      [0mUSER[0m
                      [0m [0m
                    [36m</td>[39m
                    [36m<td>[39m
                      [36m<select[39m
                        [33mclass[39m=[32m"form-select 
form-select-sm"[39m
                        
[33mdata-testid[39m=[32m"changeRoleInOrgdef"[39m
                      [36m>[39m
                        [36m<option[39m
                          [33mselected[39m=[32m""[39m
                          [33mvalue[39m=[32m"USER?def"[39m
                        [36m>[39m
                          [0mUSER[0m
                        [36m</option>[39m
                        [36m<option[39m
                          [33mvalue[39m=[32m"ADMIN?def"[39m
                        [36m>[39m
                          [0mADMIN[0m
                        [36m</option>[39m
                      [36m</select>[39m
                    [36m</td>[39m
                    [36m<td>[39m
                      [36m<button[39m
                        [33mclass[39m=[32m"btn btn-danger 
_removeButton_d8535b btn btn-primary btn-sm"[39m
                        
[33mdata-testid[39m=[32m"removeUserFromOrgBtndef"[39m
                        [33mtype[39m=[32m"button"[39m
                      [36m>[39m
                        [0mRemove User[0m
                      [36m</button>[39m
                    [36m</td>[39m
                  [36m</tr>[39m
                [36m</tbody>[39m
              [36m</table>[39m
            [36m</div>[39m
          [36m</div>[39m
        [36m</div>[39m
      [36m</div>[39m
      [36m<div[39m
        [33mclass[39m=[32m"modal-footer"[39m
        [33mdata-testid[39m=[32m"modal-footer"[39m
      [36m>[39m
        [36m<button[39m
          [33mclass[39m=[32m"btn btn-secondary"[39m
          [33mdata-testid[39m=[32m"closeJoinedOrgsBtn123"[39m
          [33mtype[39m=[32m"button"[39m
        [36m>[39m
          [0mClose[0m
        [36m</button>[39m
      [36m</div>[39m
    [36m</div>[39m
  [36m</div>[39m
[36m</div>[39m

Ignored nodes: comments, script, style
[36m<div[39m
  [33maria-modal[39m=[32m"true"[39m
  [33mclass[39m=[32m"modal-dialog modal-xl 
modal-dialog-centered"[39m
  [33mdata-testid[39m=[32m"modal-joined-org-123"[39m
  [33mrole[39m=[32m"dialog"[39m
[36m>[39m
  [36m<div[39m
    [33mclass[39m=[32m"modal-content"[39m
  [36m>[39m
    [36m<div[39m
      [33mclass[39m=[32m"_modalHeader_d8535b modal-header"[39m
    [36m>[39m
      [36m<div[39m
        [33mclass[39m=[32m"modal-title h4"[39m
        [33mid[39m=[32m"_r_8_"[39m
      [36m>[39m
        [0mOrganizations Joined By[0m
        [0m [0m
        [0mJohn Doe[0m
        [0m ([0m
        [0m2[0m
        [0m)[0m
      [36m</div>[39m
      [36m<button[39m
        [33maria-label[39m=[32m"common.close"[39m
        [33mclass[39m=[32m"_closeButton_c7c198 btn 
btn-danger"[39m
        [33mdata-testid[39m=[32m"modalCloseBtn"[39m
        [33mtype[39m=[32m"button"[39m
      [36m>[39m
        [36m<i[39m
          [33mclass[39m=[32m"fa fa-times"[39m
        [36m/>[39m
      [36m</button>[39m
    [36m</div>[39m
    [36m<div[39m
      [33mclass[39m=[32m"modal-body"[39m
      [33mid[39m=[32m"_r_9_"[39m
    [36m>[39m
      [36m<div[39m
        [33mclass[39m=[32m"mb-4"[39m
      [36m>[39m
        [36m<div[39m
          [33mclass[39m=[32m"_searchBarContainer_d8535b 
_searchBarContainerWithButton_d8535b"[39m
        [36m>[39m
          [36m<div[39m
            [33mclass[39m=[32m"_searchBarInputWrapper_d8535b 
_searchBarInputWrapperWithButton_d8535b"[39m
          [36m>[39m
            [36m<input[39m
              [33mautocomplete[39m=[32m"off"[39m
              [33mclass[39m=[32m"_searchBarInput_d8535b 
_searchBarNoIcon_d8535b"[39m
              
[33mdata-testid[39m=[32m"searchByNameJoinedOrgs"[39m
              [33mplaceholder[39m=[32m"Search By Organization 
Name"[39m
              [33mtype[39m=[32m"search"[39m
              [33mvalue[39m=[32m""[39m
            [36m/>[39m
          [36m</div>[39m
          [36m<button[39m
            [33maria-label[39m=[32m"Search"[39m
            [33mclass[39m=[32m"_searchBarButton_d8535b 
_searchBarIconButton_d8535b"[39m
            [33mdata-testid[39m=[32m"searchBtnJoinedOrgs"[39m
            [33mtype[39m=[32m"button"[39m
          [36m>[39m
            [36m<svg[39m
              [33maria-hidden[39m=[32m"true"[39m
              [33mclass[39m=[32m"MuiSvgIcon-root 
MuiSvgIcon-fontSizeSmall css-120dh41-MuiSvgIcon-root"[39m
              [33mdata-testid[39m=[32m"SearchIcon"[39m
              [33mfocusable[39m=[32m"false"[39m
              [33mviewBox[39m=[32m"0 0 24 24"[39m
            [36m>[39m
              [36m<path[39m
                [33md[39m=[32m"M15.5 14h-.79l-.28-.27C15.41 
12.59 16 11.11 16 9.5 16 5.91 13.09 3 9.5 3S3 5.91 3 9.5 5.91 16 
9.5 16c1.61 0 3.09-.59 4.23-1.57l.27.28v.79l5 4.99L20.49 19zm-6 
0C7.01 14 5 11.99 5 9.5S7.01 5 9.5 5 14 7.01 14 9.5 11.99 14 9.5 
14"[39m
              [36m/>[39m
            [36m</svg>[39m
            [36m<span[39m
              [33mclass[39m=[32m"_searchBarSrOnly_d8535b"[39m
            [36m>[39m
              [0mSearch[0m
            [36m</span>[39m
          [36m</button>[39m
        [36m</div>[39m
      [36m</div>[39m
      [36m<div[39m
        [33mclass[39m=[32m"row"[39m
      [36m>[39m
        [36m<div[39m
          [33mclass[39m=[32m"_dataTableWrapper_d8535b"[39m
        [36m>[39m
          [36m<div[39m
            [33mclass[39m=[32m"table-responsive"[39m
          [36m>[39m
            [36m<table[39m
              [33mclass[39m=[32m"_dataTableBase_d8535b 
_modalTable_d8535b table table-striped table-hover"[39m
              [33mdata-testid[39m=[32m"datatable"[39m
            [36m>[39m
              [36m<thead>[39m
                [36m<tr>[39m
                  [36m<th[39m
                    [33mscope[39m=[32m"col"[39m
                  [36m>[39m
                    [0mName[0m
                  [36m</th>[39m
                  [36m<th[39m
                    [33mscope[39m=[32m"col"[39m
                  [36m>[39m
                    [0mAddress[0m
                  [36m</th>[39m
                  [36m<th[39m
                    [33mscope[39m=[32m"col"[39m
                  [36m>[39m
                    [0mCreated On[0m
                  [36m</th>[39m
                  [36m<th[39m
                    [33mscope[39m=[32m"col"[39m
                  [36m>[39m
                    [0mCreated By[0m
                  [36m</th>[39m
                  [36m<th[39m
                    [33mscope[39m=[32m"col"[39m
                  [36m>[39m
                    [0mUser's Role[0m
                  [36m</th>[39m
                  [36m<th[39m
                    [33mscope[39m=[32m"col"[39m
                  [36m>[39m
                    [0mChange Role[0m
                  [36m</th>[39m
                  [36m<th[39m
                    [33mscope[39m=[32m"col"[39m
                  [36m>[39m
                    [0mAction[0m
                  [36m</th>[39m
                [36m</tr>[39m
              [36m</thead>[39m
              [36m<tbody>[39m
                [36m<tr>[39m
                  [36m<td>[39m
                    [36m<button[39m
                      [33mclass[39m=[32m"p-0 btn btn-link"[39m
                      [33mtype[39m=[32m"button"[39m
                    [36m>[39m
                      [36m<div[39m
                        [33mclass[39m=[32m"_container_5e1e60 
_shapeCircle_5e1e60 _sizeLarge_5e1e60"[39m
                      [36m>[39m
                        [36m<img[39m
                          [33malt[39m=[32m"Profile picture of 
Joined Organization 1"[39m
                          [33mclass[39m=[32m"_image_5e1e60 
_shapeCircle_5e1e60 _objectFitCover_5e1e60"[39m
                          [33mdecoding[39m=[32m"async"[39m
                          [33mloading[39m=[32m"lazy"[39m
                          [33msrc[39m=[32m"image.png"[39m
                        [36m/>[39m
                      [36m</div>[39m
                      [0mJoined Organization 1[0m
                    [36m</button>[39m
                  [36m</td>[39m
                  [36m<td>[39m
                    [0mKingston[0m
                  [36m</td>[39m
                  [36m<td>[39m
                    [0m10-10-2025[0m
                  [36m</td>[39m
                  [36m<td>[39m
                    [36m<button[39m
                      [33mclass[39m=[32m"p-0 btn btn-link"[39m
                      [33mdata-testid[39m=[32m"creatorabc"[39m
                      [33mtype[39m=[32m"button"[39m
                    [36m>[39m
                      [36m<div[39m
                        [33mclass[39m=[32m"_container_5e1e60 
_shapeCircle_5e1e60 _sizeLarge_5e1e60"[39m
                      [36m>[39m
                        [36m<img[39m
                          [33malt[39m=[32m"Profile picture of 
John Doe"[39m
                          [33mclass[39m=[32m"_image_5e1e60 
_shapeCircle_5e1e60 _objectFitCover_5e1e60"[39m
                          [33mdecoding[39m=[32m"async"[39m
                          [33mloading[39m=[32m"lazy"[39m
                          [33msrc[39m=[32m"image.png"[39m
                        [36m/>[39m
                      [36m</div>[39m
                      [0mJohn Doe[0m
                    [36m</button>[39m
                  [36m</td>[39m
                  [36m<td>[39m
                    [0m [0m
                    [0mUSER[0m
                    [0m [0m
                  [36m</td>[39m
                  [36m<td>[39m
                    [36m<select[39m
                      [33mclass[39m=[32m"form-select 
form-select-sm"[39m
                      
[33mdata-testid[39m=[32m"changeRoleInOrgabc"[39m
                    [36m>[39m
                      [36m<option[39m
                        [33mselected[39m=[32m""[39m
                        [33mvalue[39m=[32m"USER?abc"[39m
                      [36m>[39m
                        [0mUSER[0m
                      [36m</option>[39m
                      [36m<option[39m
                        [33mvalue[39m=[32m"ADMIN?abc"[39m
                      [36m>[39m
                        [0mADMIN[0m
                      [36m</option>[39m
                    [36m</select>[39m
                  [36m</td>[39m
                  [36m<td>[39m
                    [36m<button[39m
                      [33mclass[39m=[32m"btn btn-danger 
_removeButton_d8535b btn btn-primary btn-sm"[39m
                      
[33mdata-testid[39m=[32m"removeUserFromOrgBtnabc"[39m
                      [33mtype[39m=[32m"button"[39m
                    [36m>[39m
                      [0mRemove User[0m
                    [36m</button>[39m
                  [36m</td>[39m
                [36m</tr>[39m
                [36m<tr>[39m
                  [36m<td>[39m
                    [36m<button[39m
                      [33mclass[39m=[32m"p-0 btn btn-link"[39m
                      [33mtype[39m=[32m"button"[39m
                    [36m>[39m
                      [36m<div[39m
                        [33mclass[39m=[32m"_container_5e1e60 
_shapeCircle_5e1e60 _sizeLarge_5e1e60"[39m
                      [36m>[39m
                        [36m<img[39m
                          [33malt[39m=[32m"Profile picture of 
Joined Organization 2"[39m
                          [33mclass[39m=[32m"_image_5e1e60 
_shapeCircle_5e1e60 _objectFitCover_5e1e60"[39m
                          [33mdecoding[39m=[32m"async"[39m
                          [33mloading[39m=[32m"lazy"[39m
                          [33msrc[39m=[32m"image.png"[39m
                        [36m/>[39m
                      [36m</div>[39m
                      [0mJoined Organization 2[0m
                    [36m</button>[39m
                  [36m</td>[39m
                  [36m<td>[39m
                    [0mKingston[0m
                  [36m</td>[39m
                  [36m<td>[39m
                    [0m10-11-2025[0m
                  [36m</td>[39m
                  [36m<td>[39m
                    [36m<button[39m
                      [33mclass[39m=[32m"p-0 btn btn-link"[39m
                      [33mdata-testid[39m=[32m"creatordef"[39m
                      [33mtype[39m=[32m"button"[39m
                    [36m>[39m
                      [36m<div[39m
                        [33mclass[39m=[32m"_container_5e1e60 
_shapeCircle_5e1e60 _sizeLarge_5e1e60"[39m
                      [36m>[39m
                        [36m<img[39m
                          [33malt[39m=[32m"Profile picture of 
John Doe"[39m
                          [33mclass[39m=[32m"_image_5e1e60 
_shapeCircle_5e1e60 _objectFitCover_5e1e60"[39m
                          [33mdecoding[39m=[32m"async"[39m
                          [33mloading[39m=[32m"lazy"[39m
                          [33msrc[39m=[32m"image.png"[39m
                        [36m/>[39m
                      [36m</div>[39m
                      [0mJohn Doe[0m
                    [36m</button>[39m
                  [36m</td>[39m
                  [36m<td>[39m
                    [0m [0m
                    [0mUSER[0m
                    [0m [0m
                  [36m</td>[39m
                  [36m<td>[39m
                    [36m<select[39m
                      [33mclass[39m=[32m"form-select 
form-select-sm"[39m
                      
[33mdata-testid[39m=[32m"changeRoleInOrgdef"[39m
                    [36m>[39m
                      [36m<option[39m
                        [33mselected[39m=[32m""[39m
                        [33mvalue[39m=[32m"USER?def"[39m
                      [36m>[39m
                        [0mUSER[0m
                      [36m</option>[39m
                      [36m<option[39m
                        [33mvalue[39m=[32m"ADMIN?def"[39m
                      [36m>[39m
                        [0mADMIN[0m
                      [36m</option>[39m
                    [36m</select>[39m
                  [36m</td>[39m
                  [36m<td>[39m
                    [36m<button[39m
                      [33mclass[39m=[32m"btn btn-danger 
_removeButton_d8535b btn btn-primary btn-sm"[39m
                      
[33mdata-testid[39m=[32m"removeUserFromOrgBtndef"[39m
                      [33mtype[39m=[32m"button"[39m
                    [36m>[39m
                      [0mRemove User[0m
                    [36m</button>[39m
                  [36m</td>[39m
                [36m</tr>[39m
              [36m</tbody>[39m
            [36m</table>[39m
          [36m</div>[39m
        [36m</div>[39m
      [36m</div>[39m
    [36m</div>[39m
    [36m<div[39m
      [33mclass[39m=[32m"modal-footer"[39m
      [33mdata-testid[39m=[32m"modal-footer"[39m
    [36m>[39m
      [36m<button[39m
        [33mclass[39m=[32m"btn btn-secondary"[39m
        [33mdata-testid[39m=[32m"closeJoinedOrgsBtn123"[39m
        [33mtype[39m=[32m"button"[39m
      [36m>[39m
        [0mClose[0m
      [36m</button>[39m
    [36m</div>[39m
  [36m</div>[39m
[36m</div>[39m

(If this is intentional, then use the `*AllBy*` variant of the 
query (like `queryAllByText`, `getAllByText`, or 
`findAllByText`)).

Ignored nodes: comments, script, style
[36m<body[39m
  [33mclass[39m=[32m"modal-open"[39m
  [33mdata-rr-ui-modal-open[39m=[32m""[39m
  [33mstyle[39m=[32m"padding-right: 1024px;"[39m
[36m>[39m
  [36m<div>[39m
    [36m<tr>[39m
      [36m<th[39m
        [33mscope[39m=[32m"row"[39m
      [36m>[39m
        [0m1[0m
      [36m</th>[39m
      [36m<td>[39m
        [0mJohn Doe[0m
      [36m</td>[39m
      [36m<td>[39m
        [0mjohn@example.com[0m
      [36m</td>[39m
      [36m<td>[39m
        [36m<button[39m
          [33mclass[39m=[32m"btn _editButton_d8535b btn 
btn-primary"[39m
          [33mdata-testid[39m=[32m"showJoinedOrgsBtn123"[39m
          [33mtype[39m=[32m"button"[39m
        [36m>[39m
          [0mView[0m
          [0m ([0m
          [0m2[0m
          [0m)[0m
        [36m</button>[39m
      [36m</td>[39m
      [36m<td>[39m
        [36m<button[39m
          [33mclass[39m=[32m"btn _removeButton_d8535b btn 
btn-primary"[39m
          [33mdata-testid[39m=[32m"showBlockedOrgsBtn123"[39m
          [33mtype[39m=[32m"button"[39m
        [36m>[39m
          [0mView[0m
          [0m ([0m
          [0m0[0m
          [0m)[0m
        [36m</button>[39m
      [36m</td>[39m
    [36m</tr>[39m
  [36m</div>[39m
  [36m<div[39m
    [33mclass[39m=[32m"fade modal-backdrop"[39m
  [36m/>[39m
  [36m<div[39m
    [33maria-describedby[39m=[32m"_r_9_"[39m
    [33maria-labelledby[39m=[32m"_r_8_"[39m
    [33maria-modal[39m=[32m"true"[39m
    [33mclass[39m=[32m"fade modal"[39m
    [33mrole[39m=[32m"dialog"[39m
    [33mstyle[39m=[32m"display: block; padding-right: 
0px;"[39m
    [33mtabindex[39m=[32m"-1"[39m
  [36m>[39m
    [36m<div[39m
      [33maria-modal[39m=[32m"true"[39m
      [33mclass[39m=[32m"modal-dialog modal-xl 
modal-dialog-centered"[39m
      [33mdata-testid[39m=[32m"modal-joined-org-123"[39m
      [33mrole[39m=[32m"dialog"[39m
    [36m>[39m
      [36m<div[39m
        [33mclass[39m=[32m"modal-content"[39m
      [36m>[39m
        [36m<div[39m
          [33mclass[39m=[32m"_modalHeader_d8535b 
modal-header"[39m
        [36m>[39m
          [36m<div[39m
            [33mclass[39m=[32m"modal-title h4"[39m
            [33mid[39m=[32m"_r_8_"[39m
          [36m>[39m
            [0mOrganizations Joined By[0m
            [0m [0m
            [0mJohn Doe[0m
            [0m ([0m
            [0m2[0m
            [0m)[0m
          [36m</div>[39m
          [36m<button[39m
            [33maria-label[39m=[32m"common.close"[39m
            [33mclass[39m=[32m"_closeButton_c7c198 btn 
btn-danger"[39m
            [33mdata-testid[39m=[32m"modalCloseBtn"[39m
            [33mtype[39m=[32m"button"[39m
          [36m>[39m
            [36m<i[39m
              [33mclass[39m=[32m"fa fa-times"[39m
            [36m/>[39m
          [36m</button>[39m
        [36m</div>[39m
        [36m<div[39m
          [33mclass[39m=[32m"modal-body"[39m
          [33mid[39m=[32m"_r_9_"[39m
        [36m>[39m
          [36m<div[39m
            [33mclass[39m=[32m"mb-4"[39m
          [36m>[39m
            [36m<div[39m
              [33mclass[39m=[32m"_searchBarContainer_d8535b 
_searchBarContainerWithButton_d8535b"[39m
            [36m>[39m
              [36m<div[39m
                
[33mclass[39m=[32m"_searchBarInputWrapper_d8535b 
_searchBarInputWrapperWithButton_d8535b"[39m
              [36m>[39m
                [36m<input[39m
                  [33mautocomplete[39m=[32m"off"[39m
                  [33mclass[39m=[32m"_searchBarInput_d8535b 
_searchBarNoIcon_d8535b"[39m
                  
[33mdata-testid[39m=[32m"searchByNameJoinedOrgs"[39m
                  [33mplaceholder[39m=[32m"Search By 
Organization Name"[39m
                  [33mtype[39m=[32m"search"[39m
                  [33mvalue[39m=[32m""[39m
                [36m/>[39m
              [36m</div>[39m
              [36m<button[39m
                [33maria-label[39m=[32m"Search"[39m
                [33mclass[39m=[32m"_searchBarButton_d8535b 
_searchBarIconButton_d8535b"[39m
                
[33mdata-testid[39m=[32m"searchBtnJoinedOrgs"[39m
                [33mtype[39m=[32m"button"[39m
              [36m>[39m
                [36m<svg[39m
                  [33maria-hidden[39m=[32m"true"[39m
                  [33mclass[39m=[32m"MuiSvgIcon-root 
MuiSvgIcon-fontSizeSmall css-120dh41-MuiSvgIcon-root"[39m
                  [33mdata-testid[39m=[32m"SearchIcon"[39m
                  [33mfocusable[39m=[32m"false"[39m
                  [33mviewBox[39m=[32m"0 0 24 24"[39m
                [36m>[39m
                  [36m<path[39m
                    [33md[39m=[32m"M15.5 
14h-.79l-.28-.27C15.41 12.59 16 11.11 16 9.5 16 5.91 13.09 3 9.5 
3S3 5.91 3 9.5 5.91 16 9.5 16c1.61 0 3.09-.59 
4.23-1.57l.27.28v.79l5 4.99L20.49 19zm-6 0C7.01 14 5 11.99 5 
9.5S7.01 5 9.5 5 14 7.01 14 9.5 11.99 14 9.5 14"[39m
                  [36m/>[39m
                [36m</svg>[39m
                [36m<span[39m
                  
[33mclass[39m=[32m"_searchBarSrOnly_d8535b"[39m
                [36m>[39m
                  [0mSearch[0m
                [36m</span>[39m
              [36m</button>[39m
            [36m</div>[39m
          [36m</div>[39m
          [36m<div[39m
            [33mclass[39m=[32m"row"[39m
          [36m>[39m
            [36m<div[39m
              [33mclass[39m=[32m"_dataTableWrapper_d8535b"[39m
            [36m>[39m
              [36m<div[39m
                [33mclass[39m=[32m"table-responsive"[39m
              [36m>[39m
                [36m<table[39m
                  [33mclass[39m=[32m"_dataTableBase_d8535b 
_modalTable_d8535b table table-striped table-hover"[39m
                  [33mdata-testid[39m=[32m"datatable"[39m
                [36m>[39m
                  [36m<thead>[39m
                    [36m<tr>[39m
                      [36m<th[39m
                        [33mscope[39m=[32m"col"[39m
                      [36m>[39m
                        [0mName[0m
                      [36m</th>[39m
                      [36m<th[39m
                        [33mscope[39m=[32m"col"[39m
                      [36m>[39m
                        [0mAddress[0m
                      [36m</th>[39m
                      [36m<th[39m
                        [33mscope[39m=[32m"col"[39m
                      [36m>[39m
                        [0mCreated On[0m
                      [36m</th>[39m
                      [36m<th[39m
                        [33mscope[39m=[32m"col"[39m
                      [36m>[39m
                        [0mCreated By[0m
                      [36m</th>[39m
                      [36m<th[39m
                        [33mscope[39m=[32m"col"[39m
                      [36m>[39m
                        [0mUser's Role[0m
                      [36m</th>[39m
                      [36m<th[39m
                        [33mscope[39m=[32m"col"[39m
                      [36m>[39m
                        [0mChange Role[0m
                      [36m</th>[39m
                      [36m<th[39m
                        [33mscope[39m=[32m"col"[39m
                      [36m>[39m
                        [0mAction[0m
                      [36m</th>[39m
                    [36m</tr>[39m
                  [36m</thead>[39m
                  [36m<tbody>[39m
                    [36m<tr>[39m
                      [36m<td>[39m
                        [36m<button[39m
                          [33mclass[39m=[32m"p-0 btn 
btn-link"[39m
                          [33mtype[39m=[32m"button"[39m
                        [36m>[39m
                          [36m<div[39m
                            
[33mclass[39m=[32m"_container_5e1e60 _shapeCircle_5e1e60 
_sizeLarge_5e1e60"[39m
                          [36m>[39m
                            [36m<img[39m
                              [33malt[39m=[32m"Profile picture 
of Joined Organization 1"[39m
                              [33mclass[39m=[32m"_image_5e1e60 
_shapeCircle_5e1e60 _objectFitCover_5e1e60"[39m
                              [33mdecoding[39m=[32m"async"[39m
                              [33mloading[39m=[32m"lazy"[39m
                              [33msrc[39m=[32m"image.png"[39m
                            [36m/>[39m
                          [36m</div>[39m
                          [0mJoined Organization 1[0m
                        [36m</button>[39m
                      [36m</td>[39m
                      [36m<td>[39m
                        [0mKingston[0m
                      [36m</td>[39m
                      [36m<td>[39m
                        [0m10-10-2025[0m
                      [36m</td>[39m
                      [36m<td>[39m
                        [36m<button[39m
                          [33mclass[39m=[32m"p-0 btn 
btn-link"[39m
                          
[33mdata-testid[39m=[32m"creatorabc"[39m
                          [33mtype[39m=[32m"button"[39m
                        [36m>[39m
                          [36m<div[39m
                            
[33mclass[39m=[32m"_container_5e1e60 _shapeCircle_5e1e60 
_sizeLarge_5e1e60"[39m
                          [36m>[39m
                            [36m<img[39m
                              [33malt[39m=[32m"Profile picture 
of John Doe"[39m
                              [33mclass[39m=[32m"_image_5e1e60 
_shapeCircle_5e1e60 _objectFitCover_5e1e60"[39m
                              [33mdecoding[39m=[32m"async"[39m
                              [33mloading[39m=[32m"lazy"[39m
                              [33msrc[39m=[32m"image.png"[39m
                            [36m/>[39m
                          [36m</div>[39m
                          [0mJohn Doe[0m
                        [36m</button>[39m
                      [36m</td>[39m
                      [36m<td>[39m
                        [0m [0m
                        [0mUSER[0m
                        [0m [0m
                      [36m</td>[39m
                      [36m<td>[39m
                        [36m<select[39m
                          [33mclass[39m=[32m"form-select 
form-select-sm"[39m
                          
[33mdata-testid[39m=[32m"changeRoleInOrgabc"[39m
                        [36m>[39m
                          [36m<option[39m
                            [33mselected[39m=[32m""[39m
                            [33mvalue[39m=[32m"USER?abc"[39m
                          [36m>[39m
                            [0mUSER[0m
                          [36m</option>[39m
                          [36m<option[39m
                            [33mvalue[39m=[32m"ADMIN?abc"[39m
                          [36m>[39m
                            [0mADMIN[0m
                          [36m</option>[39m
                        [36m</select>[39m
                      [36m</td>[39m
                      [36m<td>[39m
                        [36m<button[39m
                          [33mclass[39m=[32m"btn btn-danger 
_removeButton_d8535b btn btn-primary btn-sm"[39m
                          
[33mdata-testid[39m=[32m"removeUserFromOrgBtnabc"[39m
                          [33mtype[39m=[32m"button"[39m
                        [36m>[39m
                          [0mRemove User[0m
                        [36m</button>[39m
                      [36m</td>[39m
                    [36m</tr>[39m
                    [36m<tr>[39m
                      [36m<td>[39m
                        [36m<button[39m
                          [33mclass[39m=[32m"p-0 btn 
btn-link"[39m
                          [33mtype[39m=[32m"button"[39m
                        [36m>[39m
                          [36m<div[39m
                            
[33mclass[39m=[32m"_container_5e1e60 _shapeCircle_5e1e60 
_sizeLarge_5e1e60"[39m
                          [36m>[39m
                            [36m<img[39m
                              [33malt[39m=[32m"Profile picture 
of Joined Organization 2"[39m
                              [33mclass[39m=[32m"_image_5e1e60 
_shapeCircle_5e1e60 _objectFitCover_5e1e60"[39m
                              [33mdecoding[39m=[32m"async"[39m
                              [33mloading[39m=[32m"lazy"[39m
                              [33msrc[39m=[32m"image.png"[39m
                            [36m/>[39m
                          [36m</div>[39m
                          [0mJoined Organization 2[0m
                        [36m</button>[39m
                      [36m</td>[39m
                      [36m<td>[39m
                        [0mKingston[0m
                      [36m</td>[39m
                      [36m<td>[39m
                        [0m10-11-2025[0m
                      [36m</td>[39m
                      [36m<td>[39m
                        [36m<button[39m
                          [33mclass[39m=[32m"p-0 btn 
btn-link"[39m
                          
[33mdata-testid[39m=[32m"creatordef"[39m
                          [33mtype[39m=[32m"button"[39m
                        [36m>[39m
                          [36m<div[39m
                            
[33mclass[39m=[32m"_container_5e1e60 _shapeCircle_5e1e60 
_sizeLarge_5e1e60"[39m
                          [36m>[39m
                            [36m<img[39m
                              [33malt[39m=[32m"Profile picture 
of John Doe"[39m
                              [33mclass[39m=[32m"_image_5e1e60 
_shapeCircle_5e1e60 _objectFitCover_5e1e60"[39m
                              [33mdecoding[39m=[32m"async"[39m
                              [33mloading[39m=[32m"lazy"[39m
                              [33msrc[39m=[32m"image.png"[39m
                            [36m/>[39m
                          [36m</div>[39m
                          [0mJohn Doe[0m
                        [36m</button>[39m
                      [36m</td>[39m
                      [36m<td>[39m
                        [0m [0m
                        [0mUSER[0m
                        [0m [0m
                      [36m</td>[39m
                      [36m<td>[39m
                        [36m<select[39m
                          [33mclass[39m=[32m"form-select 
form-select-sm"[39m
                          
[33mdata-testid[39m=[32m"changeRoleInOrgdef"[39m
                        [36m>[39m
                          [36m<option[39m
                            [33mselected[39m=[32m""[39m
                            [33mvalue[39m=[32m"USER?def"[39m
                          [36m>[39m
                            [0mUSER[0m
                          [36m</option>[39m
                          [36m<option[39m
                            [33mvalue[39m=[32m"ADMIN?def"[39m
                          [36m>[39m
                            [0mADMIN[0m
                          [36m</option>[39m
                        [36m</select>[39m
                      [36m</td>[39m
                      [36m<td>[39m
                        [36m<button[39m
                          [33mclass[39m=[32m"btn btn-danger 
_removeButton_d8535b btn btn-primary btn-sm"[39m
                          
[33mdata-testid[39m=[32m"removeUserFromOrgBtndef"[39m
                          [33mtype[39m=[32m"button"[39m
                        [36m>[39m
                          [0mRemove User[0m
                        [36m</button>[39m
                      [36m</td>[39m
                    [36m</tr>[39m
                  [36m</tbody>[39m
                [36m</table>[39m
              [36m</div>[39m
            [36m</div>[39m
          [36m</div>[39m
        [36m</div>[39m
        [36m<div[39m
          [33mclass[39m=[32m"modal-footer"[39m
          [33mdata-testid[39m=[32m"modal-footer"[39m
        [36m>[39m
          [36m<button[39m
            [33mclass[39m=[32m"btn btn-secondary"[39m
            
[33mdata-testid[39m=[32m"closeJoinedOrgsBtn123"[39m
            [33mtype[39m=[32m"button"[39m
          [36m>[39m
            [0mClose[0m
          [36m</button>[39m
        [36m</div>[39m
      [36m</div>[39m
    [36m</div>[39m
  [36m</div>[39m
[36m</body>[39m
[90m [2mΓ¥»[22m Object.getElementError node_modules/.pnpm/@test
ing-library+dom@10.4.1/node_modules/@testing-library/dom/dist/conf
ig.js:[2m37:19[22m[39m
[90m [2mΓ¥»[22m getElementError node_modules/.pnpm/@testing-lib
rary+dom@10.4.1/node_modules/@testing-library/dom/dist/query-helpe
rs.js:[2m20:35[22m[39m
[90m [2mΓ¥»[22m getMultipleElementsFoundError node_modules/.pnp
m/@testing-library+dom@10.4.1/node_modules/@testing-library/dom/di
st/query-helpers.js:[2m23:10[22m[39m
[90m [2mΓ¥»[22m node_modules/.pnpm/@testing-library+dom@10.4.1/
node_modules/@testing-library/dom/dist/query-helpers.js:[2m55:13
[22m[39m
[90m [2mΓ¥»[22m node_modules/.pnpm/@testing-library+dom@10.4.1/
node_modules/@testing-library/dom/dist/query-helpers.js:[2m95:19
[22m[39m
[36m [2mΓ¥»[22m src/components/UsersTableItem/UsersTableItem.sp
ec.tsx:[2m256:14[22m[39m
    [90m254| [39m    })[33m;[39m
    [90m255| [39m    [34mexpect[39m(
    [90m256| [39m      screen[33m.[39m[34mqueryByRole[39m([
32m'dialog'[39m)[33m?.[39mclassName[33m.[39m[34mincludes[39
m([32m'show'[39m)[33m,[39m
    [90m   | [39m             [31m^[39m
    [90m257| [39m    
)[33m.[39m[34mtoBeFalsy[39m()[33m;[39m
    [90m258| [39m    
fireEvent[33m.[39m[34mclick[39m(showJoinedOrgsBtn)[33m;[39m

[31m[2mΓÄ»ΓÄ»ΓÄ»ΓÄ»ΓÄ»ΓÄ»ΓÄ»ΓÄ»ΓÄ»ΓÄ»ΓÄ»ΓÄ»ΓÄ»ΓÄ»ΓÄ»ΓÄ»ΓÄ»ΓÄ»ΓÄ»
ΓÄ»ΓÄ»ΓÄ»ΓÄ»ΓÄ»[1/2]ΓÄ»[22m[39m

[41m[1m FAIL [22m[49m 
src/components/UsersTableItem/UsersTableItem.spec.tsx[2m > 
[22mTesting User Table Item[2m > [22mShould render Blocked 
Organizations Modal properly
[31m[1mTestingLibraryElementError[22m[39m: Found multiple 
elements with the role "dialog"

Here are the matching elements:

Ignored nodes: comments, script, style
[36m<div[39m
  [33maria-describedby[39m=[32m"_r_1l_"[39m
  [33maria-labelledby[39m=[32m"_r_1k_"[39m
  [33maria-modal[39m=[32m"true"[39m
  [33mclass[39m=[32m"fade modal"[39m
  [33mrole[39m=[32m"dialog"[39m
  [33mstyle[39m=[32m"display: block; padding-right: 0px;"[39m
  [33mtabindex[39m=[32m"-1"[39m
[36m>[39m
  [36m<div[39m
    [33maria-modal[39m=[32m"true"[39m
    [33mclass[39m=[32m"modal-dialog modal-xl 
modal-dialog-centered"[39m
    [33mdata-testid[39m=[32m"modal-blocked-org-123"[39m
    [33mrole[39m=[32m"dialog"[39m
  [36m>[39m
    [36m<div[39m
      [33mclass[39m=[32m"modal-content"[39m
    [36m>[39m
      [36m<div[39m
        [33mclass[39m=[32m"_modalHeader_d8535b 
modal-header"[39m
      [36m>[39m
        [36m<div[39m
          [33mclass[39m=[32m"modal-title h4"[39m
          [33mid[39m=[32m"_r_1k_"[39m
        [36m>[39m
          [0mOrganizations That Blocked[0m
          [0m [0m
          [0mJohn Doe[0m
          [0m ([0m
          [0m2[0m
          [0m)[0m
        [36m</div>[39m
        [36m<button[39m
          [33maria-label[39m=[32m"common.close"[39m
          [33mclass[39m=[32m"_closeButton_c7c198 btn 
btn-danger"[39m
          [33mdata-testid[39m=[32m"modalCloseBtn"[39m
          [33mtype[39m=[32m"button"[39m
        [36m>[39m
          [36m<i[39m
            [33mclass[39m=[32m"fa fa-times"[39m
          [36m/>[39m
        [36m</button>[39m
      [36m</div>[39m
      [36m<div[39m
        [33mclass[39m=[32m"modal-body"[39m
        [33mid[39m=[32m"_r_1l_"[39m
      [36m>[39m
        [36m<div[39m
          [33mclass[39m=[32m"search-bar-container"[39m
        [36m>[39m
          [36m<div[39m
            [33mclass[39m=[32m"_searchBarContainer_d8535b 
_searchBarContainerWithButton_d8535b"[39m
          [36m>[39m
            [36m<div[39m
              [33mclass[39m=[32m"_searchBarInputWrapper_d8535b 
_searchBarInputWrapperWithButton_d8535b"[39m
            [36m>[39m
              [36m<input[39m
                [33mautocomplete[39m=[32m"off"[39m
                [33mclass[39m=[32m"_searchBarInput_d8535b 
_searchBarNoIcon_d8535b"[39m
                
[33mdata-testid[39m=[32m"searchByNameBlockedOrgs"[39m
                [33mplaceholder[39m=[32m"Search By 
Organization Name"[39m
                [33mtype[39m=[32m"search"[39m
                [33mvalue[39m=[32m""[39m
              [36m/>[39m
            [36m</div>[39m
            [36m<button[39m
              [33maria-label[39m=[32m"Search"[39m
              [33mclass[39m=[32m"_searchBarButton_d8535b 
_searchBarIconButton_d8535b"[39m
              
[33mdata-testid[39m=[32m"searchBtnBlockedOrgs"[39m
              [33mtype[39m=[32m"button"[39m
            [36m>[39m
              [36m<svg[39m
                [33maria-hidden[39m=[32m"true"[39m
                [33mclass[39m=[32m"MuiSvgIcon-root 
MuiSvgIcon-fontSizeSmall css-120dh41-MuiSvgIcon-root"[39m
                [33mdata-testid[39m=[32m"SearchIcon"[39m
                [33mfocusable[39m=[32m"false"[39m
                [33mviewBox[39m=[32m"0 0 24 24"[39m
              [36m>[39m
                [36m<path[39m
                  [33md[39m=[32m"M15.5 14h-.79l-.28-.27C15.41 
12.59 16 11.11 16 9.5 16 5.91 13.09 3 9.5 3S3 5.91 3 9.5 5.91 16 
9.5 16c1.61 0 3.09-.59 4.23-1.57l.27.28v.79l5 4.99L20.49 19zm-6 
0C7.01 14 5 11.99 5 9.5S7.01 5 9.5 5 14 7.01 14 9.5 11.99 14 9.5 
14"[39m
                [36m/>[39m
              [36m</svg>[39m
              [36m<span[39m
                
[33mclass[39m=[32m"_searchBarSrOnly_d8535b"[39m
              [36m>[39m
                [0mSearch[0m
              [36m</span>[39m
            [36m</button>[39m
          [36m</div>[39m
        [36m</div>[39m
        [36m<div[39m
          [33mclass[39m=[32m"row"[39m
        [36m>[39m
          [36m<div[39m
            [33mclass[39m=[32m"_dataTableWrapper_d8535b"[39m
          [36m>[39m
            [36m<div[39m
              [33mclass[39m=[32m"table-responsive"[39m
            [36m>[39m
              [36m<table[39m
                [33mclass[39m=[32m"_dataTableBase_d8535b 
_modalTable_d8535b table table-striped table-hover"[39m
                [33mdata-testid[39m=[32m"datatable"[39m
              [36m>[39m
                [36m<thead>[39m
                  [36m<tr>[39m
                    [36m<th[39m
                      [33mscope[39m=[32m"col"[39m
                    [36m>[39m
                      [0mName[0m
                    [36m</th>[39m
                    [36m<th[39m
                      [33mscope[39m=[32m"col"[39m
                    [36m>[39m
                      [0mAddress[0m
                    [36m</th>[39m
                    [36m<th[39m
                      [33mscope[39m=[32m"col"[39m
                    [36m>[39m
                      [0mCreated On[0m
                    [36m</th>[39m
                    [36m<th[39m
                      [33mscope[39m=[32m"col"[39m
                    [36m>[39m
                      [0mCreated By[0m
                    [36m</th>[39m
                    [36m<th[39m
                      [33mscope[39m=[32m"col"[39m
                    [36m>[39m
                      [0mUser's Role[0m
                    [36m</th>[39m
                    [36m<th[39m
                      [33mscope[39m=[32m"col"[39m
                    [36m>[39m
                      [0mAction[0m
                    [36m</th>[39m
                  [36m</tr>[39m
                [36m</thead>[39m
                [36m<tbody>[39m
                  [36m<tr>[39m
                    [36m<td>[39m
                      [36m<button[39m
                        [33mclass[39m=[32m"p-0 btn 
btn-link"[39m
                        [33mtype[39m=[32m"button"[39m
                      [36m>[39m
                        [36m<div[39m
                          [33mclass[39m=[32m"_container_5e1e60 
_shapeCircle_5e1e60 _sizeLarge_5e1e60"[39m
                        [36m>[39m
                          [36m<img[39m
                            [33malt[39m=[32m"Profile picture 
of Blocked Organization 1"[39m
                            [33mclass[39m=[32m"_image_5e1e60 
_shapeCircle_5e1e60 _objectFitCover_5e1e60"[39m
                            [33mdecoding[39m=[32m"async"[39m
                            [33mloading[39m=[32m"lazy"[39m
                            [33msrc[39m=[32m"image.png"[39m
                          [36m/>[39m
                        [36m</div>[39m
                        [0mBlocked Organization 1[0m
                      [36m</button>[39m
                    [36m</td>[39m
                    [36m<td>[39m
                      [0mToronto[0m
                    [36m</td>[39m
              ...

Ignored nodes: comments, script, style
[36m<div[39m
  [33maria-modal[39m=[32m"true"[39m
  [33mclass[39m=[32m"modal-dialog modal-xl 
modal-dialog-centered"[39m
  [33mdata-testid[39m=[32m"modal-blocked-org-123"[39m
  [33mrole[39m=[32m"dialog"[39m
[36m>[39m
  [36m<div[39m
    [33mclass[39m=[32m"modal-content"[39m
  [36m>[39m
    [36m<div[39m
      [33mclass[39m=[32m"_modalHeader_d8535b modal-header"[39m
    [36m>[39m
      [36m<div[39m
        [33mclass[39m=[32m"modal-title h4"[39m
        [33mid[39m=[32m"_r_1k_"[39m
      [36m>[39m
        [0mOrganizations That Blocked[0m
        [0m [0m
        [0mJohn Doe[0m
        [0m ([0m
        [0m2[0m
        [0m)[0m
      [36m</div>[39m
      [36m<button[39m
        [33maria-label[39m=[32m"common.close"[39m
        [33mclass[39m=[32m"_closeButton_c7c198 btn 
btn-danger"[39m
        [33mdata-testid[39m=[32m"modalCloseBtn"[39m
        [33mtype[39m=[32m"button"[39m
      [36m>[39m
        [36m<i[39m
          [33mclass[39m=[32m"fa fa-times"[39m
        [36m/>[39m
      [36m</button>[39m
    [36m</div>[39m
    [36m<div[39m
      [33mclass[39m=[32m"modal-body"[39m
      [33mid[39m=[32m"_r_1l_"[39m
    [36m>[39m
      [36m<div[39m
        [33mclass[39m=[32m"search-bar-container"[39m
      [36m>[39m
        [36m<div[39m
          [33mclass[39m=[32m"_searchBarContainer_d8535b 
_searchBarContainerWithButton_d8535b"[39m
        [36m>[39m
          [36m<div[39m
            [33mclass[39m=[32m"_searchBarInputWrapper_d8535b 
_searchBarInputWrapperWithButton_d8535b"[39m
          [36m>[39m
            [36m<input[39m
              [33mautocomplete[39m=[32m"off"[39m
              [33mclass[39m=[32m"_searchBarInput_d8535b 
_searchBarNoIcon_d8535b"[39m
              
[33mdata-testid[39m=[32m"searchByNameBlockedOrgs"[39m
              [33mplaceholder[39m=[32m"Search By Organization 
Name"[39m
              [33mtype[39m=[32m"search"[39m
              [33mvalue[39m=[32m""[39m
            [36m/>[39m
          [36m</div>[39m
          [36m<button[39m
            [33maria-label[39m=[32m"Search"[39m
            [33mclass[39m=[32m"_searchBarButton_d8535b 
_searchBarIconButton_d8535b"[39m
            [33mdata-testid[39m=[32m"searchBtnBlockedOrgs"[39m
            [33mtype[39m=[32m"button"[39m
          [36m>[39m
            [36m<svg[39m
              [33maria-hidden[39m=[32m"true"[39m
              [33mclass[39m=[32m"MuiSvgIcon-root 
MuiSvgIcon-fontSizeSmall css-120dh41-MuiSvgIcon-root"[39m
              [33mdata-testid[39m=[32m"SearchIcon"[39m
              [33mfocusable[39m=[32m"false"[39m
              [33mviewBox[39m=[32m"0 0 24 24"[39m
            [36m>[39m
              [36m<path[39m
                [33md[39m=[32m"M15.5 14h-.79l-.28-.27C15.41 
12.59 16 11.11 16 9.5 16 5.91 13.09 3 9.5 3S3 5.91 3 9.5 5.91 16 
9.5 16c1.61 0 3.09-.59 4.23-1.57l.27.28v.79l5 4.99L20.49 19zm-6 
0C7.01 14 5 11.99 5 9.5S7.01 5 9.5 5 14 7.01 14 9.5 11.99 14 9.5 
14"[39m
              [36m/>[39m
            [36m</svg>[39m
            [36m<span[39m
              [33mclass[39m=[32m"_searchBarSrOnly_d8535b"[39m
            [36m>[39m
              [0mSearch[0m
            [36m</span>[39m
          [36m</button>[39m
        [36m</div>[39m
      [36m</div>[39m
      [36m<div[39m
        [33mclass[39m=[32m"row"[39m
      [36m>[39m
        [36m<div[39m
          [33mclass[39m=[32m"_dataTableWrapper_d8535b"[39m
        [36m>[39m
          [36m<div[39m
            [33mclass[39m=[32m"table-responsive"[39m
          [36m>[39m
            [36m<table[39m
              [33mclass[39m=[32m"_dataTableBase_d8535b 
_modalTable_d8535b table table-striped table-hover"[39m
              [33mdata-testid[39m=[32m"datatable"[39m
            [36m>[39m
              [36m<thead>[39m
                [36m<tr>[39m
                  [36m<th[39m
                    [33mscope[39m=[32m"col"[39m
                  [36m>[39m
                    [0mName[0m
                  [36m</th>[39m
                  [36m<th[39m
                    [33mscope[39m=[32m"col"[39m
                  [36m>[39m
                    [0mAddress[0m
                  [36m</th>[39m
                  [36m<th[39m
                    [33mscope[39m=[32m"col"[39m
                  [36m>[39m
                    [0mCreated On[0m
                  [36m</th>[39m
                  [36m<th[39m
                    [33mscope[39m=[32m"col"[39m
                  [36m>[39m
                    [0mCreated By[0m
                  [36m</th>[39m
                  [36m<th[39m
                    [33mscope[39m=[32m"col"[39m
                  [36m>[39m
                    [0mUser's Role[0m
                  [36m</th>[39m
                  [36m<th[39m
                    [33mscope[39m=[32m"col"[39m
                  [36m>[39m
                    [0mAction[0m
                  [36m</th>[39m
                [36m</tr>[39m
              [36m</thead>[39m
              [36m<tbody>[39m
                [36m<tr>[39m
                  [36m<td>[39m
                    [36m<button[39m
                      [33mclass[39m=[32m"p-0 btn btn-link"[39m
                      [33mtype[39m=[32m"button"[39m
                    [36m>[39m
                      [36m<div[39m
                        [33mclass[39m=[32m"_container_5e1e60 
_shapeCircle_5e1e60 _sizeLarge_5e1e60"[39m
                      [36m>[39m
                        [36m<img[39m
                          [33malt[39m=[32m"Profile picture of 
Blocked Organization 1"[39m
                          [33mclass[39m=[32m"_image_5e1e60 
_shapeCircle_5e1e60 _objectFitCover_5e1e60"[39m
                          [33mdecoding[39m=[32m"async"[39m
                          [33mloading[39m=[32m"lazy"[39m
                          [33msrc[39m=[32m"image.png"[39m
                        [36m/>[39m
                      [36m</div>[39m
                      [0mBlocked Organization 1[0m
                    [36m</button>[39m
                  [36m</td>[39m
                  [36m<td>[39m
                    [0mToronto[0m
                  [36m</td>[39m
                  [36m<td>[39m
                    [0m10-12-2025[0m
                  [36m</td>[39m
                  [36m<td>[39m
                    [36m<button[39m
                      [33mclass[39m=[32m"p-0 btn btn-link"[39m
                      [33mdata-testid[39m=[32m"creatorghi"[39m
                      [33mtype[39m=[32m"button"[39m
                    [36m>[39m
                      [36m<div[39m
                        [33mclass[39m=[32m"_container_5e1e60 
_shapeCircle_5e1e60 _sizeLarge_5e1e60"[39m
                      [36m>[39m
                        [36m<div[39m
                          [33mclass[39m=...

(If this is intentional, then use the `*AllBy*` variant of the 
query (like `queryAllByText`, `getAllByText`, or 
`findAllByText`)).

Ignored nodes: comments, script, style
[36m<body[39m
  [33mclass[39m=[32m"modal-open"[39m
  [33mdata-rr-ui-modal-open[39m=[32m""[39m
  [33mstyle[39m=[32m"padding-right: 1024px;"[39m
[36m>[39m
  [36m<div>[39m
    [36m<tr>[39m
      [36m<th[39m
        [33mscope[39m=[32m"row"[39m
      [36m>[39m
        [0m1[0m
      [36m</th>[39m
      [36m<td>[39m
        [0mJohn Doe[0m
      [36m</td>[39m
      [36m<td>[39m
        [0mjohn@example.com[0m
      [36m</td>[39m
      [36m<td>[39m
        [36m<button[39m
          [33mclass[39m=[32m"btn _editButton_d8535b btn 
btn-primary"[39m
          [33mdata-testid[39m=[32m"showJoinedOrgsBtn123"[39m
          [33mtype[39m=[32m"button"[39m
        [36m>[39m
          [0mView[0m
          [0m ([0m
          [0m0[0m
          [0m)[0m
        [36m</button>[39m
      [36m</td>[39m
      [36m<td>[39m
        [36m<button[39m
          [33mclass[39m=[32m"btn _removeButton_d8535b btn 
btn-primary"[39m
          [33mdata-testid[39m=[32m"showBlockedOrgsBtn123"[39m
          [33mtype[39m=[32m"button"[39m
        [36m>[39m
          [0mView[0m
          [0m ([0m
          [0m2[0m
          [0m)[0m
        [36m</button>[39m
      [36m</td>[39m
    [36m</tr>[39m
  [36m</div>[39m
  [36m<div[39m
    [33mclass[39m=[32m"fade modal-backdrop"[39m
  [36m/>[39m
  [36m<div[39m
    [33maria-describedby[39m=[32m"_r_1l_"[39m
    [33maria-labelledby[39m=[32m"_r_1k_"[39m
    [33maria-modal[39m=[32m"true"[39m
    [33mclass[39m=[32m"fade modal"[39m
    [33mrole[39m=[32m"dialog"[39m
    [33mstyle[39m=[32m"display: block; padding-right: 
0px;"[39m
    [33mtabindex[39m=[32m"-1"[39m
  [36m>[39m
    [36m<div[39m
      [33maria-modal[39m=[32m"true"[39m
      [33mclass[39m=[32m"modal-dialog modal-xl 
modal-dialog-centered"[39m
      [33mdata-testid[39m=[32m"modal-blocked-org-123"[39m
      [33mrole[39m=[32m"dialog"[39m
    [36m>[39m
      [36m<div[39m
        [33mclass[39m=[32m"modal-content"[39m
      [36m>[39m
        [36m<div[39m
          [33mclass[39m=[32m"_modalHeader_d8535b 
modal-header"[39m
        [36m>[39m
          [36m<div[39m
            [33mclass[39m=[32m"modal-title h4"[39m
            [33mid[39m=[32m"_r_1k_"[39m
          [36m>[39m
            [0mOrganizations That Blocked[0m
            [0m [0m
            [0mJohn Doe[0m
            [0m ([0m
            [0m2[0m
            [0m)[0m
          [36m</div>[39m
          [36m<button[39m
            [33maria-label[39m=[32m"common.close"[39m
            [33mclass[39m=[32m"_closeButton_c7c198 btn 
btn-danger"[39m

[2m Test Files [22m [1m[31m1 failed[39m[22m[90m (1)[39m
[2m      Tests [22m [1m[31m2 failed[39m[22m[2m | [22m[1m[32m21 passed[39m[22m[90m (23)[39m
[2m   Start at [22m 08:01:32
[2m   Duration [22m 19.79s[2m (transform 742ms, setup 330ms, collect 1.97s, tests 5.46s, environment 519ms, prepare 120ms)[22m

            [33mdata-testid[39m=[32m"modalCloseBtn"[39m
            [33mtype[39m=[32m"button"[39m
          [36m>[39m
            [36m<i[39m
              [33mclass[39m=[32m"fa fa-times"[39m
            [36m/>[39m
          [36m</button>[39m
        [36m</div>[39m
        [36m<div[39m
          [33mclass[39m=[32m"modal-body"[39m
          [33mid[39m=[32m"_r_1l_"[39m
        [36m>[39m
          [36m<div[39m
            [33mclass[39m=[32m"search-bar-container"[39m
          [36m>[39m
            [36m<div[39m
              [33mclass[39m=[32m"_searchBarContainer_d8535b 
_searchBarContainerWithButton_d8535b"[39m
            [36m>[39m
              [36m<div[39m
                
[33mclass[39m=[32m"_searchBarInputWrapper_d8535b 
_searchBarInputWrapperWithButton_d8535b"[39m
              [36m>[39m
                [36m<input[39m
                  [33mautocomplete[39m=[32m"off"[39m
                  [33mclass[39m=[32m"_searchBarInput_d8535b 
_searchBarNoIcon_d8535b"[39m
                  
[33mdata-testid[39m=[32m"searchByNameBlockedOrgs"[39m
                  [33mplaceholder[39m=[32m"Search By 
Organization Name"[39m
                  [33mtype[39m=[32m"search"[39m
                  [33mvalue[39m=[32m""[39m
                [36m/>[39m
              [36m</div>[39m
              [36m<button[39m
                [33maria-label[39m=[32m"Search"[39m
                [33mclass[39m=[32m"_searchBarButton_d8535b 
_searchBarIconButton_d8535b"[39m
                
[33mdata-testid[39m=[32m"searchBtnBlockedOrgs"[39m
                [33mtype[39m=[32m"button"[39m
              [36m>[39m
                [36m<svg[39m
                  [33maria-hidden[39m=[32m"true"[39m
                  [33mclass[39m=[32m"MuiSvgIcon-root 
MuiSvgIcon-fontSizeSmall css-120dh41-MuiSvgIcon-root"[39m
                  [33mdata-testid[39m=[32m"SearchIcon"[39m
                  [33mfocusable[39m=[32m"false"[39m
                  [33mviewBox[39m=[32m"0 0 24 24"[39m
                [36m>[39m
                  [36m<path[39m
                    [33md[39m=[32m"M15.5 
14h-.79l-.28-.27C15.41 12.59 16 11.11 16 9.5 16 5.91 13.09 3 9.5 
3S3 5.91 3 9.5 5.91 16 9.5 16c1.61 0 3.09-.59 
4.23-1.57l.27.28v.79l5 4.99L20.49 19zm-6 0C7.01 14 5 11.99 5 
9.5S7.01 5 9.5 5 14 7.01 14 9.5 11.99 14 9.5 14"[39m
                  [36m/>[39m
                [36m</svg>[39m
                [36m<span[39m
                  
[33mclass[39m=[32m"_searchBarSrOnly_d8535b"[39m
                [36m>[39m
                  [0mSearch[0m
                [36m</span>[39m
              [36m</button>[39m
            [36m</div>[39m
          [36m</div>[39m
          [36m<div[39m
            [33mclass[39m=[32m"row"[39m
          [36m>[39m
            [36m<div[39m
              [33mclass[39m=[32m"_dataTableWrapper_d8535b"[39m
            [36m>[39m
              [36m<div[39m
                [33mclass[39m=[32m"table-responsive"[39m
              [36m>[39m
                [36m<table[39m
                  [33mclass[39m=[32m"_dataTableBase_d8535b 
_modalTable_d8535b table table-striped table-hover"[39m
                  [33mdata-testid[39m=[32m"datatable"[39m
                [36m>[39m
                  [36m<thead>[39m
                    [36m<tr>[39m
                      [36m<th[39m
                        [33mscope[39m=[32m"col"[39m
                      [36m>[39m
                        [0mName[0m
                      [36m</th>[39m
                      [36m<th[39m
                        [33mscope[39m=[32m"col"[39m
                      [36m>[39m
                        [0mAddress[0m
                      [36m</th>[39m
                      [36m<th[39m
                        [33mscope[39m=[32m"col"[39m
                      [36m>[39m
                        [0mCreated On[0m
                      [36m</th>[39m
                      [36m<th[39m
                        [33mscope[39m=[32m"col"[39m
                      [36m>[39m
                        [0mCreated By[0m
                      [36m</th>[39m
                      [36m<th[39m
                        [33mscope[39m=[32m"col"[39m
                ...
[90m [2mΓ¥»[22m Object.getElementError node_modules/.pnpm/@test
ing-library+dom@10.4.1/node_modules/@testing-library/dom/dist/conf
ig.js:[2m37:19[22m[39m
[90m [2mΓ¥»[22m getElementError node_modules/.pnpm/@testing-lib
rary+dom@10.4.1/node_modules/@testing-library/dom/dist/query-helpe
rs.js:[2m20:35[22m[39m
[90m [2mΓ¥»[22m getMultipleElementsFoundError node_modules/.pnp
m/@testing-library+dom@10.4.1/node_modules/@testing-library/dom/di
st/query-helpers.js:[2m23:10[22m[39m
[90m [2mΓ¥»[22m node_modules/.pnpm/@testing-library+dom@10.4.1/
node_modules/@testing-library/dom/dist/query-helpers.js:[2m55:13
[22m[39m
[90m [2mΓ¥»[22m node_modules/.pnpm/@testing-library+dom@10.4.1/
node_modules/@testing-library/dom/dist/query-helpers.js:[2m95:19
[22m[39m
[36m [2mΓ¥»[22m src/components/UsersTableItem/UsersTableItem.sp
ec.tsx:[2m785:14[22m[39m
    [90m783| [39m    })[33m;[39m
    [90m784| [39m    [34mexpect[39m(
    [90m785| [39m      screen[33m.[39m[34mqueryByRole[39m([
32m'dialog'[39m)[33m?.[39mclassName[33m.[39m[34mincludes[39
m([32m'show'[39m)[33m,[39m
    [90m   | [39m             [31m^[39m
    [90m786| [39m    
)[33m.[39m[34mtoBeFalsy[39m()[33m;[39m
    [90m787| [39m    
fireEvent[33m.[39m[34mclick[39m(showBlockedOrgsBtn)[33m;[39m

[31m[2mΓÄ»ΓÄ»ΓÄ»ΓÄ»ΓÄ»ΓÄ»ΓÄ»ΓÄ»ΓÄ»ΓÄ»ΓÄ»ΓÄ»ΓÄ»ΓÄ»ΓÄ»ΓÄ»ΓÄ»ΓÄ»ΓÄ»
ΓÄ»ΓÄ»ΓÄ»ΓÄ»ΓÄ»[2/2]ΓÄ»[22m[39m

